02:32:31.043 === MOD CONFIG BEGIN ===
02:32:31.043   DEBUG: False
02:32:31.044   MRB Rollup Values: 40000.00, 60000.00, 90000.00, 130000.00, 180000.00, 240000.00
02:32:31.044   Rollup Blacklists: 
02:32:31.044   Rollup Blacklist Tags: LootMagnetBlacklist
02:32:31.044   Compensation Max Rollup Quantity: 8
02:32:31.044 FACTION REPUTATION VALUES
02:32:31.044   Reputation:LOATHED ComponentRollup:0 MechRollup:0 HoldbackTrigger:72%
02:32:31.044   Reputation:HATED ComponentRollup:0 MechRollup:0 HoldbackTrigger:48%
02:32:31.044   Reputation:DISLIKED ComponentRollup:0 MechRollup:0 HoldbackTrigger:32%
02:32:31.044   Reputation:INDIFFERENT ComponentRollup:1 MechRollup:0 HoldbackTrigger:16%
02:32:31.044   Reputation:LIKED ComponentRollup:5 MechRollup:0 HoldbackTrigger:8%
02:32:31.044   Reputation:FRIENDLY ComponentRollup:9 MechRollup:20 HoldbackTrigger:4%
02:32:31.044   Reputation:HONORED ComponentRollup:13 MechRollup:30 HoldbackTrigger:2%
02:32:31.044   Reputation:ALLIED ComponentRollup:21 MechRollup:180 HoldbackTrigger:1%
02:32:31.044 HOLDBACK - enabled? True
02:32:31.044   Holdback Picks: 2 to 6
02:32:31.044   Rep Range: 2 to 6
02:32:31.044   Dispute Picks: 1 to 6
02:32:31.044   Dispute SuccessBase:50 MRBSuccessFactor:10 SuccessRandomBound:0.2 MRBFeeFactor:-0.1
02:32:31.044 === MOD CONFIG END ===
02:32:31.044 INFO: No errors reading settings file.
02:32:31.044 INFO: Registering custom components!
