06:02:20.801 === MOD CONFIG BEGIN ===
06:02:20.801   DEBUG: False Trace: False
06:02:20.801 
06:02:20.801 --- FEATURES ---
06:02:20.801   EnableMovementModifiers: True
06:02:20.801 
06:02:20.801 --- MOVEMENT ---
06:02:20.801   MinimumMove: 40  MinimumJump: 0
06:02:20.801 
06:02:20.801 --- DIALOGUE OPTIONS ---
06:02:20.801   CallsignPath: BattleTech_Data/StreamingAssets/data/nameLists/name_callsign.txt
06:02:20.801   Portraits: sprites/Portraits/guiTxrPort_DEST_utr.png,sprites/Portraits/guiTxrPort_GenericMW_01_utr.png,sprites/Portraits/guiTxrPort_GenericMW_02_utr.png,sprites/Portraits/guiTxrPort_GenericMW_03_utr.png,sprites/Portraits/guiTxrPort_GenericMW_04_utr.png,sprites/Portraits/guiTxrPort_GenericMW_05_utr.png,sprites/Portraits/guiTxrPort_GenericMW_06_utr.png,sprites/Portraits/guiTxrPort_GenericMW_07_utr.png,sprites/Portraits/guiTxrPort_GenericMW_08_utr.png,sprites/Portraits/guiTxrPort_GenericMW_09_utr.png,sprites/Portraits/guiTxrPort_GenericMW_10_utr.png,sprites/Portraits/guiTxrPort_GenericMW_11_utr.png,sprites/Portraits/guiTxrPort_GenericMW_12_utr.png,sprites/Portraits/guiTxrPort_GenericMW_davion_utr.png,sprites/Portraits/guiTxrPort_GenericMW_default_utr.png,sprites/Portraits/guiTxrPort_GenericMW_kurita_utr.png,sprites/Portraits/guiTxrPort_GenericMW_liao_utr.png,sprites/Portraits/guiTxrPort_GenericMW_marik_utr.png,sprites/Portraits/guiTxrPort_GenericMW_steiner_utr.png
06:02:20.806 
06:02:20.806 --- SKILL MODIFIERS ---
06:02:20.807 Gunnery => ratings: s1=>0,s2=>1,s3=>1,s4=>2,s5=>2,s6=>3,s7=>3,s8=>4,s9=>4,s10=>5,s11=>6,s12=>6,s13=>6,s14=>6,s15=>7,s16=>7,s17=>7,s18=>7,s19=>8,s20=>8,
06:02:20.807   bonus abilities => multiplier: 1  abilities: AbilityDefG5,AbilityDefG8
06:02:20.807 
06:02:20.807 Guts => ratings: s1=>0,s2=>1,s3=>1,s4=>2,s5=>2,s6=>3,s7=>3,s8=>4,s9=>4,s10=>5,s11=>6,s12=>6,s13=>6,s14=>6,s15=>7,s16=>7,s17=>7,s18=>7,s19=>8,s20=>8,s1=>0,s2=>1,s3=>1,s4=>2,s5=>2,s6=>3,s7=>3,s8=>4,s9=>4,s10=>5,s11=>6,s12=>6,s13=>6,s14=>6,s15=>7,s16=>7,s17=>7,s18=>7,s19=>8,s20=>8,
06:02:20.807   bonus abilities => multiplier: 1  abilities: AbilityDefGu5,AbilityDefGu8
06:02:20.807 
06:02:20.807 Piloting => ratings: s1=>0,s2=>1,s3=>1,s4=>2,s5=>2,s6=>3,s7=>3,s8=>4,s9=>4,s10=>5,s11=>6,s12=>6,s13=>6,s14=>6,s15=>7,s16=>7,s17=>7,s18=>7,s19=>8,s20=>8,s1=>0,s2=>1,s3=>1,s4=>2,s5=>2,s6=>3,s7=>3,s8=>4,s9=>4,s10=>5,s11=>6,s12=>6,s13=>6,s14=>6,s15=>7,s16=>7,s17=>7,s18=>7,s19=>8,s20=>8,s1=>0,s2=>1,s3=>1,s4=>2,s5=>2,s6=>3,s7=>3,s8=>4,s9=>4,s10=>5,s11=>6,s12=>6,s13=>6,s14=>6,s15=>7,s16=>7,s17=>7,s18=>7,s19=>8,s20=>8,
06:02:20.807   bonus abilities => multiplier: 1  abilities: AbilityDefP5,AbilityDefP8
06:02:20.807 
06:02:20.807 Tactics => ratings: s1=>0,s2=>1,s3=>1,s4=>2,s5=>2,s6=>3,s7=>3,s8=>4,s9=>4,s10=>5,s11=>6,s12=>6,s13=>6,s14=>6,s15=>7,s16=>7,s17=>7,s18=>7,s19=>8,s20=>8,s1=>0,s2=>1,s3=>1,s4=>2,s5=>2,s6=>3,s7=>3,s8=>4,s9=>4,s10=>5,s11=>6,s12=>6,s13=>6,s14=>6,s15=>7,s16=>7,s17=>7,s18=>7,s19=>8,s20=>8,s1=>0,s2=>1,s3=>1,s4=>2,s5=>2,s6=>3,s7=>3,s8=>4,s9=>4,s10=>5,s11=>6,s12=>6,s13=>6,s14=>6,s15=>7,s16=>7,s17=>7,s18=>7,s19=>8,s20=>8,s1=>0,s2=>1,s3=>1,s4=>2,s5=>2,s6=>3,s7=>3,s8=>4,s9=>4,s10=>5,s11=>6,s12=>6,s13=>6,s14=>6,s15=>7,s16=>7,s17=>7,s18=>7,s19=>8,s20=>8,
06:02:20.807   bonus abilities => multiplier: 1  abilities: AbilityDefT5A,AbilityDefT8A
06:02:20.807 
06:02:20.807 
06:02:20.807 === MOD CONFIG END ===
06:02:20.809 Assembly version: 1.30.0.0
06:03:03.279 Registering 2 positionFactors from mod: CBTBE
