00:55:19.524 Product version: 1.0.0
00:55:19.524 Assembly version: 0.10.0.5
00:55:19.525 ModDir is:E:\SteamLibrary\steamapps\common\BATTLETECH\Mods\GN Core\CBTBehaviorsEnhanced
00:55:19.525 mod.json settings are:({"Debug":true,"Trace":true,"Features":{"BiomeBreaches":true,"PermanentEvasion":true,"StartupChecks":true},"Developer":{"ForceFallAfterJump":false,"ForceInvalidateAllMeleeAttacks":false,"DebugHeatToAdd":0},"ToHitSelfJumped":3,"CustomCategories":{"HipActuatorCategoryId":["LegHip","LegHipMS"],"UpperLegActuatorCategoryId":["LegUpperActuator","LegUpperActuatorMS"],"LowerLegActuatorCategoryId":["LegLowerActuator","LegLowerActuatorMS"],"FootActuatorCategoryId":["LegFootActuator","LegFootActuatorMS"],"ShoulderActuatorCategoryId":["ArmShoulder","ArmShoulderMS"],"UpperArmActuatorCategoryId":["ArmUpperActuator","ArmUpperActuatorMS"],"LowerArmActuatorCategoryId":["ArmLowerActuator","ArmLowerActuatorMS","OmniLowerActuator"],"HandActuatorCategoryId":["ArmHandActuator","ArmLowerActuatorMS","OmniHandActuator"]},"Heat":{"Movement":{"15":-1,"30":-2,"45":-3,"60":-4,"75":-5,"93":-6,"111":-7,"129":-8,"147":-9},"Firing":{"24":1,"39":2,"51":3,"72":4,"99":5,"123":6,"144":7},"Shutdown":{"42":0.1,"54":0.3,"66":0.6,"78":0.8,"90":0.9,"102":1.0,"114":1.1,"126":1.2,"138":1.3,"150":-1},"Explosion":{"57":0.1,"69":0.2,"84":0.3,"105":0.4,"120":0.5,"135":0.6,"150":0.75},"PilotInjury":{"84":0.3,"117":0.6,"141":0.8},"SystemFailures":{"108":0.3,"132":0.6},"ShowLowOverheatAnim":42,"ShowExtremeOverheatAnim":90,"ShutdownFallThreshold":0.75,"MaxHeat":150,"WarnAtHeat":75},"Melee":{"Charge":{"AttackerDamagePerTargetTon":0.5,"TargetDamagePerAttackerTon":0.5,"AttackerInstabilityPerTargetTon":0.25,"TargetInstabilityPerAttackerTon":0.25,"DamageClusterDivisor":25.0,"UnsteadyAttackerOnHit":true,"UnsteadyAttackerOnMiss":true,"UnsteadyTargetOnHit":true},"DFA":{"AttackerDamagePerTargetTon":1.5,"TargetDamagePerAttackerTon":1.5,"AttackerInstabilityPerTargetTon":0.5,"TargetInstabilityPerAttackerTon":0.5,"DamageClusterDivisor":25.0,"UnsteadyAttackerOnHit":true,"UnsteadyAttackerOnMiss":true,"UnsteadyTargetOnHit":true},"Kick":{"BaseAttackBonus":-2,"LegActuatorDamageMalus":2,"FootActuatorDamageMalus":1,"TargetDamagePerAttackerTon":1,"TargetInstabilityPerAttackerTon":0.5,"LegActuatorDamageReduction":0.5,"UnsteadyAttackerOnHit":false,"UnsteadyAttackerOnMiss":true,"UnsteadyTargetOnHit":true},"PhysicalWeapon":{"ArmActuatorDamageMalus":2,"DefaultDamagePerAttackerTon":0.2,"DefaultInstabilityPerAttackerTon":0.2,"DefaultUnsteadyAttackerOnHit":false,"DefaultUnsteadyAttackerOnMiss":false,"DefaultUnsteadyTargetOnHit":false},"Punch":{"ArmActuatorDamageMalus":2,"HandActuatorDamageMalus":1,"TargetDamagePerAttackerTon":0.5,"TargetInstabilityPerAttackerTon":0.5,"ArmActuatorDamageReduction":0.5,"UnsteadyAttackerOnHit":false,"UnsteadyAttackerOnMiss":false,"UnsteadyTargetOnHit":false},"Turrets":{"DefaultTonnage":100.0,"LightTonnage":35.0,"MediumTonnage":55.0,"HeavyTonnage":75.0},"AllowMeleeFromSprint":false,"ProneTargetAttackModifier":-1,"ExtraHitsAverageAllDamage":true,"FilterCanUseInMeleeWeaponsByAttack":true}})
00:55:19.530 === MOD CONFIG BEGIN ===
00:55:19.530   Debug: True Trace: True
00:55:19.530   FEATURES => BiomeBreaches: True  PermanentEvasion: True  StartupChecks: True
00:55:19.530   ToHitSelfJumped: 3
00:55:19.530 
00:55:19.530 === CUSTOM CATEGORY OPTIONS ===
00:55:19.530   ShoulderActuatorCategoryId: 'ArmShoulder,ArmShoulderMS'  UpperArmActuatorCategoryId: 'ArmUpperActuator,ArmUpperActuatorMS'  LowerArmActuatorCategoryId: 'ArmLowerActuator,ArmLowerActuatorMS,OmniLowerActuator'  HandActuatorCategoryId: 'ArmHandActuator,ArmLowerActuatorMS,OmniHandActuator'  
00:55:19.530   HipActuatorCategoryId: 'LegHip,LegHipMS'  UpperLegActuatorCategoryId: 'LegUpperActuator,LegUpperActuatorMS'  LowerLegActuatorCategoryId: 'LegLowerActuator,LegLowerActuatorMS'  FootActuatorCategoryId: 'LegFootActuator,LegFootActuatorMS'  
00:55:19.530 
00:55:19.530 === HEAT OPTIONS ===
00:55:19.532   Movement mods: 15 : -1, 30 : -2, 45 : -3, 60 : -4, 75 : -5, 93 : -6, 111 : -7, 129 : -8, 147 : -9, 
00:55:19.532   Firing mods: 24 : 1, 39 : 2, 51 : 3, 72 : 4, 99 : 5, 123 : 6, 144 : 7, 
00:55:19.533   Shutdown chances: 42 : 0.1, 54 : 0.3, 66 : 0.6, 78 : 0.8, 90 : 0.9, 102 : 1, 114 : 1.1, 126 : 1.2, 138 : 1.3, 150 : -1, 
00:55:19.533   Ammo Explosion chances: 57 : 0.1, 69 : 0.2, 84 : 0.3, 105 : 0.4, 120 : 0.5, 135 : 0.6, 150 : 0.75, 
00:55:19.533   Pilot Injury chances: 84 : 0.3, 117 : 0.6, 141 : 0.8, 
00:55:19.533   System Failure chances: 108 : 0.3, 132 : 0.6, 
00:55:19.533   ShowLowOverheatAnim: 42  ShowExtremeOverheatAnim: 90
00:55:19.533   ShutdownFallThreshold: 0.75
00:55:19.533   MaxHeat: 150  WarnAtHeat: 75
00:55:19.533 
00:55:19.533 === MELEE OPTIONS ===
00:55:19.533   ExtraHitsAverageAllDamage: True  ProneTargetAttackModifier: -1  FilterCanUseInMeleeWeaponsByAttack: True
00:55:19.533   -- CHARGE OPTIONS --
00:55:19.533   AttackerDamagePerTargetTon: 0.5  AttackerInstabilityPerTargetTon: 0.5
00:55:19.533   TargetDamagePerAttackerTon: 0.5  TargetInstabilityPerAttackerTon: 0.5
00:55:19.533   DamageClusterDivisor: 25
00:55:19.533   Unsteady => AttackerOnHit: True  AttackerOnMiss: True  TargetOnHit: True
00:55:19.533   TargetVehicleEvasionPipsRemoved: 4
00:55:19.533   MultiplyAttackerSelfDamageByHexesMoved: False
00:55:19.533   SelfCTKillVirtDamageMulti: -1
00:55:19.533 
00:55:19.533   -- DFA OPTIONS --
00:55:19.533   AttackerDamagePerTargetTon: 1.5  AttackerInstabilityPerTargetTon: 0.5
00:55:19.533   TargetDamagePerAttackerTon: 1.5  TargetInstabilityPerAttackerTon: 0.5
00:55:19.533   DamageClusterDivisor: 25
00:55:19.533   Unsteady => AttackerOnHit: True  AttackerOnMiss: True  TargetOnHit: True
00:55:19.533   TargetVehicleEvasionPipsRemoved: 4
00:55:19.533 
00:55:19.533   -- KICK OPTIONS --
00:55:19.533   BaseAttackBonus: -2  LegActuatorDamageMalus: 2  FootActuatorDamageMalus: 1
00:55:19.533   TargetDamagePerAttackerTon: 1  TargetInstabilityPerAttackerTon: 0.5
00:55:19.533   LegActuatorDamageReduction: 0.5
00:55:19.533   Unsteady => AttackerOnHit: False  AttackerOnMiss: True  TargetOnHit: True
00:55:19.533   TargetVehicleEvasionPipsRemoved: 4
00:55:19.533 
00:55:19.533   -- PHYSICAL WEAPON OPTIONS --
00:55:19.533   DefaultDamagePerAttackTon: 0.2  DefaultInstabilityPerAttackerTon: 0.2
00:55:19.533   ArmActuatorDamageMalus: 2
00:55:19.533   Unsteady Default => AttackerOnHit: False  AttackerOnMiss: False  TargetOnHit: False
00:55:19.533   TargetVehicleEvasionPipsRemoved: 0
00:55:19.533 
00:55:19.533   -- PUNCH OPTIONS --
00:55:19.533   TargetDamagePerAttackerTon: 0.5  TargetInstabilityPerAttackerTon: 0.5
00:55:19.533   ArmActuatorDamageMalus: 2  HandActuatorDamageMalus: 1
00:55:19.533   ArmActuatorDamageReduction: 0.5
00:55:19.533   Unsteady => AttackerOnHit: False  AttackerOnMiss: False  TargetOnHit: False
00:55:19.533   TargetVehicleEvasionPipsRemoved: 0
00:55:19.533 
00:55:19.533   -- SWARM OPTIONS --
00:55:19.534 
00:55:19.534 === MOVE OPTIONS ===
00:55:19.534   MinimumMove: 40m  HeatMovePenalty: -24m  RunMulti: x1.5
00:55:19.534   FallAfterChances =>   Jump: 0.3  Run: 0.3
00:55:19.534   MPMetersPerHex: 24m
00:55:19.534 
00:55:19.534 === PILOTING OPTIONS ===
00:55:19.534   StabilityCheck: 0.3
00:55:19.534   DFAReductionMulti: x0.05  FallingDamagePerTenTons: 5
00:55:19.534 
00:55:19.534 === SKILL CHECKS OPTIONS ===
00:55:19.534   PilotingSkillMulti: x0.05  GutsSkillMulti: 0.05
00:55:19.534 === BREACHES OPTIONS ===
00:55:19.534   ThinAtmoCheck: 0.03  VacuumCheck: 0.17
00:55:19.534 
00:55:19.534 === MOD CONFIG END ===
00:55:19.534 INFO: No errors reading settings file.
00:55:33.747 Invoking FinishedLoading
00:55:33.747 Initializing IRBTModUtils movement feature modifiers.
00:55:33.748 Enabling MechEngineer functionality
00:55:33.748 Initializing CleverGirl extensions
