ModTek v4.4.10+Branch.tags-v4.4.10.Sha.c57b3cbb59986c5c713defb58c170be3e8cc4371 (2025-03-09) ; HarmonyX 2.14.0.0
Microsoft Windows NT 10.0.26100.0 ; BattleTech 1.9.1-686R ; Unity 2018.4.2f1 ; CLR 4.0.30319.42000 ; Mono 5.11.0 (Visual Studio built mono)"
2025-03-26T14:17:21.0678031-04:00 ; Startup 00:00:03.7960000 ; Ticks 148381486 ; Timestamp Overhead 23.5ns ; FastMemCpy Threshold 16
--------------------------------------------------------------------------------
18:17:22.5820161 CustomComponents [LOG] SimpleCustom AllowedLocations registered for type BattleTech.MechComponentDef
18:17:22.5820833 CustomComponents [LOG] SimpleCustom ChassisAllowedLocations registered for type BattleTech.ChassisDef
18:17:22.5821757 CustomComponents [LOG] SimpleCustom Category registered for type BattleTech.MechComponentDef
18:17:22.5822246 CustomComponents [LOG] SimpleCustom ChassisCategory registered for type BattleTech.ChassisDef
18:17:22.5823798 CustomComponents [LOG] SimpleCustom Color registered for type BattleTech.MechComponentDef
18:17:22.5824163 CustomComponents [LOG] SimpleCustom TColor registered for type BattleTech.MechComponentDef
18:17:22.5825862 CustomComponents [LOG] SimpleCustom RGBColor registered for type BattleTech.MechComponentDef
18:17:22.5826335 CustomComponents [LOG] SimpleCustom TRGBColor registered for type BattleTech.MechComponentDef
18:17:22.5826755 CustomComponents [LOG] SimpleCustom ColorTag registered for type BattleTech.MechComponentDef
18:17:22.5827112 CustomComponents [LOG] SimpleCustom TColorTag registered for type BattleTech.MechComponentDef
18:17:22.5827707 CustomComponents [LOG] SimpleCustom Linked registered for type BattleTech.MechComponentDef
18:17:22.5828088 CustomComponents [LOG] SimpleCustom ChassisDefaults registered for type BattleTech.ChassisDef
18:17:22.5828420 CustomComponents [LOG] SimpleCustom MultiDefaults registered for type BattleTech.ChassisDef
18:17:22.5828773 CustomComponents [LOG] SimpleCustom Lootable registered for type BattleTech.MechComponentDef
18:17:22.5829494 CustomComponents [LOG] SimpleCustom TonnageAllowed registered for type BattleTech.MechComponentDef
18:17:22.5829853 CustomComponents [LOG] SimpleCustom TonnageLimit registered for type BattleTech.MechComponentDef
18:17:22.5831125 CustomComponents [LOG] SimpleCustom Flags registered for type BattleTech.MechComponentDef
18:17:22.5831650 CustomComponents [LOG] SimpleCustom AddHardpoint registered for type BattleTech.MechComponentDef
18:17:22.5832012 CustomComponents [LOG] SimpleCustom ReplaceHardpoint registered for type BattleTech.MechComponentDef
18:17:22.5832943 CustomComponents [LOG] SimpleCustom UseHardpoint registered for type BattleTech.MechComponentDef
18:17:22.5833292 CustomComponents [LOG] SimpleCustom WeaponDefault registered for type BattleTech.ChassisDef
18:17:22.5834212 CustomComponents [LOG] SimpleCustom InventorySorter registered for type BattleTech.MechComponentDef
18:17:22.5835113 CustomComponents [LOG] SimpleCustom Sorter registered for type BattleTech.MechComponentDef
18:17:22.5835636 CustomComponents [LOG] SimpleCustom UnitType registered for type BattleTech.ChassisDef
18:17:22.5836018 CustomComponents [LOG] SimpleCustom UnitTypeAdd registered for type BattleTech.ChassisDef
18:17:22.5836561 CustomComponents [LOG] SimpleCustom WorkOrderCosts registered for type BattleTech.MechComponentDef
18:17:22.5841259 CustomComponents [LOG] Loaded CustomComponents 2.1.1 for bt 1.9.1
18:17:22.5841283 CustomComponents [DEBUG] - DumpMechDefs:False
18:17:22.5841294 CustomComponents [DEBUG] -- MechDefsDir: D:/MechDefs
18:17:22.5841302 CustomComponents [DEBUG] - ValidateMechDefs: False
18:17:22.5841318 CustomComponents [DEBUG] -- ShowOnlyErrors: False
18:17:22.5841326 CustomComponents [DEBUG] - ShowAllUnitTypes: False
18:17:22.5841334 CustomComponents [DEBUG] - ShowConfig: False
18:17:22.5841342 CustomComponents [DEBUG] - ShowLoadedCategory: False
18:17:22.5841349 CustomComponents [DEBUG] - ShowLoadedDefaults: False
18:17:22.5841357 CustomComponents [DEBUG] - ShowLoadedAlLocations: False
18:17:22.5841365 CustomComponents [DEBUG] - ShowMechUT: False
18:17:22.5841373 CustomComponents [DEBUG] - ShowLoadedHardpoints: False
18:17:22.5854149 CustomComponents [LOG] done
18:17:23.7936500 CustomComponents [LOG] SimpleCustom AssemblyVariant registered for type BattleTech.ChassisDef
18:17:23.7937668 CustomComponents [LOG] SimpleCustom LootableMech registered for type BattleTech.ChassisDef
18:17:23.7938020 CustomComponents [LOG] SimpleCustom LootableUniqueMech registered for type BattleTech.ChassisDef
18:17:23.7939277 CustomComponents [LOG] SimpleCustom TechKit registered for type BattleTech.MechComponentDef
18:17:24.8085164 CustomComponents [LOG] SimpleCustom Weights registered for type BattleTech.MechComponentDef
18:17:24.8143801 CustomComponents [LOG] SimpleCustom CapacityMod registered for type BattleTech.MechComponentDef
18:17:24.8145470 CustomComponents [LOG] SimpleCustom CarryCapacityFactor registered for type BattleTech.MechComponentDef
18:17:24.8146241 CustomComponents [LOG] SimpleCustom CarryHandCapacityChassisFactor registered for type BattleTech.MechComponentDef
18:17:24.8146874 CustomComponents [LOG] SimpleCustom CarryHandUsageCapacityFactor registered for type BattleTech.MechComponentDef
18:17:24.8147505 CustomComponents [LOG] SimpleCustom CarryHandUsage registered for type BattleTech.MechComponentDef
18:17:24.8148327 CustomComponents [LOG] SimpleCustom CarryHandUsageLeftOverTopOffFactor registered for type BattleTech.MechComponentDef
18:17:24.8149177 CustomComponents [LOG] SimpleCustom CarryLeftOverCapacityChassisFactor registered for type BattleTech.MechComponentDef
18:17:24.8149829 CustomComponents [LOG] SimpleCustom CarryLeftOverCapacity registered for type BattleTech.MechComponentDef
18:17:24.8150412 CustomComponents [LOG] SimpleCustom CarryLeftOverUsageCapacityFactor registered for type BattleTech.MechComponentDef
18:17:24.8151006 CustomComponents [LOG] SimpleCustom CarryLeftOverUsage registered for type BattleTech.MechComponentDef
18:17:24.8151582 CustomComponents [LOG] SimpleCustom CarryLeftOverUsageLeftOverTopOffFactor registered for type BattleTech.MechComponentDef
18:17:24.8152530 CustomComponents [LOG] SimpleCustom HeatSinkCapacity registered for type BattleTech.MechComponentDef
18:17:24.8153175 CustomComponents [LOG] SimpleCustom HeatSinkEngineAdditionalCapacity registered for type BattleTech.MechComponentDef
18:17:24.8153773 CustomComponents [LOG] SimpleCustom HeatSinkUsage registered for type BattleTech.MechComponentDef
18:17:24.8607985 CustomComponents [LOG] SimpleCustom Cooling registered for type BattleTech.HeatSinkDef
18:17:24.8609067 CustomComponents [LOG] SimpleCustom EngineCore registered for type BattleTech.HeatSinkDef
18:17:24.8609938 CustomComponents [LOG] SimpleCustom EngineHeatBlock registered for type BattleTech.HeatSinkDef
18:17:24.8610379 CustomComponents [LOG] SimpleCustom EngineHeatSink registered for type BattleTech.HeatSinkDef
18:17:24.9564452 CustomComponents [LOG] SimpleCustom CriticalEffects registered for type BattleTech.MechComponentDef
18:17:24.9565149 CustomComponents [LOG] SimpleCustom MechCriticalEffects registered for type BattleTech.MechComponentDef
18:17:24.9565621 CustomComponents [LOG] SimpleCustom StatusEffects registered for type BattleTech.MechComponentDef
18:17:24.9566240 CustomComponents [LOG] SimpleCustom TurretCriticalEffects registered for type BattleTech.MechComponentDef
18:17:24.9566786 CustomComponents [LOG] SimpleCustom VehicleCriticalEffects registered for type BattleTech.MechComponentDef
18:17:25.0087533 CustomComponents [LOG] SimpleCustom BonusDescriptions registered for type BattleTech.MechComponentDef
18:17:25.0088409 CustomComponents [LOG] SimpleCustom BonusDescriptions already registered
18:17:25.0250604 CustomComponents [LOG] SimpleCustom DynamicSlots registered for type BattleTech.MechComponentDef
18:17:25.1341827 CustomComponents [LOG] SimpleCustom ChassisLocationNaming registered for type BattleTech.ChassisDef
18:17:25.1342812 CustomComponents [LOG] SimpleCustom CustomWidget registered for type BattleTech.MechComponentDef
18:17:25.1343283 CustomComponents [LOG] SimpleCustom CustomWidgetChassis registered for type BattleTech.ChassisDef
18:17:25.1632532 CustomComponents [LOG] SimpleCustom ComponentExplosion registered for type BattleTech.MechComponentDef
18:17:25.1632931 CustomComponents [LOG] SimpleCustom ExplosionProtectionHeat registered for type BattleTech.MechComponentDef
18:17:25.1633267 CustomComponents [LOG] SimpleCustom ExplosionProtectionStability registered for type BattleTech.MechComponentDef
18:17:25.1634958 CustomComponents [LOG] SimpleCustom CASE registered for type BattleTech.MechComponentDef
18:17:25.2083969 CustomComponents [LOG] SimpleCustom ArmorStructureChanges registered for type BattleTech.MechComponentDef
18:17:28.2102403 CustomComponents [LOG] SimpleCustom ActivatableComponent registered for type BattleTech.MechComponentDef
18:17:28.2103038 CustomComponents [LOG] SimpleCustom AutoReplentish registered for type BattleTech.MechComponentDef
18:17:28.2104643 CustomComponents [LOG] SimpleCustom VFXComponent registered for type BattleTech.MechComponentDef
18:17:28.2106044 CustomComponents [LOG] SimpleCustom AddonReference registered for type BattleTech.MechComponentDef
18:17:29.3026057 CustomComponents [LOG] SimpleCustom DecoratorComponent registered for type BattleTech.MechComponentDef
18:17:29.5361203 CustomComponents [LOG] SimpleCustom AnimatorReplacer registered for type BattleTech.MechComponentDef
18:17:29.5378749 CustomComponents [LOG] SimpleCustom WeaponRepairKit registered for type BattleTech.MechComponentDef
18:17:34.0596681 CustomComponents [LOG] SimpleCustom VolatileAmmo registered for type BattleTech.MechComponentDef
18:17:39.6759755 CustomComponents [LOG] UnitType Mech Registred
18:17:39.6760261 CustomComponents [LOG] UnitType MobileSuit Registred
18:17:39.6760274 CustomComponents [LOG] UnitType MobileSuitHero Registred
18:17:39.6760279 CustomComponents [LOG] UnitType MobileSuitHybrid Registred
18:17:39.6760291 CustomComponents [LOG] UnitType Gundam Registred
18:17:39.6760297 CustomComponents [LOG] UnitType GundamVirtue Registred
18:17:39.6760303 CustomComponents [LOG] UnitType Vehicle Registred
18:17:39.6760308 CustomComponents [LOG] UnitType IgnoreAutofix Registred
18:17:39.6760318 CustomComponents [LOG] UnitType IgnoreValidate Registred
18:17:39.6763414 CustomComponents [LOG] UnitType ArmLimitUpperLeft Registred
18:17:39.6763428 CustomComponents [LOG] UnitType ArmLimitUpperRight Registred
18:17:39.6763436 CustomComponents [LOG] UnitType ArmLimitLowerLeft Registred
18:17:39.6763444 CustomComponents [LOG] UnitType ArmLimitLowerRight Registred
18:17:39.6788888 CustomComponents [LOG] Category GN(GN-Type) registered
18:17:39.6788918 CustomComponents [LOG] Category GNT(GN Tau-Type) registered
18:17:39.6788931 CustomComponents [LOG] Category BHH(Ballistic HandHeld) registered
18:17:39.6788959 CustomComponents [LOG] Category BFW(Ballistic Fixed-Weapon) registered
18:17:39.6788970 CustomComponents [LOG] Category MHH(Missile HandHeld) registered
18:17:39.6788981 CustomComponents [LOG] Category EHH(Energy HandHeld) registered
18:17:39.6788991 CustomComponents [LOG] Category Melee(Melee HandHeld) registered
18:17:39.6789008 CustomComponents [LOG] Category Upgrades(Upgrades) registered
18:17:39.6789018 CustomComponents [LOG] Category JumpJets(JummpJets) registered
18:17:39.6797116 CustomComponents [LOG] Category HSKit(Default Heat Sink Kit) registered
18:17:39.6797133 CustomComponents [LOG] Category SHS(Standard Heat Sink) registered
18:17:39.6797143 CustomComponents [LOG] Category DHSKit(Double Heat Sink Kit) registered
18:17:39.6797153 CustomComponents [LOG] Category DHS(Double Heat Sink) registered
18:17:39.6797162 CustomComponents [LOG] Category CDHSKit(Clan Double Heat Sink Kit) registered
18:17:39.6797171 CustomComponents [LOG] Category CDHS(Clan Double Heat Sink) registered
18:17:39.6797180 CustomComponents [LOG] Category LHSKit(Laser Heat Sink Kit) registered
18:17:39.6797189 CustomComponents [LOG] Category LHS(Laser Heat Sink) registered
18:17:39.6797214 CustomComponents [LOG] Category HeatBank(Heatbank) registered
18:17:39.6797222 CustomComponents [LOG] Category Exchanger(Thermal Exchanger) registered
18:17:39.6797229 CustomComponents [LOG] Category BHS(Standard Heat Sink) registered
18:17:39.6797237 CustomComponents [LOG] Category FreezerDHS(Standard Heat Sink) registered
18:17:39.6827025 CustomComponents [LOG] Category LifeSupportA(Life Support) registered
18:17:39.6827060 CustomComponents [LOG] Category SensorsA(Sensors) registered
18:17:39.6827074 CustomComponents [LOG] Category Cockpit(Cockpit) registered
18:17:39.6827083 CustomComponents [LOG] Category SensorsB(Sensors) registered
18:17:39.6827100 CustomComponents [LOG] Category LifeSupportB(Life Support) registered
18:17:39.6827109 CustomComponents [LOG] Category Armor(Armor) registered
18:17:39.6827118 CustomComponents [LOG] Category Structure(Structure) registered
18:17:39.6827128 CustomComponents [LOG] Category Cooling(Cooling System) registered
18:17:39.6827136 CustomComponents [LOG] Category Gyro(Gyro) registered
18:17:39.6827210 CustomComponents [LOG] Category EnginePart(Engine Part) registered
18:17:39.6827220 CustomComponents [LOG] Category EngineShield(Engine Shielding) registered
18:17:39.6827229 CustomComponents [LOG] Category EngineHeatBlock(Engine Cooling) registered
18:17:39.6827247 CustomComponents [LOG] Category EngineCore(Engine Core) registered
18:17:39.6827256 CustomComponents [LOG] Category EngineSlots(Engine Slots) registered
18:17:39.6827267 CustomComponents [LOG] Category LegHip(Hip) registered
18:17:39.6827279 CustomComponents [LOG] Category LegUpperActuator(Upper Leg Actuator) registered
18:17:39.6827324 CustomComponents [LOG] Category LegLowerActuator(Lower Leg Actuator) registered
18:17:39.6827334 CustomComponents [LOG] Category LegFootActuator(Foot Actuator) registered
18:17:39.6827351 CustomComponents [LOG] Category CASE(CASE) registered
18:17:39.6827367 CustomComponents [LOG] Category CASE2(CASE II) registered
18:17:39.6827379 CustomComponents [LOG] Category ArmShoulder(Shoulder) registered
18:17:39.6827390 CustomComponents [LOG] Category ArmUpperActuator(Upper Arm Actuator) registered
18:17:39.6827401 CustomComponents [LOG] Category ArmLowerActuator(Lower Arm Actuator) registered
18:17:39.6827412 CustomComponents [LOG] Category ArmHandActuator(Hand Actuator) registered
18:17:39.6827420 CustomComponents [LOG] Category CATEquipUpgrade(MobileSuit Cockpit) registered
18:17:39.6840282 CustomComponents [LOG] Category MSHardPoint(MSHardPoint) registered
18:17:39.6840296 CustomComponents [LOG] Category Thruster(Thruster) registered
18:17:39.6840306 CustomComponents [LOG] Category HandHeld(Hand Held) registered
18:17:39.6888045 CustomComponents [LOG] already have Category: GN(GN-Type)
- AddToDescription: True,  AllowMixTags/Mechlab: True/True
- MinOverflow: True, MaxOverflow: False, DefaultsFirst: True
- Errors
-- AddMaximumReached: Unit cannot install more {0} in {4}
-- AddMixed: Mech can have only one type of {0}
-- ValidateMinimum: MISSING {0}: This unit must mount at least {1} in {5}
-- ValidateMaximum: EXCESS {0}: This mech can't mount more then {1} in {5}
-- ValidateMixed: WRONG {0}: Mech can have only one type of {0}
- DefaultLimits: MinL: False, MaxL: False

18:17:39.6889038 CustomComponents [LOG] Category GN(GN-Type) registered
18:17:39.6889177 CustomComponents [LOG] already have Category: GNT(GN Tau-Type)
- AddToDescription: True,  AllowMixTags/Mechlab: True/True
- MinOverflow: True, MaxOverflow: False, DefaultsFirst: True
- Errors
-- AddMaximumReached: Unit cannot install more {0} in {4}
-- AddMixed: Mech can have only one type of {0}
-- ValidateMinimum: MISSING {0}: This unit must mount at least {1} in {5}
-- ValidateMaximum: EXCESS {0}: This mech can't mount more then {1} in {5}
-- ValidateMixed: WRONG {0}: Mech can have only one type of {0}
- DefaultLimits: MinL: False, MaxL: False

18:17:39.6889187 CustomComponents [LOG] Category GNT(GN Tau-Type) registered
18:17:39.6889277 CustomComponents [LOG] already have Category: BHH(Ballistic HandHeld)
- AddToDescription: True,  AllowMixTags/Mechlab: True/True
- MinOverflow: True, MaxOverflow: False, DefaultsFirst: True
- Errors
-- AddMaximumReached: Unit cannot install more {0} in {4}
-- AddMixed: Mech can have only one type of {0}
-- ValidateMinimum: MISSING {0}: This unit must mount at least {1} in {5}
-- ValidateMaximum: EXCESS {0}: This mech can't mount more then {1} in {5}
-- ValidateMixed: WRONG {0}: Mech can have only one type of {0}
- DefaultLimits: MinL: False, MaxL: False

18:17:39.6889285 CustomComponents [LOG] Category BHH(Ballistic HandHeld) registered
18:17:39.6889358 CustomComponents [LOG] already have Category: BFW(Ballistic Fixed-Weapon)
- AddToDescription: True,  AllowMixTags/Mechlab: True/True
- MinOverflow: True, MaxOverflow: False, DefaultsFirst: True
- Errors
-- AddMaximumReached: Unit cannot install more {0} in {4}
-- AddMixed: Mech can have only one type of {0}
-- ValidateMinimum: MISSING {0}: This unit must mount at least {1} in {5}
-- ValidateMaximum: EXCESS {0}: This mech can't mount more then {1} in {5}
-- ValidateMixed: WRONG {0}: Mech can have only one type of {0}
- DefaultLimits: MinL: False, MaxL: False

18:17:39.6889368 CustomComponents [LOG] Category BFW(Ballistic Fixed-Weapon) registered
18:17:39.6889471 CustomComponents [LOG] already have Category: MHH(Missile HandHeld)
- AddToDescription: True,  AllowMixTags/Mechlab: True/True
- MinOverflow: True, MaxOverflow: False, DefaultsFirst: True
- Errors
-- AddMaximumReached: Unit cannot install more {0} in {4}
-- AddMixed: Mech can have only one type of {0}
-- ValidateMinimum: MISSING {0}: This unit must mount at least {1} in {5}
-- ValidateMaximum: EXCESS {0}: This mech can't mount more then {1} in {5}
-- ValidateMixed: WRONG {0}: Mech can have only one type of {0}
- DefaultLimits: MinL: False, MaxL: False

18:17:39.6889480 CustomComponents [LOG] Category MHH(Missile HandHeld) registered
18:17:39.6889569 CustomComponents [LOG] already have Category: EHH(Energy HandHeld)
- AddToDescription: True,  AllowMixTags/Mechlab: True/True
- MinOverflow: True, MaxOverflow: False, DefaultsFirst: True
- Errors
-- AddMaximumReached: Unit cannot install more {0} in {4}
-- AddMixed: Mech can have only one type of {0}
-- ValidateMinimum: MISSING {0}: This unit must mount at least {1} in {5}
-- ValidateMaximum: EXCESS {0}: This mech can't mount more then {1} in {5}
-- ValidateMixed: WRONG {0}: Mech can have only one type of {0}
- DefaultLimits: MinL: False, MaxL: False

18:17:39.6889578 CustomComponents [LOG] Category EHH(Energy HandHeld) registered
18:17:39.6889659 CustomComponents [LOG] already have Category: Melee(Melee HandHeld)
- AddToDescription: True,  AllowMixTags/Mechlab: True/True
- MinOverflow: True, MaxOverflow: False, DefaultsFirst: True
- Errors
-- AddMaximumReached: Unit cannot install more {0} in {4}
-- AddMixed: Mech can have only one type of {0}
-- ValidateMinimum: MISSING {0}: This unit must mount at least {1} in {5}
-- ValidateMaximum: EXCESS {0}: This mech can't mount more then {1} in {5}
-- ValidateMixed: WRONG {0}: Mech can have only one type of {0}
- DefaultLimits: MinL: False, MaxL: False

18:17:39.6889667 CustomComponents [LOG] Category Melee(Melee HandHeld) registered
18:17:39.6889681 CustomComponents [LOG] Category Energy(Laser) registered
18:17:39.6889694 CustomComponents [LOG] Category PPC(Particle Projector Cannon) registered
18:17:39.6889704 CustomComponents [LOG] Category AC(AutoCannon) registered
18:17:39.6889713 CustomComponents [LOG] Category HVAC(HyperVelocity AutoCannon) registered
18:17:39.6889722 CustomComponents [LOG] Category UAC(Ultra AutoCannon) registered
18:17:39.6889729 CustomComponents [LOG] Category LBX(LBX) registered
18:17:39.6889738 CustomComponents [LOG] Category Rifle(Rifle) registered
18:17:39.6889756 CustomComponents [LOG] Category GAUSS(GAUSS) registered
18:17:39.6889763 CustomComponents [LOG] Category HAG(HAG) registered
18:17:39.6889770 CustomComponents [LOG] Category ART(Artillery) registered
18:17:39.6889778 CustomComponents [LOG] Category SRM(Short Range Missile) registered
18:17:39.6889786 CustomComponents [LOG] Category MRM(Medium Range Missile) registered
18:17:39.6889797 CustomComponents [LOG] Category LRM(Long Range Missile) registered
18:17:39.6889807 CustomComponents [LOG] Category TBOLT(ThunderBolt Missile) registered
18:17:39.6889814 CustomComponents [LOG] Category ATM(Advanced Tactical Missile) registered
18:17:39.6889830 CustomComponents [LOG] Category Support(Support) registered
18:17:39.6905673 CustomComponents [LOG] Defaults for HandHeld registered
18:17:39.6908223 CustomComponents [LOG] Defaults for MSHardPoint registered
18:17:39.6908237 CustomComponents [LOG] Defaults for Thruster registered
18:17:39.6925223 CustomComponents [LOG] Defaults for LifeSupportA registered
18:17:39.6925233 CustomComponents [LOG] Defaults for SensorsA registered
18:17:39.6925237 CustomComponents [LOG] Defaults for Cockpit registered
18:17:39.6925241 CustomComponents [LOG] Defaults for SensorsB registered
18:17:39.6925250 CustomComponents [LOG] Defaults for LifeSupportB registered
18:17:39.6925314 CustomComponents [LOG] Defaults for Armor registered
18:17:39.6925317 CustomComponents [LOG] Defaults for Structure registered
18:17:39.6925320 CustomComponents [LOG] Defaults for Cooling registered
18:17:39.6925323 CustomComponents [LOG] Defaults for Gyro registered
18:17:39.6925329 CustomComponents [LOG] Defaults for EngineShield registered
18:17:39.6925341 CustomComponents [LOG] Defaults for EngineHeatBlock registered
18:17:39.6925344 CustomComponents [LOG] Defaults for EngineCore registered
18:17:39.6925347 CustomComponents [LOG] Defaults for LegHip registered
18:17:39.6925350 CustomComponents [LOG] Defaults for LegUpperActuator registered
18:17:39.6925371 CustomComponents [LOG] Defaults for LegLowerActuator registered
18:17:39.6925374 CustomComponents [LOG] Defaults for LegFootActuator registered
18:17:39.6925377 CustomComponents [LOG] Defaults for ArmShoulder registered
18:17:39.6925380 CustomComponents [LOG] Defaults for ArmUpperActuator registered
18:17:39.7130890 CustomComponents [LOG] LocationTag HandHeld registered
18:17:39.7130904 CustomComponents [LOG] LocationTag RearThruster registered
18:17:39.7130909 CustomComponents [LOG] LocationTag LegThruster registered
18:17:39.7130924 CustomComponents [LOG] LocationTag LegActuator registered
18:17:39.7130926 CustomComponents [LOG] LocationTag JumpJet registered
18:17:39.7243831 CustomComponents [ERROR] Unknown WeaponCategory SpecialHandHeld
18:17:39.7243856 CustomComponents [ERROR] Unknown WeaponCategory MSHardPoint
18:17:39.7243865 CustomComponents [ERROR] Unknown WeaponCategory CIWS
18:17:39.7243874 CustomComponents [ERROR] Unknown WeaponCategory Omni
18:20:14.4837076 CustomComponents [ERROR] chassisdef_panther_TARGETDUMMY have unexisting default Gear_HandHeld_Slot[Upgrade]
18:20:14.4837165 CustomComponents [ERROR] chassisdef_panther_TARGETDUMMY have unexisting default Gear_HandHeld_Slot[Upgrade]
18:20:14.4843779 CustomComponents [ERROR] chassisdef_crab__fp_gladiator_BSC-27 have unexisting default Gear_HandHeld_Slot[Upgrade]
18:20:14.4843813 CustomComponents [ERROR] chassisdef_crab__fp_gladiator_BSC-27 have unexisting default Gear_HandHeld_Slot[Upgrade]
18:23:01.5138113 CustomComponents [LOG] Clearing tags cache
18:34:48.8592934 CustomComponents [LOG] Clearing tags cache
