[21:34:51.136]Шаблон:Show Heavy 'Mechs
 Контекст:
  DM:BattleTech.Data.DataManager
   IsLoading:Boolean
   GetHashCode:Int32
   ToString:String
  TDSF:BattleTech.TagDataStructFetcher
   GetHashCode:Int32
   ToString:String
[21:34:51.142]Шаблон:Show Heavy 'Mechs
 Контекст:
  DM:BattleTech.Data.DataManager
   IsLoading:Boolean
   GetHashCode:Int32
   ToString:String
  TDSF:BattleTech.TagDataStructFetcher
   GetHashCode:Int32
   ToString:String
[21:34:52.469]Шаблон:Show Light 'Mechs
 Контекст:
  DM:BattleTech.Data.DataManager
   IsLoading:Boolean
   GetHashCode:Int32
   ToString:String
  TDSF:BattleTech.TagDataStructFetcher
   GetHashCode:Int32
   ToString:String
[21:34:52.469]Шаблон:Show Light 'Mechs
 Контекст:
  DM:BattleTech.Data.DataManager
   IsLoading:Boolean
   GetHashCode:Int32
   ToString:String
  TDSF:BattleTech.TagDataStructFetcher
   GetHashCode:Int32
   ToString:String
[21:35:29.204]Шаблон:Show SRM, ATM, MRM weapons
 Контекст:
  DM:BattleTech.Data.DataManager
   IsLoading:Boolean
   GetHashCode:Int32
   ToString:String
  TDSF:BattleTech.TagDataStructFetcher
   GetHashCode:Int32
   ToString:String
[21:35:29.204]Шаблон:Show SRM, ATM, MRM weapons
 Контекст:
  DM:BattleTech.Data.DataManager
   IsLoading:Boolean
   GetHashCode:Int32
   ToString:String
  TDSF:BattleTech.TagDataStructFetcher
   GetHashCode:Int32
   ToString:String
[21:35:30.621]Шаблон:Show Structure
 Контекст:
  DM:BattleTech.Data.DataManager
   IsLoading:Boolean
   GetHashCode:Int32
   ToString:String
  TDSF:BattleTech.TagDataStructFetcher
   GetHashCode:Int32
   ToString:String
[21:35:30.621]Шаблон:Show Structure
 Контекст:
  DM:BattleTech.Data.DataManager
   IsLoading:Boolean
   GetHashCode:Int32
   ToString:String
  TDSF:BattleTech.TagDataStructFetcher
   GetHashCode:Int32
   ToString:String
[21:35:31.906]Шаблон:Show heatsinks and heat control equipment
 Контекст:
  DM:BattleTech.Data.DataManager
   IsLoading:Boolean
   GetHashCode:Int32
   ToString:String
  TDSF:BattleTech.TagDataStructFetcher
   GetHashCode:Int32
   ToString:String
[21:35:31.906]Шаблон:Show heatsinks and heat control equipment
 Контекст:
  DM:BattleTech.Data.DataManager
   IsLoading:Boolean
   GetHashCode:Int32
   ToString:String
  TDSF:BattleTech.TagDataStructFetcher
   GetHashCode:Int32
   ToString:String
[21:35:31.939]Шаблон:Cooling Kits
 Контекст:
  DM:BattleTech.Data.DataManager
   IsLoading:Boolean
   GetHashCode:Int32
   ToString:String
  TDSF:BattleTech.TagDataStructFetcher
   GetHashCode:Int32
   ToString:String
[21:35:31.940]Шаблон:Cooling Kits
 Контекст:
  DM:BattleTech.Data.DataManager
   IsLoading:Boolean
   GetHashCode:Int32
   ToString:String
  TDSF:BattleTech.TagDataStructFetcher
   GetHashCode:Int32
   ToString:String
[21:35:32.005]Шаблон:Show engines
 Контекст:
  DM:BattleTech.Data.DataManager
   IsLoading:Boolean
   GetHashCode:Int32
   ToString:String
  TDSF:BattleTech.TagDataStructFetcher
   GetHashCode:Int32
   ToString:String
[21:35:32.005]Шаблон:Show engines
 Контекст:
  DM:BattleTech.Data.DataManager
   IsLoading:Boolean
   GetHashCode:Int32
   ToString:String
  TDSF:BattleTech.TagDataStructFetcher
   GetHashCode:Int32
   ToString:String
[21:35:33.909]Шаблон:Show heatsinks and heat control equipment
 Контекст:
  DM:BattleTech.Data.DataManager
   IsLoading:Boolean
   GetHashCode:Int32
   ToString:String
  TDSF:BattleTech.TagDataStructFetcher
   GetHashCode:Int32
   ToString:String
[21:35:33.909]Шаблон:Show heatsinks and heat control equipment
 Контекст:
  DM:BattleTech.Data.DataManager
   IsLoading:Boolean
   GetHashCode:Int32
   ToString:String
  TDSF:BattleTech.TagDataStructFetcher
   GetHashCode:Int32
   ToString:String
[21:35:33.990]Шаблон:Cooling Kits
 Контекст:
  DM:BattleTech.Data.DataManager
   IsLoading:Boolean
   GetHashCode:Int32
   ToString:String
  TDSF:BattleTech.TagDataStructFetcher
   GetHashCode:Int32
   ToString:String
[21:35:33.991]Шаблон:Cooling Kits
 Контекст:
  DM:BattleTech.Data.DataManager
   IsLoading:Boolean
   GetHashCode:Int32
   ToString:String
  TDSF:BattleTech.TagDataStructFetcher
   GetHashCode:Int32
   ToString:String
[21:35:48.398]Шаблон:Show Leg Upgrade
 Контекст:
  DM:BattleTech.Data.DataManager
   IsLoading:Boolean
   GetHashCode:Int32
   ToString:String
  TDSF:BattleTech.TagDataStructFetcher
   GetHashCode:Int32
   ToString:String
[21:35:48.398]Шаблон:Show Leg Upgrade
 Контекст:
  DM:BattleTech.Data.DataManager
   IsLoading:Boolean
   GetHashCode:Int32
   ToString:String
  TDSF:BattleTech.TagDataStructFetcher
   GetHashCode:Int32
   ToString:String
[21:35:48.431]Шаблон:Show Arm Upgrade
 Контекст:
  DM:BattleTech.Data.DataManager
   IsLoading:Boolean
   GetHashCode:Int32
   ToString:String
  TDSF:BattleTech.TagDataStructFetcher
   GetHashCode:Int32
   ToString:String
[21:35:48.431]Шаблон:Show Arm Upgrade
 Контекст:
  DM:BattleTech.Data.DataManager
   IsLoading:Boolean
   GetHashCode:Int32
   ToString:String
  TDSF:BattleTech.TagDataStructFetcher
   GetHashCode:Int32
   ToString:String
[21:35:48.480]Шаблон:Show Gyro
 Контекст:
  DM:BattleTech.Data.DataManager
   IsLoading:Boolean
   GetHashCode:Int32
   ToString:String
  TDSF:BattleTech.TagDataStructFetcher
   GetHashCode:Int32
   ToString:String
[21:35:48.481]Шаблон:Show Gyro
 Контекст:
  DM:BattleTech.Data.DataManager
   IsLoading:Boolean
   GetHashCode:Int32
   ToString:String
  TDSF:BattleTech.TagDataStructFetcher
   GetHashCode:Int32
   ToString:String
[21:35:48.531]Шаблон:Show Structure
 Контекст:
  DM:BattleTech.Data.DataManager
   IsLoading:Boolean
   GetHashCode:Int32
   ToString:String
  TDSF:BattleTech.TagDataStructFetcher
   GetHashCode:Int32
   ToString:String
[21:35:48.532]Шаблон:Show Structure
 Контекст:
  DM:BattleTech.Data.DataManager
   IsLoading:Boolean
   GetHashCode:Int32
   ToString:String
  TDSF:BattleTech.TagDataStructFetcher
   GetHashCode:Int32
   ToString:String
[21:35:48.715]Шаблон:Show Armor
 Контекст:
  DM:BattleTech.Data.DataManager
   IsLoading:Boolean
   GetHashCode:Int32
   ToString:String
  TDSF:BattleTech.TagDataStructFetcher
   GetHashCode:Int32
   ToString:String
[21:35:48.715]Шаблон:Show Armor
 Контекст:
  DM:BattleTech.Data.DataManager
   IsLoading:Boolean
   GetHashCode:Int32
   ToString:String
  TDSF:BattleTech.TagDataStructFetcher
   GetHashCode:Int32
   ToString:String
[21:35:49.247]Шаблон:Show heatsinks and heat control equipment
 Контекст:
  DM:BattleTech.Data.DataManager
   IsLoading:Boolean
   GetHashCode:Int32
   ToString:String
  TDSF:BattleTech.TagDataStructFetcher
   GetHashCode:Int32
   ToString:String
[21:35:49.248]Шаблон:Show heatsinks and heat control equipment
 Контекст:
  DM:BattleTech.Data.DataManager
   IsLoading:Boolean
   GetHashCode:Int32
   ToString:String
  TDSF:BattleTech.TagDataStructFetcher
   GetHashCode:Int32
   ToString:String
[21:35:52.050]Шаблон:Show heatsinks and heat control equipment
 Контекст:
  DM:BattleTech.Data.DataManager
   IsLoading:Boolean
   GetHashCode:Int32
   ToString:String
  TDSF:BattleTech.TagDataStructFetcher
   GetHashCode:Int32
   ToString:String
[21:35:52.050]Шаблон:Show heatsinks and heat control equipment
 Контекст:
  DM:BattleTech.Data.DataManager
   IsLoading:Boolean
   GetHashCode:Int32
   ToString:String
  TDSF:BattleTech.TagDataStructFetcher
   GetHashCode:Int32
   ToString:String
[21:36:32.926]Шаблон:Show Leg Upgrade
 Контекст:
  DM:BattleTech.Data.DataManager
   IsLoading:Boolean
   GetHashCode:Int32
   ToString:String
  TDSF:BattleTech.TagDataStructFetcher
   GetHashCode:Int32
   ToString:String
[21:36:32.926]Шаблон:Show Leg Upgrade
 Контекст:
  DM:BattleTech.Data.DataManager
   IsLoading:Boolean
   GetHashCode:Int32
   ToString:String
  TDSF:BattleTech.TagDataStructFetcher
   GetHashCode:Int32
   ToString:String
[21:36:32.943]Шаблон:Show Arm Upgrade
 Контекст:
  DM:BattleTech.Data.DataManager
   IsLoading:Boolean
   GetHashCode:Int32
   ToString:String
  TDSF:BattleTech.TagDataStructFetcher
   GetHashCode:Int32
   ToString:String
[21:36:32.944]Шаблон:Show Arm Upgrade
 Контекст:
  DM:BattleTech.Data.DataManager
   IsLoading:Boolean
   GetHashCode:Int32
   ToString:String
  TDSF:BattleTech.TagDataStructFetcher
   GetHashCode:Int32
   ToString:String
[21:36:34.827]Шаблон:View Stock Loadout
 Контекст:
  DM:BattleTech.Data.DataManager
   IsLoading:Boolean
   GetHashCode:Int32
   ToString:String
  TDSF:BattleTech.TagDataStructFetcher
   GetHashCode:Int32
   ToString:String
[21:36:34.828]Шаблон:View Stock Loadout
 Контекст:
  DM:BattleTech.Data.DataManager
   IsLoading:Boolean
   GetHashCode:Int32
   ToString:String
  TDSF:BattleTech.TagDataStructFetcher
   GetHashCode:Int32
   ToString:String
[21:36:34.944]Шаблон:Show Leg Upgrade
 Контекст:
  DM:BattleTech.Data.DataManager
   IsLoading:Boolean
   GetHashCode:Int32
   ToString:String
  TDSF:BattleTech.TagDataStructFetcher
   GetHashCode:Int32
   ToString:String
[21:36:34.944]Шаблон:Show Leg Upgrade
 Контекст:
  DM:BattleTech.Data.DataManager
   IsLoading:Boolean
   GetHashCode:Int32
   ToString:String
  TDSF:BattleTech.TagDataStructFetcher
   GetHashCode:Int32
   ToString:String
[21:37:21.856]Шаблон:Show LRM, and Thunderbolt weapons
 Контекст:
  DM:BattleTech.Data.DataManager
   IsLoading:Boolean
   GetHashCode:Int32
   ToString:String
  TDSF:BattleTech.TagDataStructFetcher
   GetHashCode:Int32
   ToString:String
[21:37:21.857]Шаблон:Show LRM, and Thunderbolt weapons
 Контекст:
  DM:BattleTech.Data.DataManager
   IsLoading:Boolean
   GetHashCode:Int32
   ToString:String
  TDSF:BattleTech.TagDataStructFetcher
   GetHashCode:Int32
   ToString:String
[21:37:21.889]Шаблон:Show SRM, ATM, MRM weapons
 Контекст:
  DM:BattleTech.Data.DataManager
   IsLoading:Boolean
   GetHashCode:Int32
   ToString:String
  TDSF:BattleTech.TagDataStructFetcher
   GetHashCode:Int32
   ToString:String
[21:37:21.889]Шаблон:Show SRM, ATM, MRM weapons
 Контекст:
  DM:BattleTech.Data.DataManager
   IsLoading:Boolean
   GetHashCode:Int32
   ToString:String
  TDSF:BattleTech.TagDataStructFetcher
   GetHashCode:Int32
   ToString:String
[21:37:27.677]Шаблон:Show Leg Upgrade
 Контекст:
  DM:BattleTech.Data.DataManager
   IsLoading:Boolean
   GetHashCode:Int32
   ToString:String
  TDSF:BattleTech.TagDataStructFetcher
   GetHashCode:Int32
   ToString:String
[21:37:27.677]Шаблон:Show Leg Upgrade
 Контекст:
  DM:BattleTech.Data.DataManager
   IsLoading:Boolean
   GetHashCode:Int32
   ToString:String
  TDSF:BattleTech.TagDataStructFetcher
   GetHashCode:Int32
   ToString:String
[21:37:32.563]Шаблон:Show heatsinks and heat control equipment
 Контекст:
  DM:BattleTech.Data.DataManager
   IsLoading:Boolean
   GetHashCode:Int32
   ToString:String
  TDSF:BattleTech.TagDataStructFetcher
   GetHashCode:Int32
   ToString:String
[21:37:32.564]Шаблон:Show heatsinks and heat control equipment
 Контекст:
  DM:BattleTech.Data.DataManager
   IsLoading:Boolean
   GetHashCode:Int32
   ToString:String
  TDSF:BattleTech.TagDataStructFetcher
   GetHashCode:Int32
   ToString:String
[21:37:32.663]Шаблон:Cooling Kits
 Контекст:
  DM:BattleTech.Data.DataManager
   IsLoading:Boolean
   GetHashCode:Int32
   ToString:String
  TDSF:BattleTech.TagDataStructFetcher
   GetHashCode:Int32
   ToString:String
[21:37:32.664]Шаблон:Cooling Kits
 Контекст:
  DM:BattleTech.Data.DataManager
   IsLoading:Boolean
   GetHashCode:Int32
   ToString:String
  TDSF:BattleTech.TagDataStructFetcher
   GetHashCode:Int32
   ToString:String
[21:37:32.931]Шаблон:Show engines
 Контекст:
  DM:BattleTech.Data.DataManager
   IsLoading:Boolean
   GetHashCode:Int32
   ToString:String
  TDSF:BattleTech.TagDataStructFetcher
   GetHashCode:Int32
   ToString:String
[21:37:32.931]Шаблон:Show engines
 Контекст:
  DM:BattleTech.Data.DataManager
   IsLoading:Boolean
   GetHashCode:Int32
   ToString:String
  TDSF:BattleTech.TagDataStructFetcher
   GetHashCode:Int32
   ToString:String
[21:37:33.699]Шаблон:Cooling Kits
 Контекст:
  DM:BattleTech.Data.DataManager
   IsLoading:Boolean
   GetHashCode:Int32
   ToString:String
  TDSF:BattleTech.TagDataStructFetcher
   GetHashCode:Int32
   ToString:String
[21:37:33.699]Шаблон:Cooling Kits
 Контекст:
  DM:BattleTech.Data.DataManager
   IsLoading:Boolean
   GetHashCode:Int32
   ToString:String
  TDSF:BattleTech.TagDataStructFetcher
   GetHashCode:Int32
   ToString:String
[21:37:34.232]Шаблон:Show heatsinks and heat control equipment
 Контекст:
  DM:BattleTech.Data.DataManager
   IsLoading:Boolean
   GetHashCode:Int32
   ToString:String
  TDSF:BattleTech.TagDataStructFetcher
   GetHashCode:Int32
   ToString:String
[21:37:34.232]Шаблон:Show heatsinks and heat control equipment
 Контекст:
  DM:BattleTech.Data.DataManager
   IsLoading:Boolean
   GetHashCode:Int32
   ToString:String
  TDSF:BattleTech.TagDataStructFetcher
   GetHashCode:Int32
   ToString:String
[21:37:47.859]Шаблон:Show Arm Upgrade
 Контекст:
  DM:BattleTech.Data.DataManager
   IsLoading:Boolean
   GetHashCode:Int32
   ToString:String
  TDSF:BattleTech.TagDataStructFetcher
   GetHashCode:Int32
   ToString:String
[21:37:47.860]Шаблон:Show Arm Upgrade
 Контекст:
  DM:BattleTech.Data.DataManager
   IsLoading:Boolean
   GetHashCode:Int32
   ToString:String
  TDSF:BattleTech.TagDataStructFetcher
   GetHashCode:Int32
   ToString:String
[21:38:07.239]Шаблон:Show Armor
 Контекст:
  DM:BattleTech.Data.DataManager
   IsLoading:Boolean
   GetHashCode:Int32
   ToString:String
  TDSF:BattleTech.TagDataStructFetcher
   GetHashCode:Int32
   ToString:String
[21:38:07.240]Шаблон:Show Armor
 Контекст:
  DM:BattleTech.Data.DataManager
   IsLoading:Boolean
   GetHashCode:Int32
   ToString:String
  TDSF:BattleTech.TagDataStructFetcher
   GetHashCode:Int32
   ToString:String
[21:38:11.759]Шаблон:Show Gyro
 Контекст:
  DM:BattleTech.Data.DataManager
   IsLoading:Boolean
   GetHashCode:Int32
   ToString:String
  TDSF:BattleTech.TagDataStructFetcher
   GetHashCode:Int32
   ToString:String
[21:38:11.760]Шаблон:Show Gyro
 Контекст:
  DM:BattleTech.Data.DataManager
   IsLoading:Boolean
   GetHashCode:Int32
   ToString:String
  TDSF:BattleTech.TagDataStructFetcher
   GetHashCode:Int32
   ToString:String
[21:38:15.344]Шаблон:Show Gyro
 Контекст:
  DM:BattleTech.Data.DataManager
   IsLoading:Boolean
   GetHashCode:Int32
   ToString:String
  TDSF:BattleTech.TagDataStructFetcher
   GetHashCode:Int32
   ToString:String
[21:38:15.345]Шаблон:Show Gyro
 Контекст:
  DM:BattleTech.Data.DataManager
   IsLoading:Boolean
   GetHashCode:Int32
   ToString:String
  TDSF:BattleTech.TagDataStructFetcher
   GetHashCode:Int32
   ToString:String
[21:38:34.399]Шаблон:Rear Armor
 Контекст:
  DM:BattleTech.Data.DataManager
   IsLoading:Boolean
   GetHashCode:Int32
   ToString:String
  TDSF:BattleTech.TagDataStructFetcher
   GetHashCode:Int32
   ToString:String
[21:38:34.399]Шаблон:Rear Armor
 Контекст:
  DM:BattleTech.Data.DataManager
   IsLoading:Boolean
   GetHashCode:Int32
   ToString:String
  TDSF:BattleTech.TagDataStructFetcher
   GetHashCode:Int32
   ToString:String
[21:38:36.100]Шаблон:Show Light 'Mechs
 Контекст:
  DM:BattleTech.Data.DataManager
   IsLoading:Boolean
   GetHashCode:Int32
   ToString:String
  TDSF:BattleTech.TagDataStructFetcher
   GetHashCode:Int32
   ToString:String
[21:38:36.101]Шаблон:Show Light 'Mechs
 Контекст:
  DM:BattleTech.Data.DataManager
   IsLoading:Boolean
   GetHashCode:Int32
   ToString:String
  TDSF:BattleTech.TagDataStructFetcher
   GetHashCode:Int32
   ToString:String
[21:38:36.216]Шаблон:Show Medium 'Mechs
 Контекст:
  DM:BattleTech.Data.DataManager
   IsLoading:Boolean
   GetHashCode:Int32
   ToString:String
  TDSF:BattleTech.TagDataStructFetcher
   GetHashCode:Int32
   ToString:String
[21:38:36.217]Шаблон:Show Medium 'Mechs
 Контекст:
  DM:BattleTech.Data.DataManager
   IsLoading:Boolean
   GetHashCode:Int32
   ToString:String
  TDSF:BattleTech.TagDataStructFetcher
   GetHashCode:Int32
   ToString:String
[21:38:36.383]Шаблон:Show Medium 'Mechs
 Контекст:
  DM:BattleTech.Data.DataManager
   IsLoading:Boolean
   GetHashCode:Int32
   ToString:String
  TDSF:BattleTech.TagDataStructFetcher
   GetHashCode:Int32
   ToString:String
[21:38:36.384]Шаблон:Show Medium 'Mechs
 Контекст:
  DM:BattleTech.Data.DataManager
   IsLoading:Boolean
   GetHashCode:Int32
   ToString:String
  TDSF:BattleTech.TagDataStructFetcher
   GetHashCode:Int32
   ToString:String
[21:43:09.818]Шаблон:Show Light 'Mechs
 Контекст:
  DM:BattleTech.Data.DataManager
   IsLoading:Boolean
   GetHashCode:Int32
   ToString:String
  TDSF:BattleTech.TagDataStructFetcher
   GetHashCode:Int32
   ToString:String
[21:43:09.819]Шаблон:Show Light 'Mechs
 Контекст:
  DM:BattleTech.Data.DataManager
   IsLoading:Boolean
   GetHashCode:Int32
   ToString:String
  TDSF:BattleTech.TagDataStructFetcher
   GetHashCode:Int32
   ToString:String
[21:43:13.171]Шаблон:Rear Armor
 Контекст:
  DM:BattleTech.Data.DataManager
   IsLoading:Boolean
   GetHashCode:Int32
   ToString:String
  TDSF:BattleTech.TagDataStructFetcher
   GetHashCode:Int32
   ToString:String
[21:43:13.171]Шаблон:Rear Armor
 Контекст:
  DM:BattleTech.Data.DataManager
   IsLoading:Boolean
   GetHashCode:Int32
   ToString:String
  TDSF:BattleTech.TagDataStructFetcher
   GetHashCode:Int32
   ToString:String
[21:43:13.221]Шаблон:Front Armor
 Контекст:
  DM:BattleTech.Data.DataManager
   IsLoading:Boolean
   GetHashCode:Int32
   ToString:String
  TDSF:BattleTech.TagDataStructFetcher
   GetHashCode:Int32
   ToString:String
[21:43:13.221]Шаблон:Front Armor
 Контекст:
  DM:BattleTech.Data.DataManager
   IsLoading:Boolean
   GetHashCode:Int32
   ToString:String
  TDSF:BattleTech.TagDataStructFetcher
   GetHashCode:Int32
   ToString:String
[21:43:13.520]Шаблон:Show Heavy 'Mechs
 Контекст:
  DM:BattleTech.Data.DataManager
   IsLoading:Boolean
   GetHashCode:Int32
   ToString:String
  TDSF:BattleTech.TagDataStructFetcher
   GetHashCode:Int32
   ToString:String
[21:43:13.521]Шаблон:Show Heavy 'Mechs
 Контекст:
  DM:BattleTech.Data.DataManager
   IsLoading:Boolean
   GetHashCode:Int32
   ToString:String
  TDSF:BattleTech.TagDataStructFetcher
   GetHashCode:Int32
   ToString:String
[21:43:36.648]Шаблон:Show All 'Mechs
 Контекст:
  DM:BattleTech.Data.DataManager
   IsLoading:Boolean
   GetHashCode:Int32
   ToString:String
  TDSF:BattleTech.TagDataStructFetcher
   GetHashCode:Int32
   ToString:String
[21:43:36.649]Шаблон:Show All 'Mechs
 Контекст:
  DM:BattleTech.Data.DataManager
   IsLoading:Boolean
   GetHashCode:Int32
   ToString:String
  TDSF:BattleTech.TagDataStructFetcher
   GetHashCode:Int32
   ToString:String
[21:44:47.636]Шаблон:Show LRM, and Thunderbolt weapons
 Контекст:
  DM:BattleTech.Data.DataManager
   IsLoading:Boolean
   GetHashCode:Int32
   ToString:String
  TDSF:BattleTech.TagDataStructFetcher
   GetHashCode:Int32
   ToString:String
[21:44:47.637]Шаблон:Show LRM, and Thunderbolt weapons
 Контекст:
  DM:BattleTech.Data.DataManager
   IsLoading:Boolean
   GetHashCode:Int32
   ToString:String
  TDSF:BattleTech.TagDataStructFetcher
   GetHashCode:Int32
   ToString:String
[21:44:47.954]Шаблон:Show HandHeld Weapons
 Контекст:
  DM:BattleTech.Data.DataManager
   IsLoading:Boolean
   GetHashCode:Int32
   ToString:String
  TDSF:BattleTech.TagDataStructFetcher
   GetHashCode:Int32
   ToString:String
[21:44:47.954]Шаблон:Show HandHeld Weapons
 Контекст:
  DM:BattleTech.Data.DataManager
   IsLoading:Boolean
   GetHashCode:Int32
   ToString:String
  TDSF:BattleTech.TagDataStructFetcher
   GetHashCode:Int32
   ToString:String
[21:44:47.971]Шаблон:Show Support weapons
 Контекст:
  DM:BattleTech.Data.DataManager
   IsLoading:Boolean
   GetHashCode:Int32
   ToString:String
  TDSF:BattleTech.TagDataStructFetcher
   GetHashCode:Int32
   ToString:String
[21:44:47.971]Шаблон:Show Support weapons
 Контекст:
  DM:BattleTech.Data.DataManager
   IsLoading:Boolean
   GetHashCode:Int32
   ToString:String
  TDSF:BattleTech.TagDataStructFetcher
   GetHashCode:Int32
   ToString:String
