16:42:18.923  Assembly version: 2.2.8
16:42:18.925  == Mod Config Initialization Started == 
16:42:18.926  ScaleObjectiveBuildingStructure has difficulties between 1 and 12
16:42:18.926  == Mod Config Initialization Complete == 
16:42:18.956  === MOD CONFIG BEGIN ===
16:42:18.956    DEBUG: False Trace: True
16:42:18.956    -- Fixes --
16:42:18.956    AbilityResourceFix:                 True
16:42:18.956    AlternateMechNamingStyle:           False
16:42:18.956    BuildingDamageColorChange:          False
16:42:18.956    BraceOnMeleeWithJuggernaut:         True
16:42:18.957    BreachingShotIgnoresAllDR:          False
16:42:18.957    BulkPurchasing:                     False
16:42:18.957    BulkScrapping:                      False
16:42:18.960    CalledShotTweaks:                   True
16:42:18.960    CombatLog:                          False
16:42:18.960    DifficultyModsFromStats:            True
16:42:18.960    DisableCampaign:                    True
16:42:18.960    DisableDebug:                       True
16:42:18.960    DisableCombatRestarts:              True
16:42:18.960    DisableCombatSaves:                 True
16:42:18.960    DisableMPHashCalculation:           True
16:42:18.960    DisableFiringStat:                  True
16:42:18.960    DisableLowFundsNotification:        True
16:42:18.960    ExplodingBuildingFix:               True
16:42:18.960    EventRequirementsScopeFix:          True
16:42:18.960    ExtendedStats:                      False
16:42:18.960    FactionReputationFixes:             True
16:42:18.960    FlexibleSensorLock:                 False
16:42:18.960    MaxArmorMaxesArmor:                 True
16:42:18.960    MechbayLayout:                      True
16:42:18.960    MechbayLayoutDisableStore:          True
16:42:18.960    OnWeaponFireFix:                    True
16:42:18.960    PainTolerance:                      True
16:42:18.960    PathfinderTeamFix:                  True
16:42:18.960    RandomStartByDifficulty:            True
16:42:18.960    ReduceSaveCompression:              True
16:42:18.960    ScaleObjectiveBuildingStructure:    True
16:42:18.960    ShowAllArgoUpgrades:                True
16:42:18.960    SkipDeleteSavePopup:                True
16:42:18.960    SkirmishAlwaysUnlimited:            True
16:42:18.960    SkirmishReset:                      False
16:42:18.960    SimGameDifficultyLabelsReplacer:    False
16:42:18.960    SpawnProtection:                    True
16:42:18.960    StreamlinedMainMenu:                True
16:42:18.960    TurnDirectorStartFirstRoundFix:     True
16:42:18.960    TgtComputerTonnageDisplay:          True
16:42:18.960    UrbanExplosionsFix:                 False
16:42:18.960    WeaponTooltips:                     True
16:42:18.960    DamageReductionInCombatHud:         False
16:42:18.960    DeathChanceStat:                    True
16:42:18.960    DisableCTMaxInjureTags:                     System.Collections.Generic.List`1[System.String]
16:42:18.960    TorsoMountStatName:                     
16:42:18.960    -- Called Shot --
16:42:18.960     Disable => AllLocations: True  Headshots: True
16:42:18.960     Enable => ComplexTacticsModifier: True
16:42:18.960     BaseModifier:-1
16:42:18.960     CalledShotDefaultMod:-1
16:42:18.960    -- Spawn Protection --
16:42:18.960     ApplyGuard:True  EvasionPips:8
16:42:18.960     ApplyToEnemies:True  ApplyToAllies:True  ApplyToNeutrals:True  
16:42:18.960     ApplyToReinforcements:True
16:42:18.960    -- Cheat Detection --
16:42:18.960     CheatDetection:False
16:42:18.960     CheatDetectionNotify:False
16:42:18.960     CheatDetectionStat:CheatFound1
16:42:18.960    -- ObstructionTweaks --
16:42:18.960     DRMechLocs:System.Collections.Generic.List`1[BattleTech.ArmorLocation]
16:42:18.960     DRVehicleLocs:System.Collections.Generic.List`1[BattleTech.VehicleChassisLocations]
16:42:18.960     QuadTags:System.Collections.Generic.List`1[System.String]
16:42:18.960     ObstructionDRByTags:System.Collections.Generic.Dictionary`2[System.String,System.Single]
16:42:18.960    -- Store --
16:42:18.960     QuantityOnShift:5  QuantityOnControl:20
16:42:18.960    -- Flexible Sensor Lock Options --
16:42:18.960     FreeActionWithAbility:False  AbilityId:AbilityDefT5A
16:42:18.960  === MOD CONFIG END ===
16:42:18.960  INFO: No errors reading settings file.
16:42:19.447  AA:CPSFA Found INJURY IGNORED instruction at idx: 73
16:42:19.447  AA:CPSFA Found Pilot.ClearNeedsInjury instruction at idx: 118
16:42:19.451  M:CK Found INJURY IGNORED instruction at idx: 111
16:42:19.504  -- Initializing Combat Fixes --
16:42:19.504  Activating Fix: BraceOnMeleeWithJuggernaut
16:42:19.504  Activating Fix: CalledShotTweaks
16:42:19.504  Activating Fix: PainTolerance
16:42:19.504  Activating Fix: PathfinderTeamFix
16:42:19.504  Activating Fix: ScaleObjectiveBuildingStructure
16:42:19.504  Activating Fix: SpawnProtection
16:42:19.506  -- Initializing Misc Fixes --
16:42:19.506  Activating Fix: RandomStartByDifficulty
16:42:19.506  Activating Fix: DisableCampaign
16:42:19.506  Activating Fix: DisableLowFundsNotification
16:42:19.506  Activating Fix: DisableMPHashCalculation
16:42:19.506  Activating Fix: MultiTargetStat
16:42:19.506  Activating fix: ReduceSaveCompression.
16:42:19.506  Activating fix: ShowAllArgoUpgrades.
16:42:19.506  Activating fix: SkipDeleteSavePopup.
16:42:19.508  -- Initializing UI Fixes --
16:42:19.508  Activating Fix: SkirmishAlwaysUnlimited
16:42:19.508  Activating Fix: DisableCombatSaves
16:42:19.508  Activating Fix: DisableCombatRestart
16:42:19.508  Activating Fix: StreamlinedMainMenu
16:42:19.508  Activating Fix: WeaponTooltip
16:42:19.509  [InitializeEffects] Initializing effects for Brace Effects
16:42:39.853  Disabling the campaign button on the main menu.
16:42:39.855  Disabling the debug buttons in the main menu.
