16:42:13.398  === MOD CONFIG BEGIN ===
16:42:13.398    DEBUG: False Trace: False
16:42:13.398  
16:42:13.398  --- LOGGING ---
16:42:13.398    Asynchronous Logging: False
16:42:13.398  
16:42:13.398  --- FEATURES ---
16:42:13.398    EnableMovementModifiers: True
16:42:13.398  
16:42:13.398  --- MOVEMENT ---
16:42:13.399    MinimumMove: 40  MinimumJump: 0
16:42:13.399  
16:42:13.399  --- DIALOGUE OPTIONS ---
16:42:13.399    CallsignPath: BattleTech_Data/StreamingAssets/data/nameLists/name_callsign.txt
16:42:13.399    Portraits: sprites/Portraits/guiTxrPort_DEST_utr.png,sprites/Portraits/guiTxrPort_GenericMW_01_utr.png,sprites/Portraits/guiTxrPort_GenericMW_02_utr.png,sprites/Portraits/guiTxrPort_GenericMW_03_utr.png,sprites/Portraits/guiTxrPort_GenericMW_04_utr.png,sprites/Portraits/guiTxrPort_GenericMW_05_utr.png,sprites/Portraits/guiTxrPort_GenericMW_06_utr.png,sprites/Portraits/guiTxrPort_GenericMW_07_utr.png,sprites/Portraits/guiTxrPort_GenericMW_08_utr.png,sprites/Portraits/guiTxrPort_GenericMW_09_utr.png,sprites/Portraits/guiTxrPort_GenericMW_10_utr.png,sprites/Portraits/guiTxrPort_GenericMW_11_utr.png,sprites/Portraits/guiTxrPort_GenericMW_12_utr.png,sprites/Portraits/guiTxrPort_GenericMW_davion_utr.png,sprites/Portraits/guiTxrPort_GenericMW_default_utr.png,sprites/Portraits/guiTxrPort_GenericMW_kurita_utr.png,sprites/Portraits/guiTxrPort_GenericMW_liao_utr.png,sprites/Portraits/guiTxrPort_GenericMW_marik_utr.png,sprites/Portraits/guiTxrPort_GenericMW_steiner_utr.png
16:42:13.399  
16:42:13.399  --- SKILL MODIFIERS ---
16:42:13.399  Gunnery => ratings: s1=>0,s2=>1,s3=>1,s4=>2,s5=>2,s6=>3,s7=>3,s8=>4,s9=>4,s10=>5,s11=>6,s12=>6,s13=>6,s14=>6,s15=>7,s16=>7,s17=>7,s18=>7,s19=>8,s20=>8,
16:42:13.399    bonus abilities => multiplier: 1  abilities: AbilityDefG5,AbilityDefG8
16:42:13.399  
16:42:13.399  Guts => ratings: s1=>0,s2=>1,s3=>1,s4=>2,s5=>2,s6=>3,s7=>3,s8=>4,s9=>4,s10=>5,s11=>6,s12=>6,s13=>6,s14=>6,s15=>7,s16=>7,s17=>7,s18=>7,s19=>8,s20=>8,s1=>0,s2=>1,s3=>1,s4=>2,s5=>2,s6=>3,s7=>3,s8=>4,s9=>4,s10=>5,s11=>6,s12=>6,s13=>6,s14=>6,s15=>7,s16=>7,s17=>7,s18=>7,s19=>8,s20=>8,
16:42:13.399    bonus abilities => multiplier: 1  abilities: AbilityDefGu5,AbilityDefGu8
16:42:13.399  
16:42:13.399  Piloting => ratings: s1=>0,s2=>1,s3=>1,s4=>2,s5=>2,s6=>3,s7=>3,s8=>4,s9=>4,s10=>5,s11=>6,s12=>6,s13=>6,s14=>6,s15=>7,s16=>7,s17=>7,s18=>7,s19=>8,s20=>8,s1=>0,s2=>1,s3=>1,s4=>2,s5=>2,s6=>3,s7=>3,s8=>4,s9=>4,s10=>5,s11=>6,s12=>6,s13=>6,s14=>6,s15=>7,s16=>7,s17=>7,s18=>7,s19=>8,s20=>8,s1=>0,s2=>1,s3=>1,s4=>2,s5=>2,s6=>3,s7=>3,s8=>4,s9=>4,s10=>5,s11=>6,s12=>6,s13=>6,s14=>6,s15=>7,s16=>7,s17=>7,s18=>7,s19=>8,s20=>8,
16:42:13.399    bonus abilities => multiplier: 1  abilities: AbilityDefP5,AbilityDefP8
16:42:13.399  
16:42:13.399  Tactics => ratings: s1=>0,s2=>1,s3=>1,s4=>2,s5=>2,s6=>3,s7=>3,s8=>4,s9=>4,s10=>5,s11=>6,s12=>6,s13=>6,s14=>6,s15=>7,s16=>7,s17=>7,s18=>7,s19=>8,s20=>8,s1=>0,s2=>1,s3=>1,s4=>2,s5=>2,s6=>3,s7=>3,s8=>4,s9=>4,s10=>5,s11=>6,s12=>6,s13=>6,s14=>6,s15=>7,s16=>7,s17=>7,s18=>7,s19=>8,s20=>8,s1=>0,s2=>1,s3=>1,s4=>2,s5=>2,s6=>3,s7=>3,s8=>4,s9=>4,s10=>5,s11=>6,s12=>6,s13=>6,s14=>6,s15=>7,s16=>7,s17=>7,s18=>7,s19=>8,s20=>8,s1=>0,s2=>1,s3=>1,s4=>2,s5=>2,s6=>3,s7=>3,s8=>4,s9=>4,s10=>5,s11=>6,s12=>6,s13=>6,s14=>6,s15=>7,s16=>7,s17=>7,s18=>7,s19=>8,s20=>8,
16:42:13.399    bonus abilities => multiplier: 1  abilities: AbilityDefT5A,AbilityDefT8A
16:42:13.399  
16:42:13.399  
16:42:13.399  === MOD CONFIG END ===
16:42:13.401  Assembly version: 1.0.0+907f8272e113e5c92e368c0498d7955f673fec66
16:42:39.229  DataManager.SpriteLoadRequest.SpriteFromDisk:Shadowhawk:E:\SteamLibrary\steamapps\common\BATTLETECH\Mods\GN Core\IS-Mechs\portraits\Shadowhawk.dds isGIF:False
16:42:48.088  DataManager.SpriteLoadRequest.SpriteFromDisk:Kraken:E:\SteamLibrary\steamapps\common\BATTLETECH\Mods\GN Core\IS-Mechs\portraits\Kraken.png isGIF:False
16:42:48.371  DataManager.SpriteLoadRequest.SpriteFromDisk:Atlas:E:\SteamLibrary\steamapps\common\BATTLETECH\Mods\GN Core\IS-Mechs\portraits\Atlas.png isGIF:False
16:42:48.376  DataManager.SpriteLoadRequest.SpriteFromDisk:Awesome:E:\SteamLibrary\steamapps\common\BATTLETECH\Mods\GN Core\IS-Mechs\portraits\Awesome.png isGIF:False
16:42:48.386  DataManager.SpriteLoadRequest.SpriteFromDisk:Banshee:E:\SteamLibrary\steamapps\common\BATTLETECH\Mods\GN Core\IS-Mechs\portraits\Banshee.png isGIF:False
16:42:48.390  DataManager.SpriteLoadRequest.SpriteFromDisk:Battlemaster:E:\SteamLibrary\steamapps\common\BATTLETECH\Mods\GN Core\IS-Mechs\portraits\Battlemaster.png isGIF:False
16:42:48.393  DataManager.SpriteLoadRequest.SpriteFromDisk:blackjack:E:\SteamLibrary\steamapps\common\BATTLETECH\Mods\GN Core\IS-Mechs\portraits\blackjack.dds isGIF:False
16:42:48.400  DataManager.SpriteLoadRequest.SpriteFromDisk:BlackKnight:E:\SteamLibrary\steamapps\common\BATTLETECH\Mods\GN Core\IS-Mechs\portraits\BlackKnight.png isGIF:False
16:42:48.403  DataManager.SpriteLoadRequest.SpriteFromDisk:Cataphract:E:\SteamLibrary\steamapps\common\BATTLETECH\Mods\GN Core\IS-Mechs\portraits\Cataphract.png isGIF:False
16:42:48.406  DataManager.SpriteLoadRequest.SpriteFromDisk:Catapult:E:\SteamLibrary\steamapps\common\BATTLETECH\Mods\GN Core\IS-Mechs\portraits\Catapult.dds isGIF:False
16:42:48.410  DataManager.SpriteLoadRequest.SpriteFromDisk:centurion:E:\SteamLibrary\steamapps\common\BATTLETECH\Mods\GN Core\IS-Mechs\portraits\centurion.dds isGIF:False
16:42:48.412  DataManager.SpriteLoadRequest.SpriteFromDisk:cicada:E:\SteamLibrary\steamapps\common\BATTLETECH\Mods\GN Core\IS-Mechs\portraits\cicada.dds isGIF:False
16:42:48.415  DataManager.SpriteLoadRequest.SpriteFromDisk:Commando:E:\SteamLibrary\steamapps\common\BATTLETECH\Mods\GN Core\IS-Mechs\portraits\Commando.png isGIF:False
16:42:48.419  DataManager.SpriteLoadRequest.SpriteFromDisk:Dragon:E:\SteamLibrary\steamapps\common\BATTLETECH\Mods\GN Core\IS-Mechs\portraits\Dragon.png isGIF:False
16:42:48.422  DataManager.SpriteLoadRequest.SpriteFromDisk:Enforcer:E:\SteamLibrary\steamapps\common\BATTLETECH\Mods\GN Core\IS-Mechs\portraits\Enforcer.png isGIF:False
16:42:48.425  DataManager.SpriteLoadRequest.SpriteFromDisk:firestarter:E:\SteamLibrary\steamapps\common\BATTLETECH\Mods\GN Core\IS-Mechs\portraits\firestarter.dds isGIF:False
16:42:48.427  DataManager.SpriteLoadRequest.SpriteFromDisk:Stalker:E:\SteamLibrary\steamapps\common\BATTLETECH\Mods\GN Core\IS-Mechs\portraits\Stalker.png isGIF:False
16:42:48.433  DataManager.SpriteLoadRequest.SpriteFromDisk:Grasshopper:E:\SteamLibrary\steamapps\common\BATTLETECH\Mods\GN Core\IS-Mechs\portraits\Grasshopper.png isGIF:False
16:42:48.436  DataManager.SpriteLoadRequest.SpriteFromDisk:Griffin:E:\SteamLibrary\steamapps\common\BATTLETECH\Mods\GN Core\IS-Mechs\portraits\Griffin.dds isGIF:False
16:42:48.437  DataManager.SpriteLoadRequest.SpriteFromDisk:Highlander:E:\SteamLibrary\steamapps\common\BATTLETECH\Mods\GN Core\IS-Mechs\portraits\Highlander.png isGIF:False
16:42:48.443  DataManager.SpriteLoadRequest.SpriteFromDisk:hunchback:E:\SteamLibrary\steamapps\common\BATTLETECH\Mods\GN Core\IS-Mechs\portraits\hunchback.dds isGIF:False
16:42:48.445  DataManager.SpriteLoadRequest.SpriteFromDisk:Jagermech:E:\SteamLibrary\steamapps\common\BATTLETECH\Mods\GN Core\IS-Mechs\portraits\Jagermech.png isGIF:False
16:42:48.448  DataManager.SpriteLoadRequest.SpriteFromDisk:jenner:E:\SteamLibrary\steamapps\common\BATTLETECH\Mods\GN Core\IS-Mechs\portraits\jenner.dds isGIF:False
16:42:48.449  DataManager.SpriteLoadRequest.SpriteFromDisk:KingCrab:E:\SteamLibrary\steamapps\common\BATTLETECH\Mods\GN Core\IS-Mechs\portraits\KingCrab.png isGIF:False
16:42:48.455  DataManager.SpriteLoadRequest.SpriteFromDisk:Kintaro:E:\SteamLibrary\steamapps\common\BATTLETECH\Mods\GN Core\IS-Mechs\portraits\Kintaro.png isGIF:False
16:42:48.457  DataManager.SpriteLoadRequest.SpriteFromDisk:locust:E:\SteamLibrary\steamapps\common\BATTLETECH\Mods\GN Core\IS-Mechs\portraits\locust.dds isGIF:False
16:42:48.459  DataManager.SpriteLoadRequest.SpriteFromDisk:Marauder:E:\SteamLibrary\steamapps\common\BATTLETECH\Mods\GN Core\IS-Mechs\portraits\Marauder.png isGIF:False
16:42:48.465  DataManager.SpriteLoadRequest.SpriteFromDisk:Orion:E:\SteamLibrary\steamapps\common\BATTLETECH\Mods\GN Core\IS-Mechs\portraits\Orion.png isGIF:False
16:42:48.469  DataManager.SpriteLoadRequest.SpriteFromDisk:Panther:E:\SteamLibrary\steamapps\common\BATTLETECH\Mods\GN Core\IS-Mechs\portraits\Panther.png isGIF:False
16:42:48.471  DataManager.SpriteLoadRequest.SpriteFromDisk:Quickdraw:E:\SteamLibrary\steamapps\common\BATTLETECH\Mods\GN Core\IS-Mechs\portraits\Quickdraw.dds isGIF:False
16:42:48.476  DataManager.SpriteLoadRequest.SpriteFromDisk:spider:E:\SteamLibrary\steamapps\common\BATTLETECH\Mods\GN Core\IS-Mechs\portraits\spider.dds isGIF:False
16:42:48.478  DataManager.SpriteLoadRequest.SpriteFromDisk:Thunderbolt:E:\SteamLibrary\steamapps\common\BATTLETECH\Mods\GN Core\IS-Mechs\portraits\Thunderbolt.dds isGIF:False
16:42:48.480  DataManager.SpriteLoadRequest.SpriteFromDisk:uixTxrIcon_trebuchet:E:/SteamLibrary/steamapps/common/BATTLETECH/BattleTech_Data/StreamingAssets\sprites/MechPortraits/uixTxrIcon_trebuchet.dds isGIF:False
16:42:48.481  DataManager.SpriteLoadRequest.SpriteFromDisk:trebuchet:E:\SteamLibrary\steamapps\common\BATTLETECH\Mods\GN Core\IS-Mechs\portraits\trebuchet.dds isGIF:False
16:42:48.484  DataManager.SpriteLoadRequest.SpriteFromDisk:urbanmech:E:\SteamLibrary\steamapps\common\BATTLETECH\Mods\GN Core\IS-Mechs\portraits\urbanmech.dds isGIF:False
16:42:48.485  DataManager.SpriteLoadRequest.SpriteFromDisk:Victor:E:\SteamLibrary\steamapps\common\BATTLETECH\Mods\GN Core\IS-Mechs\portraits\Victor.png isGIF:False
16:42:48.489  DataManager.SpriteLoadRequest.SpriteFromDisk:Vindicator:E:\SteamLibrary\steamapps\common\BATTLETECH\Mods\GN Core\IS-Mechs\portraits\Vindicator.png isGIF:False
16:42:48.494  DataManager.SpriteLoadRequest.SpriteFromDisk:Warhammer:E:\SteamLibrary\steamapps\common\BATTLETECH\Mods\GN Core\IS-Mechs\portraits\Warhammer.png isGIF:False
16:42:48.499  DataManager.SpriteLoadRequest.SpriteFromDisk:Wolverine:E:\SteamLibrary\steamapps\common\BATTLETECH\Mods\GN Core\IS-Mechs\portraits\Wolverine.dds isGIF:False
16:42:48.501  DataManager.SpriteLoadRequest.SpriteFromDisk:Zeus:E:\SteamLibrary\steamapps\common\BATTLETECH\Mods\GN Core\IS-Mechs\portraits\Zeus.png isGIF:False
16:42:48.507  DataManager.SpriteLoadRequest.SpriteFromDisk:crab:E:\SteamLibrary\steamapps\common\BATTLETECH\Mods\GN Core\IS-Mechs\portraits\crab.dds isGIF:False
16:42:48.508  DataManager.SpriteLoadRequest.SpriteFromDisk:Cyclops:E:\SteamLibrary\steamapps\common\BATTLETECH\Mods\GN Core\IS-Mechs\portraits\Cyclops.png isGIF:False
16:42:48.514  DataManager.SpriteLoadRequest.SpriteFromDisk:Hatchetman:E:\SteamLibrary\steamapps\common\BATTLETECH\Mods\GN Core\IS-Mechs\portraits\Hatchetman.png isGIF:False
16:42:48.517  DataManager.SpriteLoadRequest.SpriteFromDisk:Annihilator:E:\SteamLibrary\steamapps\common\BATTLETECH\Mods\GN Core\IS-Mechs\portraits\Annihilator.png isGIF:False
16:42:48.519  DataManager.SpriteLoadRequest.SpriteFromDisk:Archer:E:\SteamLibrary\steamapps\common\BATTLETECH\Mods\GN Core\IS-Mechs\portraits\Archer.png isGIF:False
16:42:48.524  DataManager.SpriteLoadRequest.SpriteFromDisk:Assassin:E:\SteamLibrary\steamapps\common\BATTLETECH\Mods\GN Core\IS-Mechs\portraits\Assassin.png isGIF:False
16:42:48.528  DataManager.SpriteLoadRequest.SpriteFromDisk:uixTxrIcon_bullshark:E:/SteamLibrary/steamapps/common/BATTLETECH/BattleTech_Data/StreamingAssets\sprites/MechPortraits/uixTxrIcon_bullshark.dds isGIF:False
16:42:48.530  DataManager.SpriteLoadRequest.SpriteFromDisk:Flea:E:\SteamLibrary\steamapps\common\BATTLETECH\Mods\GN Core\IS-Mechs\portraits\Flea.png isGIF:False
16:42:48.534  DataManager.SpriteLoadRequest.SpriteFromDisk:phoenixhawk:E:\SteamLibrary\steamapps\common\BATTLETECH\Mods\GN Core\IS-Mechs\portraits\phoenixhawk.dds isGIF:False
16:42:48.536  DataManager.SpriteLoadRequest.SpriteFromDisk:Rifleman:E:\SteamLibrary\steamapps\common\BATTLETECH\Mods\GN Core\IS-Mechs\portraits\Rifleman.dds isGIF:False
16:42:48.540  DataManager.SpriteLoadRequest.SpriteFromDisk:vulcan:E:\SteamLibrary\steamapps\common\BATTLETECH\Mods\GN Core\IS-Mechs\portraits\vulcan.dds isGIF:False
16:42:48.542  DataManager.SpriteLoadRequest.SpriteFromDisk:javelin:E:\SteamLibrary\steamapps\common\BATTLETECH\Mods\GN Core\IS-Mechs\portraits\javelin.dds isGIF:False
16:42:48.547  DataManager.SpriteLoadRequest.SpriteFromDisk:Raven:E:\SteamLibrary\steamapps\common\BATTLETECH\Mods\GN Core\IS-Mechs\portraits\Raven.png isGIF:False
16:42:48.550  DataManager.SpriteLoadRequest.SpriteFromDisk:Cestus:E:\SteamLibrary\steamapps\common\BATTLETECH\Mods\GN Core\IS-Mechs\portraits\Cestus.png isGIF:False
16:42:48.552  DataManager.SpriteLoadRequest.SpriteFromDisk:chameleon:E:\SteamLibrary\steamapps\common\BATTLETECH\Mods\GN Core\IS-Mechs\portraits\chameleon.dds isGIF:False
16:42:48.553  DataManager.SpriteLoadRequest.SpriteFromDisk:Champion:E:\SteamLibrary\steamapps\common\BATTLETECH\Mods\GN Core\IS-Mechs\portraits\Champion.dds isGIF:False
16:42:48.556  DataManager.SpriteLoadRequest.SpriteFromDisk:clint:E:\SteamLibrary\steamapps\common\BATTLETECH\Mods\GN Core\IS-Mechs\portraits\clint.dds isGIF:False
16:42:48.557  DataManager.SpriteLoadRequest.SpriteFromDisk:Crockett:E:\SteamLibrary\steamapps\common\BATTLETECH\Mods\GN Core\IS-Mechs\portraits\Crockett.png isGIF:False
16:42:48.559  DataManager.SpriteLoadRequest.SpriteFromDisk:uixTxrIcon_hunchback:E:/SteamLibrary/steamapps/common/BATTLETECH/BattleTech_Data/StreamingAssets\sprites/MechPortraits/uixTxrIcon_hunchback.dds isGIF:False
16:42:48.559  DataManager.SpriteLoadRequest.SpriteFromDisk:crusader:E:\SteamLibrary\steamapps\common\BATTLETECH\Mods\GN Core\IS-Mechs\portraits\crusader.dds isGIF:False
16:42:48.560  DataManager.SpriteLoadRequest.SpriteFromDisk:Mauler:E:\SteamLibrary\steamapps\common\BATTLETECH\Mods\GN Core\IS-Mechs\portraits\Mauler.png isGIF:False
16:42:48.562  DataManager.SpriteLoadRequest.SpriteFromDisk:dervish:E:\SteamLibrary\steamapps\common\BATTLETECH\Mods\GN Core\IS-Mechs\portraits\dervish.dds isGIF:False
16:42:48.566  DataManager.SpriteLoadRequest.SpriteFromDisk:Devastator:E:\SteamLibrary\steamapps\common\BATTLETECH\Mods\GN Core\IS-Mechs\portraits\Devastator.png isGIF:False
16:42:48.568  DataManager.SpriteLoadRequest.SpriteFromDisk:Emperor:E:\SteamLibrary\steamapps\common\BATTLETECH\Mods\GN Core\IS-Mechs\portraits\Emperor.png isGIF:False
16:42:48.571  DataManager.SpriteLoadRequest.SpriteFromDisk:Exterminator:E:\SteamLibrary\steamapps\common\BATTLETECH\Mods\GN Core\IS-Mechs\portraits\Exterminator.png isGIF:False
16:42:48.573  DataManager.SpriteLoadRequest.SpriteFromDisk:Falcon:E:\SteamLibrary\steamapps\common\BATTLETECH\Mods\GN Core\IS-Mechs\portraits\Falcon.png isGIF:False
16:42:48.575  DataManager.SpriteLoadRequest.SpriteFromDisk:Firefly:E:\SteamLibrary\steamapps\common\BATTLETECH\Mods\GN Core\IS-Mechs\portraits\Firefly.png isGIF:False
16:42:48.589  DataManager.SpriteLoadRequest.SpriteFromDisk:Guillotine:E:\SteamLibrary\steamapps\common\BATTLETECH\Mods\GN Core\IS-Mechs\portraits\Guillotine.png isGIF:False
16:42:48.591  DataManager.SpriteLoadRequest.SpriteFromDisk:HatamotoChi:E:\SteamLibrary\steamapps\common\BATTLETECH\Mods\GN Core\IS-Mechs\portraits\HatamotoChi.png isGIF:False
16:42:48.593  DataManager.SpriteLoadRequest.SpriteFromDisk:Hermes:E:\SteamLibrary\steamapps\common\BATTLETECH\Mods\GN Core\IS-Mechs\portraits\Hermes.png isGIF:False
16:42:48.595  DataManager.SpriteLoadRequest.SpriteFromDisk:HermesII:E:\SteamLibrary\steamapps\common\BATTLETECH\Mods\GN Core\IS-Mechs\portraits\HermesII.png isGIF:False
16:42:48.596  DataManager.SpriteLoadRequest.SpriteFromDisk:Hornet:E:\SteamLibrary\steamapps\common\BATTLETECH\Mods\GN Core\IS-Mechs\portraits\Hornet.png isGIF:False
16:42:48.598  DataManager.SpriteLoadRequest.SpriteFromDisk:Hussar:E:\SteamLibrary\steamapps\common\BATTLETECH\Mods\GN Core\IS-Mechs\portraits\Hussar.png isGIF:False
16:42:48.602  DataManager.SpriteLoadRequest.SpriteFromDisk:Lancelot:E:\SteamLibrary\steamapps\common\BATTLETECH\Mods\GN Core\IS-Mechs\portraits\Lancelot.png isGIF:False
16:42:48.604  DataManager.SpriteLoadRequest.SpriteFromDisk:Longbow:E:\SteamLibrary\steamapps\common\BATTLETECH\Mods\GN Core\IS-Mechs\portraits\Longbow.png isGIF:False
16:42:48.608  DataManager.SpriteLoadRequest.SpriteFromDisk:mongoose:E:\SteamLibrary\steamapps\common\BATTLETECH\Mods\GN Core\IS-Mechs\portraits\mongoose.dds isGIF:False
16:42:48.609  DataManager.SpriteLoadRequest.SpriteFromDisk:Nightstar:E:\SteamLibrary\steamapps\common\BATTLETECH\Mods\GN Core\IS-Mechs\portraits\Nightstar.png isGIF:False
16:42:48.611  DataManager.SpriteLoadRequest.SpriteFromDisk:Ostroc:E:\SteamLibrary\steamapps\common\BATTLETECH\Mods\GN Core\IS-Mechs\portraits\Ostroc.png isGIF:False
16:42:48.616  DataManager.SpriteLoadRequest.SpriteFromDisk:Ostscout:E:\SteamLibrary\steamapps\common\BATTLETECH\Mods\GN Core\IS-Mechs\portraits\Ostscout.png isGIF:False
16:42:48.618  DataManager.SpriteLoadRequest.SpriteFromDisk:Ostsol:E:\SteamLibrary\steamapps\common\BATTLETECH\Mods\GN Core\IS-Mechs\portraits\Ostsol.png isGIF:False
16:42:48.619  DataManager.SpriteLoadRequest.SpriteFromDisk:Sentinel:E:\SteamLibrary\steamapps\common\BATTLETECH\Mods\GN Core\IS-Mechs\portraits\Sentinel.png isGIF:False
16:42:48.625  DataManager.SpriteLoadRequest.SpriteFromDisk:stinger:E:\SteamLibrary\steamapps\common\BATTLETECH\Mods\GN Core\IS-Mechs\portraits\stinger.dds isGIF:False
16:42:48.626  DataManager.SpriteLoadRequest.SpriteFromDisk:Thorn:E:\SteamLibrary\steamapps\common\BATTLETECH\Mods\GN Core\IS-Mechs\portraits\Thorn.png isGIF:False
16:42:48.627  DataManager.SpriteLoadRequest.SpriteFromDisk:Thug:E:\SteamLibrary\steamapps\common\BATTLETECH\Mods\GN Core\IS-Mechs\portraits\Thug.png isGIF:False
16:42:48.630  DataManager.SpriteLoadRequest.SpriteFromDisk:Titan:E:\SteamLibrary\steamapps\common\BATTLETECH\Mods\GN Core\IS-Mechs\portraits\Titan.png isGIF:False
16:42:48.632  DataManager.SpriteLoadRequest.SpriteFromDisk:Valkyrie:E:\SteamLibrary\steamapps\common\BATTLETECH\Mods\GN Core\IS-Mechs\portraits\Valkyrie.png isGIF:False
16:42:48.636  DataManager.SpriteLoadRequest.SpriteFromDisk:Whitworth:E:\SteamLibrary\steamapps\common\BATTLETECH\Mods\GN Core\IS-Mechs\portraits\Whitworth.png isGIF:False
16:42:48.638  DataManager.SpriteLoadRequest.SpriteFromDisk:Wolfhound:E:\SteamLibrary\steamapps\common\BATTLETECH\Mods\GN Core\IS-Mechs\portraits\Wolfhound.dds isGIF:False
16:42:48.639  DataManager.SpriteLoadRequest.SpriteFromDisk:wyvern:E:\SteamLibrary\steamapps\common\BATTLETECH\Mods\GN Core\IS-Mechs\portraits\wyvern.dds isGIF:False
