04:03:00.361  KICK DEPLOY_ROT IN HELL_D3E92207 baseDamage: 0.5 x mech tonnage: 1 = 1
04:03:00.362   - Left leg actuator damage multi is: 1
04:03:00.362   - Right leg actuator damage multi is: 1
04:03:00.362   - Using leg actuator damage multi of: 1
04:03:00.362   - Target damage per strike => final: 1 = (raw: 1 + mod: 0) x multi: 1 x actuatorMulti: 1
04:03:00.363  PUNCH DEPLOY_ROT IN HELL_D3E92207 damage => tonnageMulti: 0.5 x attacker tonnage: 1 = raw: 1
04:03:00.363   - Left arm actuator damage is: 1
04:03:00.363   - Right arm actuator damage is: 1
04:03:00.363   - Using arm actuator damage reduction of: 1
04:03:00.363   - Target damage per strike => final: 1 = (raw: 1 + mod: 0) x multi: 1 x reductionMulti: 1
04:03:00.373  DFA Target DEPLOY_ROT IN HELL_D3E92207 baseDamage: 1.5 x mech tonnage: 1 = 2
04:03:00.373   - Target damage => final: 2 = (raw: 2 + mod: 0) x multi: 1
04:03:00.373  KICK DEPLOY_ROT IN HELL_D3E92207 baseDamage: 0.5 x mech tonnage: 1 = 1
04:03:00.373   - Left leg actuator damage multi is: 1
04:03:00.373   - Right leg actuator damage multi is: 1
04:03:00.373   - Using leg actuator damage multi of: 1
04:03:00.373   - Target damage per strike => final: 1 = (raw: 1 + mod: 0) x multi: 1 x actuatorMulti: 1
04:03:00.373  PUNCH DEPLOY_ROT IN HELL_D3E92207 damage => tonnageMulti: 0.5 x attacker tonnage: 1 = raw: 1
04:03:00.373   - Left arm actuator damage is: 1
04:03:00.373   - Right arm actuator damage is: 1
04:03:00.373   - Using arm actuator damage reduction of: 1
04:03:00.373   - Target damage per strike => final: 1 = (raw: 1 + mod: 0) x multi: 1 x reductionMulti: 1
04:03:00.376  KICK DEPLOY_ROT IN HELL_D3E92207 baseDamage: 0.5 x mech tonnage: 1 = 1
04:03:00.376   - Left leg actuator damage multi is: 1
04:03:00.376   - Right leg actuator damage multi is: 1
04:03:00.376   - Using leg actuator damage multi of: 1
04:03:00.376   - Target damage per strike => final: 1 = (raw: 1 + mod: 0) x multi: 1 x actuatorMulti: 1
04:03:00.376  PUNCH DEPLOY_ROT IN HELL_D3E92207 damage => tonnageMulti: 0.5 x attacker tonnage: 1 = raw: 1
04:03:00.376   - Left arm actuator damage is: 1
04:03:00.376   - Right arm actuator damage is: 1
04:03:00.376   - Using arm actuator damage reduction of: 1
04:03:00.376   - Target damage per strike => final: 1 = (raw: 1 + mod: 0) x multi: 1 x reductionMulti: 1
04:03:00.376  DFA Target DEPLOY_ROT IN HELL_D3E92207 baseDamage: 1.5 x mech tonnage: 1 = 2
04:03:00.376   - Target damage => final: 2 = (raw: 2 + mod: 0) x multi: 1
04:03:00.376  KICK DEPLOY_ROT IN HELL_D3E92207 baseDamage: 0.5 x mech tonnage: 1 = 1
04:03:00.376   - Left leg actuator damage multi is: 1
04:03:00.376   - Right leg actuator damage multi is: 1
04:03:00.376   - Using leg actuator damage multi of: 1
04:03:00.376   - Target damage per strike => final: 1 = (raw: 1 + mod: 0) x multi: 1 x actuatorMulti: 1
04:03:00.376  PUNCH DEPLOY_ROT IN HELL_D3E92207 damage => tonnageMulti: 0.5 x attacker tonnage: 1 = raw: 1
04:03:00.376   - Left arm actuator damage is: 1
04:03:00.376   - Right arm actuator damage is: 1
04:03:00.376   - Using arm actuator damage reduction of: 1
04:03:00.376   - Target damage per strike => final: 1 = (raw: 1 + mod: 0) x multi: 1 x reductionMulti: 1
04:03:00.397  KICK DEPLOY_ROT IN HELL_D3E92207 baseDamage: 0.5 x mech tonnage: 1 = 1
04:03:00.397   - Left leg actuator damage multi is: 1
04:03:00.397   - Right leg actuator damage multi is: 1
04:03:00.397   - Using leg actuator damage multi of: 1
04:03:00.397   - Target damage per strike => final: 1 = (raw: 1 + mod: 0) x multi: 1 x actuatorMulti: 1
04:03:00.397  PUNCH DEPLOY_ROT IN HELL_D3E92207 damage => tonnageMulti: 0.5 x attacker tonnage: 1 = raw: 1
04:03:00.397   - Left arm actuator damage is: 1
04:03:00.397   - Right arm actuator damage is: 1
04:03:00.397   - Using arm actuator damage reduction of: 1
04:03:00.397   - Target damage per strike => final: 1 = (raw: 1 + mod: 0) x multi: 1 x reductionMulti: 1
04:03:00.398  DFA Target DEPLOY_ROT IN HELL_D3E92207 baseDamage: 1.5 x mech tonnage: 1 = 2
04:03:00.398   - Target damage => final: 2 = (raw: 2 + mod: 0) x multi: 1
04:03:00.398  KICK DEPLOY_ROT IN HELL_D3E92207 baseDamage: 0.5 x mech tonnage: 1 = 1
04:03:00.398   - Left leg actuator damage multi is: 1
04:03:00.398   - Right leg actuator damage multi is: 1
04:03:00.398   - Using leg actuator damage multi of: 1
04:03:00.398   - Target damage per strike => final: 1 = (raw: 1 + mod: 0) x multi: 1 x actuatorMulti: 1
04:03:00.398  PUNCH DEPLOY_ROT IN HELL_D3E92207 damage => tonnageMulti: 0.5 x attacker tonnage: 1 = raw: 1
04:03:00.398   - Left arm actuator damage is: 1
04:03:00.398   - Right arm actuator damage is: 1
04:03:00.398   - Using arm actuator damage reduction of: 1
04:03:00.398   - Target damage per strike => final: 1 = (raw: 1 + mod: 0) x multi: 1 x reductionMulti: 1
04:03:02.675  KICK Javelin_Trilobyte_7B9F1E30 baseDamage: 0.5 x mech tonnage: 30 = 30
04:03:02.675   - Left leg actuator damage multi is: 1
04:03:02.675   - Right leg actuator damage multi is: 1
04:03:02.675   - Using leg actuator damage multi of: 1
04:03:02.675   - Target damage per strike => final: 30 = (raw: 30 + mod: 0) x multi: 1 x actuatorMulti: 1
04:03:02.675  PUNCH Javelin_Trilobyte_7B9F1E30 damage => tonnageMulti: 0.5 x attacker tonnage: 30 = raw: 15
04:03:02.675   - Left arm actuator damage is: 1
04:03:02.675   - Right arm actuator damage is: 1
04:03:02.675   - Using arm actuator damage reduction of: 1
04:03:02.675   - Target damage per strike => final: 15 = (raw: 15 + mod: 0) x multi: 1 x reductionMulti: 1
04:03:02.675  DFA Target Javelin_Trilobyte_7B9F1E30 baseDamage: 1.5 x mech tonnage: 30 = 45
04:03:02.675   - Target damage => final: 45 = (raw: 45 + mod: 0) x multi: 1
04:03:02.675  KICK Javelin_Trilobyte_7B9F1E30 baseDamage: 0.5 x mech tonnage: 30 = 30
04:03:02.675   - Left leg actuator damage multi is: 1
04:03:02.675   - Right leg actuator damage multi is: 1
04:03:02.675   - Using leg actuator damage multi of: 1
04:03:02.675   - Target damage per strike => final: 30 = (raw: 30 + mod: 0) x multi: 1 x actuatorMulti: 1
04:03:02.675  PUNCH Javelin_Trilobyte_7B9F1E30 damage => tonnageMulti: 0.5 x attacker tonnage: 30 = raw: 15
04:03:02.675   - Left arm actuator damage is: 1
04:03:02.675   - Right arm actuator damage is: 1
04:03:02.675   - Using arm actuator damage reduction of: 1
04:03:02.675   - Target damage per strike => final: 15 = (raw: 15 + mod: 0) x multi: 1 x reductionMulti: 1
04:03:02.675  DFA Target Javelin_Trilobyte_7B9F1E30 baseDamage: 1.5 x mech tonnage: 30 = 45
04:03:02.675   - Target damage => final: 45 = (raw: 45 + mod: 0) x multi: 1
04:03:02.676  KICK Javelin_Trilobyte_7B9F1E30 baseDamage: 0.5 x mech tonnage: 30 = 30
04:03:02.676   - Left leg actuator damage multi is: 1
04:03:02.676   - Right leg actuator damage multi is: 1
04:03:02.676   - Using leg actuator damage multi of: 1
04:03:02.676   - Target damage per strike => final: 30 = (raw: 30 + mod: 0) x multi: 1 x actuatorMulti: 1
04:03:02.676  PUNCH Javelin_Trilobyte_7B9F1E30 damage => tonnageMulti: 0.5 x attacker tonnage: 30 = raw: 15
04:03:02.676   - Left arm actuator damage is: 1
04:03:02.676   - Right arm actuator damage is: 1
04:03:02.676   - Using arm actuator damage reduction of: 1
04:03:02.676   - Target damage per strike => final: 15 = (raw: 15 + mod: 0) x multi: 1 x reductionMulti: 1
04:03:02.676  DFA Target Javelin_Trilobyte_7B9F1E30 baseDamage: 1.5 x mech tonnage: 30 = 45
04:03:02.676   - Target damage => final: 45 = (raw: 45 + mod: 0) x multi: 1
04:03:02.676  KICK Javelin_Trilobyte_7B9F1E30 baseDamage: 0.5 x mech tonnage: 30 = 30
04:03:02.676   - Left leg actuator damage multi is: 1
04:03:02.676   - Right leg actuator damage multi is: 1
04:03:02.676   - Using leg actuator damage multi of: 1
04:03:02.676   - Target damage per strike => final: 30 = (raw: 30 + mod: 0) x multi: 1 x actuatorMulti: 1
04:03:02.676  PUNCH Javelin_Trilobyte_7B9F1E30 damage => tonnageMulti: 0.5 x attacker tonnage: 30 = raw: 15
04:03:02.676   - Left arm actuator damage is: 1
04:03:02.676   - Right arm actuator damage is: 1
04:03:02.676   - Using arm actuator damage reduction of: 1
04:03:02.676   - Target damage per strike => final: 15 = (raw: 15 + mod: 0) x multi: 1 x reductionMulti: 1
04:03:02.676  DFA Target Javelin_Trilobyte_7B9F1E30 baseDamage: 1.5 x mech tonnage: 30 = 45
04:03:02.677   - Target damage => final: 45 = (raw: 45 + mod: 0) x multi: 1
04:03:02.699  KICK Javelin_Trilobyte_7B9F1E30 baseDamage: 0.5 x mech tonnage: 30 = 30
04:03:02.699   - Left leg actuator damage multi is: 1
04:03:02.699   - Right leg actuator damage multi is: 1
04:03:02.699   - Using leg actuator damage multi of: 1
04:03:02.699   - Target damage per strike => final: 30 = (raw: 30 + mod: 0) x multi: 1 x actuatorMulti: 1
04:03:02.699  PUNCH Javelin_Trilobyte_7B9F1E30 damage => tonnageMulti: 0.5 x attacker tonnage: 30 = raw: 15
04:03:02.699   - Left arm actuator damage is: 1
04:03:02.699   - Right arm actuator damage is: 1
04:03:02.699   - Using arm actuator damage reduction of: 1
04:03:02.699   - Target damage per strike => final: 15 = (raw: 15 + mod: 0) x multi: 1 x reductionMulti: 1
04:03:02.699  DFA Target Javelin_Trilobyte_7B9F1E30 baseDamage: 1.5 x mech tonnage: 30 = 45
04:03:02.699   - Target damage => final: 45 = (raw: 45 + mod: 0) x multi: 1
04:03:02.699  KICK Javelin_Trilobyte_7B9F1E30 baseDamage: 0.5 x mech tonnage: 30 = 30
04:03:02.699   - Left leg actuator damage multi is: 1
04:03:02.699   - Right leg actuator damage multi is: 1
04:03:02.699   - Using leg actuator damage multi of: 1
04:03:02.699   - Target damage per strike => final: 30 = (raw: 30 + mod: 0) x multi: 1 x actuatorMulti: 1
04:03:02.699  PUNCH Javelin_Trilobyte_7B9F1E30 damage => tonnageMulti: 0.5 x attacker tonnage: 30 = raw: 15
04:03:02.699   - Left arm actuator damage is: 1
04:03:02.699   - Right arm actuator damage is: 1
04:03:02.699   - Using arm actuator damage reduction of: 1
04:03:02.699   - Target damage per strike => final: 15 = (raw: 15 + mod: 0) x multi: 1 x reductionMulti: 1
04:03:02.699  DFA Target Javelin_Trilobyte_7B9F1E30 baseDamage: 1.5 x mech tonnage: 30 = 45
04:03:02.700   - Target damage => final: 45 = (raw: 45 + mod: 0) x multi: 1
04:03:02.768  KICK Javelin_Trilobyte_7B9F1E30 baseDamage: 0.5 x mech tonnage: 30 = 30
04:03:02.768   - Left leg actuator damage multi is: 1
04:03:02.768   - Right leg actuator damage multi is: 1
04:03:02.768   - Using leg actuator damage multi of: 1
04:03:02.768   - Target damage per strike => final: 30 = (raw: 30 + mod: 0) x multi: 1 x actuatorMulti: 1
04:03:02.768  PUNCH Javelin_Trilobyte_7B9F1E30 damage => tonnageMulti: 0.5 x attacker tonnage: 30 = raw: 15
04:03:02.768   - Left arm actuator damage is: 1
04:03:02.768   - Right arm actuator damage is: 1
04:03:02.768   - Using arm actuator damage reduction of: 1
04:03:02.768   - Target damage per strike => final: 15 = (raw: 15 + mod: 0) x multi: 1 x reductionMulti: 1
04:03:02.769  DFA Target Javelin_Trilobyte_7B9F1E30 baseDamage: 1.5 x mech tonnage: 30 = 45
04:03:02.769   - Target damage => final: 45 = (raw: 45 + mod: 0) x multi: 1
04:03:02.769  KICK Javelin_Trilobyte_7B9F1E30 baseDamage: 0.5 x mech tonnage: 30 = 30
04:03:02.769   - Left leg actuator damage multi is: 1
04:03:02.769   - Right leg actuator damage multi is: 1
04:03:02.769   - Using leg actuator damage multi of: 1
04:03:02.769   - Target damage per strike => final: 30 = (raw: 30 + mod: 0) x multi: 1 x actuatorMulti: 1
04:03:02.769  PUNCH Javelin_Trilobyte_7B9F1E30 damage => tonnageMulti: 0.5 x attacker tonnage: 30 = raw: 15
04:03:02.769   - Left arm actuator damage is: 1
04:03:02.769   - Right arm actuator damage is: 1
04:03:02.769   - Using arm actuator damage reduction of: 1
04:03:02.769   - Target damage per strike => final: 15 = (raw: 15 + mod: 0) x multi: 1 x reductionMulti: 1
04:03:02.769  DFA Target Javelin_Trilobyte_7B9F1E30 baseDamage: 1.5 x mech tonnage: 30 = 45
04:03:02.769   - Target damage => final: 45 = (raw: 45 + mod: 0) x multi: 1
04:03:02.821  KICK Javelin_Trilobyte_7B9F1E30 baseDamage: 0.5 x mech tonnage: 30 = 30
04:03:02.821   - Left leg actuator damage multi is: 1
04:03:02.821   - Right leg actuator damage multi is: 1
04:03:02.821   - Using leg actuator damage multi of: 1
04:03:02.821   - Target damage per strike => final: 30 = (raw: 30 + mod: 0) x multi: 1 x actuatorMulti: 1
04:03:02.821  PUNCH Javelin_Trilobyte_7B9F1E30 damage => tonnageMulti: 0.5 x attacker tonnage: 30 = raw: 15
04:03:02.821   - Left arm actuator damage is: 1
04:03:02.821   - Right arm actuator damage is: 1
04:03:02.821   - Using arm actuator damage reduction of: 1
04:03:02.821   - Target damage per strike => final: 15 = (raw: 15 + mod: 0) x multi: 1 x reductionMulti: 1
04:03:02.821  DFA Target Javelin_Trilobyte_7B9F1E30 baseDamage: 1.5 x mech tonnage: 30 = 45
04:03:02.822   - Target damage => final: 45 = (raw: 45 + mod: 0) x multi: 1
04:03:02.822  KICK Javelin_Trilobyte_7B9F1E30 baseDamage: 0.5 x mech tonnage: 30 = 30
04:03:02.822   - Left leg actuator damage multi is: 1
04:03:02.822   - Right leg actuator damage multi is: 1
04:03:02.822   - Using leg actuator damage multi of: 1
04:03:02.822   - Target damage per strike => final: 30 = (raw: 30 + mod: 0) x multi: 1 x actuatorMulti: 1
04:03:02.822  PUNCH Javelin_Trilobyte_7B9F1E30 damage => tonnageMulti: 0.5 x attacker tonnage: 30 = raw: 15
04:03:02.822   - Left arm actuator damage is: 1
04:03:02.822   - Right arm actuator damage is: 1
04:03:02.822   - Using arm actuator damage reduction of: 1
04:03:02.822   - Target damage per strike => final: 15 = (raw: 15 + mod: 0) x multi: 1 x reductionMulti: 1
04:03:02.822  DFA Target Javelin_Trilobyte_7B9F1E30 baseDamage: 1.5 x mech tonnage: 30 = 45
04:03:02.822   - Target damage => final: 45 = (raw: 45 + mod: 0) x multi: 1
04:03:02.845  KICK Javelin_Trilobyte_7B9F1E30 baseDamage: 0.5 x mech tonnage: 30 = 30
04:03:02.845   - Left leg actuator damage multi is: 1
04:03:02.845   - Right leg actuator damage multi is: 1
04:03:02.845   - Using leg actuator damage multi of: 1
04:03:02.845   - Target damage per strike => final: 30 = (raw: 30 + mod: 0) x multi: 1 x actuatorMulti: 1
04:03:02.845  PUNCH Javelin_Trilobyte_7B9F1E30 damage => tonnageMulti: 0.5 x attacker tonnage: 30 = raw: 15
04:03:02.845   - Left arm actuator damage is: 1
04:03:02.845   - Right arm actuator damage is: 1
04:03:02.845   - Using arm actuator damage reduction of: 1
04:03:02.845   - Target damage per strike => final: 15 = (raw: 15 + mod: 0) x multi: 1 x reductionMulti: 1
04:03:02.845  DFA Target Javelin_Trilobyte_7B9F1E30 baseDamage: 1.5 x mech tonnage: 30 = 45
04:03:02.845   - Target damage => final: 45 = (raw: 45 + mod: 0) x multi: 1
04:03:02.846  KICK Javelin_Trilobyte_7B9F1E30 baseDamage: 0.5 x mech tonnage: 30 = 30
04:03:02.846   - Left leg actuator damage multi is: 1
04:03:02.846   - Right leg actuator damage multi is: 1
04:03:02.846   - Using leg actuator damage multi of: 1
04:03:02.846   - Target damage per strike => final: 30 = (raw: 30 + mod: 0) x multi: 1 x actuatorMulti: 1
04:03:02.846  PUNCH Javelin_Trilobyte_7B9F1E30 damage => tonnageMulti: 0.5 x attacker tonnage: 30 = raw: 15
04:03:02.846   - Left arm actuator damage is: 1
04:03:02.846   - Right arm actuator damage is: 1
04:03:02.846   - Using arm actuator damage reduction of: 1
04:03:02.846   - Target damage per strike => final: 15 = (raw: 15 + mod: 0) x multi: 1 x reductionMulti: 1
04:03:02.846  DFA Target Javelin_Trilobyte_7B9F1E30 baseDamage: 1.5 x mech tonnage: 30 = 45
04:03:02.846   - Target damage => final: 45 = (raw: 45 + mod: 0) x multi: 1
04:03:03.173  KICK Javelin_Trilobyte_7B9F1E30 baseDamage: 0.5 x mech tonnage: 30 = 30
04:03:03.173   - Left leg actuator damage multi is: 1
04:03:03.173   - Right leg actuator damage multi is: 1
04:03:03.173   - Using leg actuator damage multi of: 1
04:03:03.173   - Target damage per strike => final: 30 = (raw: 30 + mod: 0) x multi: 1 x actuatorMulti: 1
04:03:03.173  PUNCH Javelin_Trilobyte_7B9F1E30 damage => tonnageMulti: 0.5 x attacker tonnage: 30 = raw: 15
04:03:03.173   - Left arm actuator damage is: 1
04:03:03.173   - Right arm actuator damage is: 1
04:03:03.173   - Using arm actuator damage reduction of: 1
04:03:03.173   - Target damage per strike => final: 15 = (raw: 15 + mod: 0) x multi: 1 x reductionMulti: 1
04:03:03.173  DFA Target Javelin_Trilobyte_7B9F1E30 baseDamage: 1.5 x mech tonnage: 30 = 45
04:03:03.173   - Target damage => final: 45 = (raw: 45 + mod: 0) x multi: 1
04:03:03.173  KICK Javelin_Trilobyte_7B9F1E30 baseDamage: 0.5 x mech tonnage: 30 = 30
04:03:03.173   - Left leg actuator damage multi is: 1
04:03:03.173   - Right leg actuator damage multi is: 1
04:03:03.173   - Using leg actuator damage multi of: 1
04:03:03.173   - Target damage per strike => final: 30 = (raw: 30 + mod: 0) x multi: 1 x actuatorMulti: 1
04:03:03.173  PUNCH Javelin_Trilobyte_7B9F1E30 damage => tonnageMulti: 0.5 x attacker tonnage: 30 = raw: 15
04:03:03.173   - Left arm actuator damage is: 1
04:03:03.173   - Right arm actuator damage is: 1
04:03:03.173   - Using arm actuator damage reduction of: 1
04:03:03.173   - Target damage per strike => final: 15 = (raw: 15 + mod: 0) x multi: 1 x reductionMulti: 1
04:03:03.173  DFA Target Javelin_Trilobyte_7B9F1E30 baseDamage: 1.5 x mech tonnage: 30 = 45
04:03:03.173   - Target damage => final: 45 = (raw: 45 + mod: 0) x multi: 1
04:03:03.249  KICK Javelin_Trilobyte_7B9F1E30 baseDamage: 0.5 x mech tonnage: 30 = 30
04:03:03.249   - Left leg actuator damage multi is: 1
04:03:03.249   - Right leg actuator damage multi is: 1
04:03:03.249   - Using leg actuator damage multi of: 1
04:03:03.250   - Target damage per strike => final: 30 = (raw: 30 + mod: 0) x multi: 1 x actuatorMulti: 1
04:03:03.250  PUNCH Javelin_Trilobyte_7B9F1E30 damage => tonnageMulti: 0.5 x attacker tonnage: 30 = raw: 15
04:03:03.250   - Left arm actuator damage is: 1
04:03:03.250   - Right arm actuator damage is: 1
04:03:03.250   - Using arm actuator damage reduction of: 1
04:03:03.250   - Target damage per strike => final: 15 = (raw: 15 + mod: 0) x multi: 1 x reductionMulti: 1
04:03:03.250  DFA Target Javelin_Trilobyte_7B9F1E30 baseDamage: 1.5 x mech tonnage: 30 = 45
04:03:03.250   - Target damage => final: 45 = (raw: 45 + mod: 0) x multi: 1
04:03:03.250  KICK Javelin_Trilobyte_7B9F1E30 baseDamage: 0.5 x mech tonnage: 30 = 30
04:03:03.250   - Left leg actuator damage multi is: 1
04:03:03.250   - Right leg actuator damage multi is: 1
04:03:03.250   - Using leg actuator damage multi of: 1
04:03:03.250   - Target damage per strike => final: 30 = (raw: 30 + mod: 0) x multi: 1 x actuatorMulti: 1
04:03:03.250  PUNCH Javelin_Trilobyte_7B9F1E30 damage => tonnageMulti: 0.5 x attacker tonnage: 30 = raw: 15
04:03:03.250   - Left arm actuator damage is: 1
04:03:03.250   - Right arm actuator damage is: 1
04:03:03.250   - Using arm actuator damage reduction of: 1
04:03:03.250   - Target damage per strike => final: 15 = (raw: 15 + mod: 0) x multi: 1 x reductionMulti: 1
04:03:03.250  DFA Target Javelin_Trilobyte_7B9F1E30 baseDamage: 1.5 x mech tonnage: 30 = 45
04:03:03.250   - Target damage => final: 45 = (raw: 45 + mod: 0) x multi: 1
04:03:03.279  KICK Javelin_Trilobyte_7B9F1E30 baseDamage: 0.5 x mech tonnage: 30 = 30
04:03:03.279   - Left leg actuator damage multi is: 1
04:03:03.279   - Right leg actuator damage multi is: 1
04:03:03.279   - Using leg actuator damage multi of: 1
04:03:03.279   - Target damage per strike => final: 30 = (raw: 30 + mod: 0) x multi: 1 x actuatorMulti: 1
04:03:03.279  PUNCH Javelin_Trilobyte_7B9F1E30 damage => tonnageMulti: 0.5 x attacker tonnage: 30 = raw: 15
04:03:03.279   - Left arm actuator damage is: 1
04:03:03.279   - Right arm actuator damage is: 1
04:03:03.279   - Using arm actuator damage reduction of: 1
04:03:03.279   - Target damage per strike => final: 15 = (raw: 15 + mod: 0) x multi: 1 x reductionMulti: 1
04:03:03.279  DFA Target Javelin_Trilobyte_7B9F1E30 baseDamage: 1.5 x mech tonnage: 30 = 45
04:03:03.279   - Target damage => final: 45 = (raw: 45 + mod: 0) x multi: 1
04:03:03.280  KICK Javelin_Trilobyte_7B9F1E30 baseDamage: 0.5 x mech tonnage: 30 = 30
04:03:03.280   - Left leg actuator damage multi is: 1
04:03:03.280   - Right leg actuator damage multi is: 1
04:03:03.280   - Using leg actuator damage multi of: 1
04:03:03.280   - Target damage per strike => final: 30 = (raw: 30 + mod: 0) x multi: 1 x actuatorMulti: 1
04:03:03.280  PUNCH Javelin_Trilobyte_7B9F1E30 damage => tonnageMulti: 0.5 x attacker tonnage: 30 = raw: 15
04:03:03.280   - Left arm actuator damage is: 1
04:03:03.280   - Right arm actuator damage is: 1
04:03:03.280   - Using arm actuator damage reduction of: 1
04:03:03.280   - Target damage per strike => final: 15 = (raw: 15 + mod: 0) x multi: 1 x reductionMulti: 1
04:03:03.280  DFA Target Javelin_Trilobyte_7B9F1E30 baseDamage: 1.5 x mech tonnage: 30 = 45
04:03:03.280   - Target damage => final: 45 = (raw: 45 + mod: 0) x multi: 1
04:03:03.344  KICK Javelin_Trilobyte_7B9F1E30 baseDamage: 0.5 x mech tonnage: 30 = 30
04:03:03.344   - Left leg actuator damage multi is: 1
04:03:03.344   - Right leg actuator damage multi is: 1
04:03:03.344   - Using leg actuator damage multi of: 1
04:03:03.344   - Target damage per strike => final: 30 = (raw: 30 + mod: 0) x multi: 1 x actuatorMulti: 1
04:03:03.344  PUNCH Javelin_Trilobyte_7B9F1E30 damage => tonnageMulti: 0.5 x attacker tonnage: 30 = raw: 15
04:03:03.344   - Left arm actuator damage is: 1
04:03:03.344   - Right arm actuator damage is: 1
04:03:03.344   - Using arm actuator damage reduction of: 1
04:03:03.344   - Target damage per strike => final: 15 = (raw: 15 + mod: 0) x multi: 1 x reductionMulti: 1
04:03:03.344  DFA Target Javelin_Trilobyte_7B9F1E30 baseDamage: 1.5 x mech tonnage: 30 = 45
04:03:03.344   - Target damage => final: 45 = (raw: 45 + mod: 0) x multi: 1
04:03:03.345  KICK Javelin_Trilobyte_7B9F1E30 baseDamage: 0.5 x mech tonnage: 30 = 30
04:03:03.345   - Left leg actuator damage multi is: 1
04:03:03.345   - Right leg actuator damage multi is: 1
04:03:03.345   - Using leg actuator damage multi of: 1
04:03:03.345   - Target damage per strike => final: 30 = (raw: 30 + mod: 0) x multi: 1 x actuatorMulti: 1
04:03:03.345  PUNCH Javelin_Trilobyte_7B9F1E30 damage => tonnageMulti: 0.5 x attacker tonnage: 30 = raw: 15
04:03:03.345   - Left arm actuator damage is: 1
04:03:03.345   - Right arm actuator damage is: 1
04:03:03.345   - Using arm actuator damage reduction of: 1
04:03:03.345   - Target damage per strike => final: 15 = (raw: 15 + mod: 0) x multi: 1 x reductionMulti: 1
04:03:03.345  DFA Target Javelin_Trilobyte_7B9F1E30 baseDamage: 1.5 x mech tonnage: 30 = 45
04:03:03.345   - Target damage => final: 45 = (raw: 45 + mod: 0) x multi: 1
04:03:03.382  KICK Javelin_Trilobyte_7B9F1E30 baseDamage: 0.5 x mech tonnage: 30 = 30
04:03:03.382   - Left leg actuator damage multi is: 1
04:03:03.382   - Right leg actuator damage multi is: 1
04:03:03.382   - Using leg actuator damage multi of: 1
04:03:03.382   - Target damage per strike => final: 30 = (raw: 30 + mod: 0) x multi: 1 x actuatorMulti: 1
04:03:03.382  PUNCH Javelin_Trilobyte_7B9F1E30 damage => tonnageMulti: 0.5 x attacker tonnage: 30 = raw: 15
04:03:03.382   - Left arm actuator damage is: 1
04:03:03.382   - Right arm actuator damage is: 1
04:03:03.382   - Using arm actuator damage reduction of: 1
04:03:03.382   - Target damage per strike => final: 15 = (raw: 15 + mod: 0) x multi: 1 x reductionMulti: 1
04:03:03.382  DFA Target Javelin_Trilobyte_7B9F1E30 baseDamage: 1.5 x mech tonnage: 30 = 45
04:03:03.382   - Target damage => final: 45 = (raw: 45 + mod: 0) x multi: 1
04:03:03.382  KICK Javelin_Trilobyte_7B9F1E30 baseDamage: 0.5 x mech tonnage: 30 = 30
04:03:03.382   - Left leg actuator damage multi is: 1
04:03:03.382   - Right leg actuator damage multi is: 1
04:03:03.382   - Using leg actuator damage multi of: 1
04:03:03.382   - Target damage per strike => final: 30 = (raw: 30 + mod: 0) x multi: 1 x actuatorMulti: 1
04:03:03.382  PUNCH Javelin_Trilobyte_7B9F1E30 damage => tonnageMulti: 0.5 x attacker tonnage: 30 = raw: 15
04:03:03.382   - Left arm actuator damage is: 1
04:03:03.382   - Right arm actuator damage is: 1
04:03:03.382   - Using arm actuator damage reduction of: 1
04:03:03.382   - Target damage per strike => final: 15 = (raw: 15 + mod: 0) x multi: 1 x reductionMulti: 1
04:03:03.382  DFA Target Javelin_Trilobyte_7B9F1E30 baseDamage: 1.5 x mech tonnage: 30 = 45
04:03:03.382   - Target damage => final: 45 = (raw: 45 + mod: 0) x multi: 1
04:03:03.420  KICK Javelin_Trilobyte_7B9F1E30 baseDamage: 0.5 x mech tonnage: 30 = 30
04:03:03.420   - Left leg actuator damage multi is: 1
04:03:03.420   - Right leg actuator damage multi is: 1
04:03:03.420   - Using leg actuator damage multi of: 1
04:03:03.420   - Target damage per strike => final: 30 = (raw: 30 + mod: 0) x multi: 1 x actuatorMulti: 1
04:03:03.420  PUNCH Javelin_Trilobyte_7B9F1E30 damage => tonnageMulti: 0.5 x attacker tonnage: 30 = raw: 15
04:03:03.420   - Left arm actuator damage is: 1
04:03:03.420   - Right arm actuator damage is: 1
04:03:03.420   - Using arm actuator damage reduction of: 1
04:03:03.420   - Target damage per strike => final: 15 = (raw: 15 + mod: 0) x multi: 1 x reductionMulti: 1
04:03:03.420  DFA Target Javelin_Trilobyte_7B9F1E30 baseDamage: 1.5 x mech tonnage: 30 = 45
04:03:03.420   - Target damage => final: 45 = (raw: 45 + mod: 0) x multi: 1
04:03:03.421  KICK Javelin_Trilobyte_7B9F1E30 baseDamage: 0.5 x mech tonnage: 30 = 30
04:03:03.421   - Left leg actuator damage multi is: 1
04:03:03.421   - Right leg actuator damage multi is: 1
04:03:03.421   - Using leg actuator damage multi of: 1
04:03:03.421   - Target damage per strike => final: 30 = (raw: 30 + mod: 0) x multi: 1 x actuatorMulti: 1
04:03:03.421  PUNCH Javelin_Trilobyte_7B9F1E30 damage => tonnageMulti: 0.5 x attacker tonnage: 30 = raw: 15
04:03:03.421   - Left arm actuator damage is: 1
04:03:03.421   - Right arm actuator damage is: 1
04:03:03.421   - Using arm actuator damage reduction of: 1
04:03:03.421   - Target damage per strike => final: 15 = (raw: 15 + mod: 0) x multi: 1 x reductionMulti: 1
04:03:03.421  DFA Target Javelin_Trilobyte_7B9F1E30 baseDamage: 1.5 x mech tonnage: 30 = 45
04:03:03.421   - Target damage => final: 45 = (raw: 45 + mod: 0) x multi: 1
04:03:03.440  KICK Javelin_Trilobyte_7B9F1E30 baseDamage: 0.5 x mech tonnage: 30 = 30
04:03:03.440   - Left leg actuator damage multi is: 1
04:03:03.440   - Right leg actuator damage multi is: 1
04:03:03.440   - Using leg actuator damage multi of: 1
04:03:03.440   - Target damage per strike => final: 30 = (raw: 30 + mod: 0) x multi: 1 x actuatorMulti: 1
04:03:03.440  PUNCH Javelin_Trilobyte_7B9F1E30 damage => tonnageMulti: 0.5 x attacker tonnage: 30 = raw: 15
04:03:03.440   - Left arm actuator damage is: 1
04:03:03.440   - Right arm actuator damage is: 1
04:03:03.440   - Using arm actuator damage reduction of: 1
04:03:03.440   - Target damage per strike => final: 15 = (raw: 15 + mod: 0) x multi: 1 x reductionMulti: 1
04:03:03.440  DFA Target Javelin_Trilobyte_7B9F1E30 baseDamage: 1.5 x mech tonnage: 30 = 45
04:03:03.440   - Target damage => final: 45 = (raw: 45 + mod: 0) x multi: 1
04:03:03.440  KICK Javelin_Trilobyte_7B9F1E30 baseDamage: 0.5 x mech tonnage: 30 = 30
04:03:03.440   - Left leg actuator damage multi is: 1
04:03:03.440   - Right leg actuator damage multi is: 1
04:03:03.440   - Using leg actuator damage multi of: 1
04:03:03.440   - Target damage per strike => final: 30 = (raw: 30 + mod: 0) x multi: 1 x actuatorMulti: 1
04:03:03.440  PUNCH Javelin_Trilobyte_7B9F1E30 damage => tonnageMulti: 0.5 x attacker tonnage: 30 = raw: 15
04:03:03.440   - Left arm actuator damage is: 1
04:03:03.440   - Right arm actuator damage is: 1
04:03:03.440   - Using arm actuator damage reduction of: 1
04:03:03.440   - Target damage per strike => final: 15 = (raw: 15 + mod: 0) x multi: 1 x reductionMulti: 1
04:03:03.440  DFA Target Javelin_Trilobyte_7B9F1E30 baseDamage: 1.5 x mech tonnage: 30 = 45
04:03:03.440   - Target damage => final: 45 = (raw: 45 + mod: 0) x multi: 1
04:03:03.451  KICK Javelin_Trilobyte_7B9F1E30 baseDamage: 0.5 x mech tonnage: 30 = 30
04:03:03.451   - Left leg actuator damage multi is: 1
04:03:03.451   - Right leg actuator damage multi is: 1
04:03:03.451   - Using leg actuator damage multi of: 1
04:03:03.451   - Target damage per strike => final: 30 = (raw: 30 + mod: 0) x multi: 1 x actuatorMulti: 1
04:03:03.451  PUNCH Javelin_Trilobyte_7B9F1E30 damage => tonnageMulti: 0.5 x attacker tonnage: 30 = raw: 15
04:03:03.451   - Left arm actuator damage is: 1
04:03:03.451   - Right arm actuator damage is: 1
04:03:03.451   - Using arm actuator damage reduction of: 1
04:03:03.451   - Target damage per strike => final: 15 = (raw: 15 + mod: 0) x multi: 1 x reductionMulti: 1
04:03:03.451  DFA Target Javelin_Trilobyte_7B9F1E30 baseDamage: 1.5 x mech tonnage: 30 = 45
04:03:03.451   - Target damage => final: 45 = (raw: 45 + mod: 0) x multi: 1
04:03:03.451  KICK Javelin_Trilobyte_7B9F1E30 baseDamage: 0.5 x mech tonnage: 30 = 30
04:03:03.451   - Left leg actuator damage multi is: 1
04:03:03.451   - Right leg actuator damage multi is: 1
04:03:03.451   - Using leg actuator damage multi of: 1
04:03:03.451   - Target damage per strike => final: 30 = (raw: 30 + mod: 0) x multi: 1 x actuatorMulti: 1
04:03:03.451  PUNCH Javelin_Trilobyte_7B9F1E30 damage => tonnageMulti: 0.5 x attacker tonnage: 30 = raw: 15
04:03:03.451   - Left arm actuator damage is: 1
04:03:03.451   - Right arm actuator damage is: 1
04:03:03.451   - Using arm actuator damage reduction of: 1
04:03:03.451   - Target damage per strike => final: 15 = (raw: 15 + mod: 0) x multi: 1 x reductionMulti: 1
04:03:03.452  DFA Target Javelin_Trilobyte_7B9F1E30 baseDamage: 1.5 x mech tonnage: 30 = 45
04:03:03.452   - Target damage => final: 45 = (raw: 45 + mod: 0) x multi: 1
04:03:03.470  KICK Javelin_Trilobyte_7B9F1E30 baseDamage: 0.5 x mech tonnage: 30 = 30
04:03:03.470   - Left leg actuator damage multi is: 1
04:03:03.470   - Right leg actuator damage multi is: 1
04:03:03.471   - Using leg actuator damage multi of: 1
04:03:03.471   - Target damage per strike => final: 30 = (raw: 30 + mod: 0) x multi: 1 x actuatorMulti: 1
04:03:03.471  PUNCH Javelin_Trilobyte_7B9F1E30 damage => tonnageMulti: 0.5 x attacker tonnage: 30 = raw: 15
04:03:03.471   - Left arm actuator damage is: 1
04:03:03.471   - Right arm actuator damage is: 1
04:03:03.471   - Using arm actuator damage reduction of: 1
04:03:03.471   - Target damage per strike => final: 15 = (raw: 15 + mod: 0) x multi: 1 x reductionMulti: 1
04:03:03.471  DFA Target Javelin_Trilobyte_7B9F1E30 baseDamage: 1.5 x mech tonnage: 30 = 45
04:03:03.471   - Target damage => final: 45 = (raw: 45 + mod: 0) x multi: 1
04:03:03.471  KICK Javelin_Trilobyte_7B9F1E30 baseDamage: 0.5 x mech tonnage: 30 = 30
04:03:03.471   - Left leg actuator damage multi is: 1
04:03:03.471   - Right leg actuator damage multi is: 1
04:03:03.471   - Using leg actuator damage multi of: 1
04:03:03.471   - Target damage per strike => final: 30 = (raw: 30 + mod: 0) x multi: 1 x actuatorMulti: 1
04:03:03.471  PUNCH Javelin_Trilobyte_7B9F1E30 damage => tonnageMulti: 0.5 x attacker tonnage: 30 = raw: 15
04:03:03.471   - Left arm actuator damage is: 1
04:03:03.471   - Right arm actuator damage is: 1
04:03:03.471   - Using arm actuator damage reduction of: 1
04:03:03.471   - Target damage per strike => final: 15 = (raw: 15 + mod: 0) x multi: 1 x reductionMulti: 1
04:03:03.471  DFA Target Javelin_Trilobyte_7B9F1E30 baseDamage: 1.5 x mech tonnage: 30 = 45
04:03:03.471   - Target damage => final: 45 = (raw: 45 + mod: 0) x multi: 1
04:03:03.483  KICK Javelin_Trilobyte_7B9F1E30 baseDamage: 0.5 x mech tonnage: 30 = 30
04:03:03.483   - Left leg actuator damage multi is: 1
04:03:03.483   - Right leg actuator damage multi is: 1
04:03:03.483   - Using leg actuator damage multi of: 1
04:03:03.483   - Target damage per strike => final: 30 = (raw: 30 + mod: 0) x multi: 1 x actuatorMulti: 1
04:03:03.483  PUNCH Javelin_Trilobyte_7B9F1E30 damage => tonnageMulti: 0.5 x attacker tonnage: 30 = raw: 15
04:03:03.483   - Left arm actuator damage is: 1
04:03:03.483   - Right arm actuator damage is: 1
04:03:03.483   - Using arm actuator damage reduction of: 1
04:03:03.483   - Target damage per strike => final: 15 = (raw: 15 + mod: 0) x multi: 1 x reductionMulti: 1
04:03:03.484  DFA Target Javelin_Trilobyte_7B9F1E30 baseDamage: 1.5 x mech tonnage: 30 = 45
04:03:03.484   - Target damage => final: 45 = (raw: 45 + mod: 0) x multi: 1
04:03:03.484  KICK Javelin_Trilobyte_7B9F1E30 baseDamage: 0.5 x mech tonnage: 30 = 30
04:03:03.484   - Left leg actuator damage multi is: 1
04:03:03.484   - Right leg actuator damage multi is: 1
04:03:03.484   - Using leg actuator damage multi of: 1
04:03:03.484   - Target damage per strike => final: 30 = (raw: 30 + mod: 0) x multi: 1 x actuatorMulti: 1
04:03:03.484  PUNCH Javelin_Trilobyte_7B9F1E30 damage => tonnageMulti: 0.5 x attacker tonnage: 30 = raw: 15
04:03:03.484   - Left arm actuator damage is: 1
04:03:03.484   - Right arm actuator damage is: 1
04:03:03.484   - Using arm actuator damage reduction of: 1
04:03:03.484   - Target damage per strike => final: 15 = (raw: 15 + mod: 0) x multi: 1 x reductionMulti: 1
04:03:03.484  DFA Target Javelin_Trilobyte_7B9F1E30 baseDamage: 1.5 x mech tonnage: 30 = 45
04:03:03.484   - Target damage => final: 45 = (raw: 45 + mod: 0) x multi: 1
04:03:03.502  KICK Javelin_Trilobyte_7B9F1E30 baseDamage: 0.5 x mech tonnage: 30 = 30
04:03:03.502   - Left leg actuator damage multi is: 1
04:03:03.502   - Right leg actuator damage multi is: 1
04:03:03.502   - Using leg actuator damage multi of: 1
04:03:03.502   - Target damage per strike => final: 30 = (raw: 30 + mod: 0) x multi: 1 x actuatorMulti: 1
04:03:03.502  PUNCH Javelin_Trilobyte_7B9F1E30 damage => tonnageMulti: 0.5 x attacker tonnage: 30 = raw: 15
04:03:03.502   - Left arm actuator damage is: 1
04:03:03.502   - Right arm actuator damage is: 1
04:03:03.502   - Using arm actuator damage reduction of: 1
04:03:03.502   - Target damage per strike => final: 15 = (raw: 15 + mod: 0) x multi: 1 x reductionMulti: 1
04:03:03.503  DFA Target Javelin_Trilobyte_7B9F1E30 baseDamage: 1.5 x mech tonnage: 30 = 45
04:03:03.503   - Target damage => final: 45 = (raw: 45 + mod: 0) x multi: 1
04:03:03.503  KICK Javelin_Trilobyte_7B9F1E30 baseDamage: 0.5 x mech tonnage: 30 = 30
04:03:03.503   - Left leg actuator damage multi is: 1
04:03:03.503   - Right leg actuator damage multi is: 1
04:03:03.503   - Using leg actuator damage multi of: 1
04:03:03.503   - Target damage per strike => final: 30 = (raw: 30 + mod: 0) x multi: 1 x actuatorMulti: 1
04:03:03.503  PUNCH Javelin_Trilobyte_7B9F1E30 damage => tonnageMulti: 0.5 x attacker tonnage: 30 = raw: 15
04:03:03.503   - Left arm actuator damage is: 1
04:03:03.503   - Right arm actuator damage is: 1
04:03:03.503   - Using arm actuator damage reduction of: 1
04:03:03.503   - Target damage per strike => final: 15 = (raw: 15 + mod: 0) x multi: 1 x reductionMulti: 1
04:03:03.503  DFA Target Javelin_Trilobyte_7B9F1E30 baseDamage: 1.5 x mech tonnage: 30 = 45
04:03:03.503   - Target damage => final: 45 = (raw: 45 + mod: 0) x multi: 1
04:03:03.515  KICK Javelin_Trilobyte_7B9F1E30 baseDamage: 0.5 x mech tonnage: 30 = 30
04:03:03.515   - Left leg actuator damage multi is: 1
04:03:03.515   - Right leg actuator damage multi is: 1
04:03:03.515   - Using leg actuator damage multi of: 1
04:03:03.515   - Target damage per strike => final: 30 = (raw: 30 + mod: 0) x multi: 1 x actuatorMulti: 1
04:03:03.515  PUNCH Javelin_Trilobyte_7B9F1E30 damage => tonnageMulti: 0.5 x attacker tonnage: 30 = raw: 15
04:03:03.515   - Left arm actuator damage is: 1
04:03:03.515   - Right arm actuator damage is: 1
04:03:03.515   - Using arm actuator damage reduction of: 1
04:03:03.515   - Target damage per strike => final: 15 = (raw: 15 + mod: 0) x multi: 1 x reductionMulti: 1
04:03:03.515  DFA Target Javelin_Trilobyte_7B9F1E30 baseDamage: 1.5 x mech tonnage: 30 = 45
04:03:03.515   - Target damage => final: 45 = (raw: 45 + mod: 0) x multi: 1
04:03:03.515  KICK Javelin_Trilobyte_7B9F1E30 baseDamage: 0.5 x mech tonnage: 30 = 30
04:03:03.515   - Left leg actuator damage multi is: 1
04:03:03.515   - Right leg actuator damage multi is: 1
04:03:03.515   - Using leg actuator damage multi of: 1
04:03:03.516   - Target damage per strike => final: 30 = (raw: 30 + mod: 0) x multi: 1 x actuatorMulti: 1
04:03:03.516  PUNCH Javelin_Trilobyte_7B9F1E30 damage => tonnageMulti: 0.5 x attacker tonnage: 30 = raw: 15
04:03:03.516   - Left arm actuator damage is: 1
04:03:03.516   - Right arm actuator damage is: 1
04:03:03.516   - Using arm actuator damage reduction of: 1
04:03:03.516   - Target damage per strike => final: 15 = (raw: 15 + mod: 0) x multi: 1 x reductionMulti: 1
04:03:03.516  DFA Target Javelin_Trilobyte_7B9F1E30 baseDamage: 1.5 x mech tonnage: 30 = 45
04:03:03.516   - Target damage => final: 45 = (raw: 45 + mod: 0) x multi: 1
04:03:03.527  KICK Javelin_Trilobyte_7B9F1E30 baseDamage: 0.5 x mech tonnage: 30 = 30
04:03:03.527   - Left leg actuator damage multi is: 1
04:03:03.527   - Right leg actuator damage multi is: 1
04:03:03.527   - Using leg actuator damage multi of: 1
04:03:03.527   - Target damage per strike => final: 30 = (raw: 30 + mod: 0) x multi: 1 x actuatorMulti: 1
04:03:03.527  PUNCH Javelin_Trilobyte_7B9F1E30 damage => tonnageMulti: 0.5 x attacker tonnage: 30 = raw: 15
04:03:03.527   - Left arm actuator damage is: 1
04:03:03.527   - Right arm actuator damage is: 1
04:03:03.527   - Using arm actuator damage reduction of: 1
04:03:03.527   - Target damage per strike => final: 15 = (raw: 15 + mod: 0) x multi: 1 x reductionMulti: 1
04:03:03.527  DFA Target Javelin_Trilobyte_7B9F1E30 baseDamage: 1.5 x mech tonnage: 30 = 45
04:03:03.527   - Target damage => final: 45 = (raw: 45 + mod: 0) x multi: 1
04:03:03.527  KICK Javelin_Trilobyte_7B9F1E30 baseDamage: 0.5 x mech tonnage: 30 = 30
04:03:03.527   - Left leg actuator damage multi is: 1
04:03:03.527   - Right leg actuator damage multi is: 1
04:03:03.527   - Using leg actuator damage multi of: 1
04:03:03.527   - Target damage per strike => final: 30 = (raw: 30 + mod: 0) x multi: 1 x actuatorMulti: 1
04:03:03.527  PUNCH Javelin_Trilobyte_7B9F1E30 damage => tonnageMulti: 0.5 x attacker tonnage: 30 = raw: 15
04:03:03.527   - Left arm actuator damage is: 1
04:03:03.527   - Right arm actuator damage is: 1
04:03:03.527   - Using arm actuator damage reduction of: 1
04:03:03.527   - Target damage per strike => final: 15 = (raw: 15 + mod: 0) x multi: 1 x reductionMulti: 1
04:03:03.527  DFA Target Javelin_Trilobyte_7B9F1E30 baseDamage: 1.5 x mech tonnage: 30 = 45
04:03:03.527   - Target damage => final: 45 = (raw: 45 + mod: 0) x multi: 1
04:03:03.550  KICK Javelin_Trilobyte_7B9F1E30 baseDamage: 0.5 x mech tonnage: 30 = 30
04:03:03.550   - Left leg actuator damage multi is: 1
04:03:03.550   - Right leg actuator damage multi is: 1
04:03:03.550   - Using leg actuator damage multi of: 1
04:03:03.550   - Target damage per strike => final: 30 = (raw: 30 + mod: 0) x multi: 1 x actuatorMulti: 1
04:03:03.550  PUNCH Javelin_Trilobyte_7B9F1E30 damage => tonnageMulti: 0.5 x attacker tonnage: 30 = raw: 15
04:03:03.550   - Left arm actuator damage is: 1
04:03:03.550   - Right arm actuator damage is: 1
04:03:03.550   - Using arm actuator damage reduction of: 1
04:03:03.550   - Target damage per strike => final: 15 = (raw: 15 + mod: 0) x multi: 1 x reductionMulti: 1
04:03:03.550  DFA Target Javelin_Trilobyte_7B9F1E30 baseDamage: 1.5 x mech tonnage: 30 = 45
04:03:03.550   - Target damage => final: 45 = (raw: 45 + mod: 0) x multi: 1
04:03:03.550  KICK Javelin_Trilobyte_7B9F1E30 baseDamage: 0.5 x mech tonnage: 30 = 30
04:03:03.550   - Left leg actuator damage multi is: 1
04:03:03.550   - Right leg actuator damage multi is: 1
04:03:03.550   - Using leg actuator damage multi of: 1
04:03:03.550   - Target damage per strike => final: 30 = (raw: 30 + mod: 0) x multi: 1 x actuatorMulti: 1
04:03:03.550  PUNCH Javelin_Trilobyte_7B9F1E30 damage => tonnageMulti: 0.5 x attacker tonnage: 30 = raw: 15
04:03:03.550   - Left arm actuator damage is: 1
04:03:03.550   - Right arm actuator damage is: 1
04:03:03.550   - Using arm actuator damage reduction of: 1
04:03:03.550   - Target damage per strike => final: 15 = (raw: 15 + mod: 0) x multi: 1 x reductionMulti: 1
04:03:03.550  DFA Target Javelin_Trilobyte_7B9F1E30 baseDamage: 1.5 x mech tonnage: 30 = 45
04:03:03.550   - Target damage => final: 45 = (raw: 45 + mod: 0) x multi: 1
04:03:03.597  KICK Javelin_Trilobyte_7B9F1E30 baseDamage: 0.5 x mech tonnage: 30 = 30
04:03:03.598   - Left leg actuator damage multi is: 1
04:03:03.598   - Right leg actuator damage multi is: 1
04:03:03.598   - Using leg actuator damage multi of: 1
04:03:03.598   - Target damage per strike => final: 30 = (raw: 30 + mod: 0) x multi: 1 x actuatorMulti: 1
04:03:03.598  PUNCH Javelin_Trilobyte_7B9F1E30 damage => tonnageMulti: 0.5 x attacker tonnage: 30 = raw: 15
04:03:03.598   - Left arm actuator damage is: 1
04:03:03.598   - Right arm actuator damage is: 1
04:03:03.598   - Using arm actuator damage reduction of: 1
04:03:03.598   - Target damage per strike => final: 15 = (raw: 15 + mod: 0) x multi: 1 x reductionMulti: 1
04:03:03.598  DFA Target Javelin_Trilobyte_7B9F1E30 baseDamage: 1.5 x mech tonnage: 30 = 45
04:03:03.598   - Target damage => final: 45 = (raw: 45 + mod: 0) x multi: 1
04:03:03.598  KICK Javelin_Trilobyte_7B9F1E30 baseDamage: 0.5 x mech tonnage: 30 = 30
04:03:03.598   - Left leg actuator damage multi is: 1
04:03:03.598   - Right leg actuator damage multi is: 1
04:03:03.598   - Using leg actuator damage multi of: 1
04:03:03.598   - Target damage per strike => final: 30 = (raw: 30 + mod: 0) x multi: 1 x actuatorMulti: 1
04:03:03.598  PUNCH Javelin_Trilobyte_7B9F1E30 damage => tonnageMulti: 0.5 x attacker tonnage: 30 = raw: 15
04:03:03.598   - Left arm actuator damage is: 1
04:03:03.598   - Right arm actuator damage is: 1
04:03:03.598   - Using arm actuator damage reduction of: 1
04:03:03.598   - Target damage per strike => final: 15 = (raw: 15 + mod: 0) x multi: 1 x reductionMulti: 1
04:03:03.598  DFA Target Javelin_Trilobyte_7B9F1E30 baseDamage: 1.5 x mech tonnage: 30 = 45
04:03:03.598   - Target damage => final: 45 = (raw: 45 + mod: 0) x multi: 1
04:03:03.630  KICK Javelin_Trilobyte_7B9F1E30 baseDamage: 0.5 x mech tonnage: 30 = 30
04:03:03.630   - Left leg actuator damage multi is: 1
04:03:03.630   - Right leg actuator damage multi is: 1
04:03:03.630   - Using leg actuator damage multi of: 1
04:03:03.630   - Target damage per strike => final: 30 = (raw: 30 + mod: 0) x multi: 1 x actuatorMulti: 1
04:03:03.630  PUNCH Javelin_Trilobyte_7B9F1E30 damage => tonnageMulti: 0.5 x attacker tonnage: 30 = raw: 15
04:03:03.630   - Left arm actuator damage is: 1
04:03:03.630   - Right arm actuator damage is: 1
04:03:03.630   - Using arm actuator damage reduction of: 1
04:03:03.630   - Target damage per strike => final: 15 = (raw: 15 + mod: 0) x multi: 1 x reductionMulti: 1
04:03:03.630  DFA Target Javelin_Trilobyte_7B9F1E30 baseDamage: 1.5 x mech tonnage: 30 = 45
04:03:03.630   - Target damage => final: 45 = (raw: 45 + mod: 0) x multi: 1
04:03:03.630  KICK Javelin_Trilobyte_7B9F1E30 baseDamage: 0.5 x mech tonnage: 30 = 30
04:03:03.630   - Left leg actuator damage multi is: 1
04:03:03.630   - Right leg actuator damage multi is: 1
04:03:03.630   - Using leg actuator damage multi of: 1
04:03:03.630   - Target damage per strike => final: 30 = (raw: 30 + mod: 0) x multi: 1 x actuatorMulti: 1
04:03:03.630  PUNCH Javelin_Trilobyte_7B9F1E30 damage => tonnageMulti: 0.5 x attacker tonnage: 30 = raw: 15
04:03:03.630   - Left arm actuator damage is: 1
04:03:03.630   - Right arm actuator damage is: 1
04:03:03.630   - Using arm actuator damage reduction of: 1
04:03:03.630   - Target damage per strike => final: 15 = (raw: 15 + mod: 0) x multi: 1 x reductionMulti: 1
04:03:03.630  DFA Target Javelin_Trilobyte_7B9F1E30 baseDamage: 1.5 x mech tonnage: 30 = 45
04:03:03.630   - Target damage => final: 45 = (raw: 45 + mod: 0) x multi: 1
