04:02:58.983  AA:ONR entered - for actor: DEPLOY with TD.IsInterleaved: False. Setting CanShootAfterSprinting: False
04:02:58.984  AA:ONR entered - for actor: Javelin with TD.IsInterleaved: False. Setting CanShootAfterSprinting: False
04:02:58.984  AA:ONR entered - for actor: Commando with TD.IsInterleaved: False. Setting CanShootAfterSprinting: False
04:02:58.984  AA:ONR entered - for actor: Commando with TD.IsInterleaved: False. Setting CanShootAfterSprinting: False
04:02:58.984  AA:ONR entered - for actor: Commando with TD.IsInterleaved: False. Setting CanShootAfterSprinting: False
04:03:02.194  OS:OU - entered for Mech: DEPLOY_ROT IN HELL_D3E92207 with autoBrace: False
04:03:02.194   -- sequence is DoneWithActorSequence: True, skipping.
04:03:02.195  OS:OU - entered for Mech: Javelin_Trilobyte_7B9F1E30 with autoBrace: False
04:03:02.195   -- sequence is DoneWithActorSequence: True, skipping.
04:03:02.195  OS:OU - entered for Mech: Commando_Provocator_EC1A10DE with autoBrace: False
04:03:02.195   -- sequence is DoneWithActorSequence: True, skipping.
04:03:02.195  OS:OU - entered for Mech: Commando_High Roller_57245CBC with autoBrace: False
04:03:02.195   -- sequence is DoneWithActorSequence: True, skipping.
04:03:02.195  OS:OU - entered for Mech: Commando_Jasconius_BF79B444 with autoBrace: False
04:03:02.195   -- sequence is DoneWithActorSequence: True, skipping.
04:03:02.268  OS:OU - entered for Mech: DEPLOY_ROT IN HELL_D3E92207 with autoBrace: False
04:03:02.268  OS:OU - entered for Mech: Javelin_Trilobyte_7B9F1E30 with autoBrace: False
04:03:02.268  OS:OU - entered for Mech: Commando_Provocator_EC1A10DE with autoBrace: False
04:03:02.268  OS:OU - entered for Mech: Commando_High Roller_57245CBC with autoBrace: False
04:03:02.268  OS:OU - entered for Mech: Commando_Jasconius_BF79B444 with autoBrace: False
04:03:02.268  OS:OU - entered for Mech: DEPLOY_ROT IN HELL_D3E92207 with autoBrace: False
04:03:02.268   -- sequence is DoneWithActorSequence: True, skipping.
04:03:02.288  OS:OU - entered for Mech: DEPLOY_ROT IN HELL_D3E92207 with autoBrace: False
04:03:02.289  OS:OU - entered for Mech: Javelin_Trilobyte_7B9F1E30 with autoBrace: False
04:03:02.290  OS:OU - entered for Mech: Commando_Provocator_EC1A10DE with autoBrace: False
04:03:02.290  OS:OU - entered for Mech: Commando_High Roller_57245CBC with autoBrace: False
04:03:02.291  OS:OU - entered for Mech: Commando_Jasconius_BF79B444 with autoBrace: False
04:03:02.291  OS:OU - entered for Mech: DEPLOY_ROT IN HELL_D3E92207 with autoBrace: False
04:03:02.305  OS:OU - entered for Mech: DEPLOY_ROT IN HELL_D3E92207 with autoBrace: False
04:03:02.305  OS:OU - entered for Mech: Javelin_Trilobyte_7B9F1E30 with autoBrace: False
04:03:02.305  OS:OU - entered for Mech: Commando_Provocator_EC1A10DE with autoBrace: False
04:03:02.305  OS:OU - entered for Mech: Commando_High Roller_57245CBC with autoBrace: False
04:03:02.305  OS:OU - entered for Mech: Commando_Jasconius_BF79B444 with autoBrace: False
04:03:02.305  OS:OU - entered for Mech: DEPLOY_ROT IN HELL_D3E92207 with autoBrace: False
04:03:02.316  OS:OU - entered for Mech: DEPLOY_ROT IN HELL_D3E92207 with autoBrace: False
04:03:02.316  OS:OU - entered for Mech: Javelin_Trilobyte_7B9F1E30 with autoBrace: False
04:03:02.316  OS:OU - entered for Mech: Commando_Provocator_EC1A10DE with autoBrace: False
04:03:02.316  OS:OU - entered for Mech: Commando_High Roller_57245CBC with autoBrace: False
04:03:02.316  OS:OU - entered for Mech: Commando_Jasconius_BF79B444 with autoBrace: False
04:03:02.317  OS:OU - entered for Mech: DEPLOY_ROT IN HELL_D3E92207 with autoBrace: False
04:03:02.326  OS:OU - entered for Mech: DEPLOY_ROT IN HELL_D3E92207 with autoBrace: False
04:03:02.326  OS:OU - entered for Mech: Javelin_Trilobyte_7B9F1E30 with autoBrace: False
04:03:02.326  OS:OU - entered for Mech: Commando_Provocator_EC1A10DE with autoBrace: False
04:03:02.326  OS:OU - entered for Mech: Commando_High Roller_57245CBC with autoBrace: False
04:03:02.326  OS:OU - entered for Mech: Commando_Jasconius_BF79B444 with autoBrace: False
04:03:02.326  OS:OU - entered for Mech: DEPLOY_ROT IN HELL_D3E92207 with autoBrace: False
04:03:02.335  OS:OU - entered for Mech: DEPLOY_ROT IN HELL_D3E92207 with autoBrace: False
04:03:02.335  OS:OU - entered for Mech: Javelin_Trilobyte_7B9F1E30 with autoBrace: False
04:03:02.336  OS:OU - entered for Mech: Commando_Provocator_EC1A10DE with autoBrace: False
04:03:02.336  OS:OU - entered for Mech: Commando_High Roller_57245CBC with autoBrace: False
04:03:02.336  OS:OU - entered for Mech: Commando_Jasconius_BF79B444 with autoBrace: False
04:03:02.336  OS:OU - entered for Mech: DEPLOY_ROT IN HELL_D3E92207 with autoBrace: False
04:03:02.344  OS:OU - entered for Mech: DEPLOY_ROT IN HELL_D3E92207 with autoBrace: False
04:03:02.344  OS:OU - entered for Mech: Javelin_Trilobyte_7B9F1E30 with autoBrace: False
04:03:02.344  OS:OU - entered for Mech: Commando_Provocator_EC1A10DE with autoBrace: False
04:03:02.344  OS:OU - entered for Mech: Commando_High Roller_57245CBC with autoBrace: False
04:03:02.344  OS:OU - entered for Mech: Commando_Jasconius_BF79B444 with autoBrace: False
04:03:02.344  OS:OU - entered for Mech: DEPLOY_ROT IN HELL_D3E92207 with autoBrace: False
04:03:02.351  OS:OU - entered for Mech: DEPLOY_ROT IN HELL_D3E92207 with autoBrace: False
04:03:02.351  OS:OU - entered for Mech: Javelin_Trilobyte_7B9F1E30 with autoBrace: False
04:03:02.351  OS:OU - entered for Mech: Commando_Provocator_EC1A10DE with autoBrace: False
04:03:02.351  OS:OU - entered for Mech: Commando_High Roller_57245CBC with autoBrace: False
04:03:02.351  OS:OU - entered for Mech: Commando_Jasconius_BF79B444 with autoBrace: False
04:03:02.351  OS:OU - entered for Mech: DEPLOY_ROT IN HELL_D3E92207 with autoBrace: False
04:03:02.359  OS:OU - entered for Mech: DEPLOY_ROT IN HELL_D3E92207 with autoBrace: False
04:03:02.359  OS:OU - entered for Mech: Javelin_Trilobyte_7B9F1E30 with autoBrace: False
04:03:02.359  OS:OU - entered for Mech: Commando_Provocator_EC1A10DE with autoBrace: False
04:03:02.359  OS:OU - entered for Mech: Commando_High Roller_57245CBC with autoBrace: False
04:03:02.359  OS:OU - entered for Mech: Commando_Jasconius_BF79B444 with autoBrace: False
04:03:02.359  OS:OU - entered for Mech: DEPLOY_ROT IN HELL_D3E92207 with autoBrace: False
04:03:02.367  OS:OU - entered for Mech: DEPLOY_ROT IN HELL_D3E92207 with autoBrace: False
04:03:02.367  OS:OU - entered for Mech: Javelin_Trilobyte_7B9F1E30 with autoBrace: False
04:03:02.367  OS:OU - entered for Mech: Commando_Provocator_EC1A10DE with autoBrace: False
04:03:02.367  OS:OU - entered for Mech: Commando_High Roller_57245CBC with autoBrace: False
04:03:02.367  OS:OU - entered for Mech: Commando_Jasconius_BF79B444 with autoBrace: False
04:03:02.367  OS:OU - entered for Mech: DEPLOY_ROT IN HELL_D3E92207 with autoBrace: False
04:03:02.374  OS:OU - entered for Mech: DEPLOY_ROT IN HELL_D3E92207 with autoBrace: False
04:03:02.374  OS:OU - entered for Mech: Javelin_Trilobyte_7B9F1E30 with autoBrace: False
04:03:02.374  OS:OU - entered for Mech: Commando_Provocator_EC1A10DE with autoBrace: False
04:03:02.374  OS:OU - entered for Mech: Commando_High Roller_57245CBC with autoBrace: False
04:03:02.374  OS:OU - entered for Mech: Commando_Jasconius_BF79B444 with autoBrace: False
04:03:02.375  OS:OU - entered for Mech: DEPLOY_ROT IN HELL_D3E92207 with autoBrace: False
04:03:02.384  OS:OU - entered for Mech: DEPLOY_ROT IN HELL_D3E92207 with autoBrace: False
04:03:02.384  OS:OU - entered for Mech: Javelin_Trilobyte_7B9F1E30 with autoBrace: False
04:03:02.384  OS:OU - entered for Mech: Commando_Provocator_EC1A10DE with autoBrace: False
04:03:02.384  OS:OU - entered for Mech: Commando_High Roller_57245CBC with autoBrace: False
04:03:02.384  OS:OU - entered for Mech: Commando_Jasconius_BF79B444 with autoBrace: False
04:03:02.384  OS:OU - entered for Mech: DEPLOY_ROT IN HELL_D3E92207 with autoBrace: False
04:03:02.391  OS:OU - entered for Mech: DEPLOY_ROT IN HELL_D3E92207 with autoBrace: False
04:03:02.391  OS:OU - entered for Mech: Javelin_Trilobyte_7B9F1E30 with autoBrace: False
04:03:02.391  OS:OU - entered for Mech: Commando_Provocator_EC1A10DE with autoBrace: False
04:03:02.391  OS:OU - entered for Mech: Commando_High Roller_57245CBC with autoBrace: False
04:03:02.391  OS:OU - entered for Mech: Commando_Jasconius_BF79B444 with autoBrace: False
04:03:02.391  OS:OU - entered for Mech: DEPLOY_ROT IN HELL_D3E92207 with autoBrace: False
04:03:02.400  OS:OU - entered for Mech: DEPLOY_ROT IN HELL_D3E92207 with autoBrace: False
04:03:02.400  OS:OU - entered for Mech: Javelin_Trilobyte_7B9F1E30 with autoBrace: False
04:03:02.400  OS:OU - entered for Mech: Commando_Provocator_EC1A10DE with autoBrace: False
04:03:02.400  OS:OU - entered for Mech: Commando_High Roller_57245CBC with autoBrace: False
04:03:02.400  OS:OU - entered for Mech: Commando_Jasconius_BF79B444 with autoBrace: False
04:03:02.400  OS:OU - entered for Mech: DEPLOY_ROT IN HELL_D3E92207 with autoBrace: False
04:03:02.408  OS:OU - entered for Mech: DEPLOY_ROT IN HELL_D3E92207 with autoBrace: False
04:03:02.408  OS:OU - entered for Mech: Javelin_Trilobyte_7B9F1E30 with autoBrace: False
04:03:02.408  OS:OU - entered for Mech: Commando_Provocator_EC1A10DE with autoBrace: False
04:03:02.408  OS:OU - entered for Mech: Commando_High Roller_57245CBC with autoBrace: False
04:03:02.408  OS:OU - entered for Mech: Commando_Jasconius_BF79B444 with autoBrace: False
04:03:02.408  OS:OU - entered for Mech: DEPLOY_ROT IN HELL_D3E92207 with autoBrace: False
04:03:02.417  OS:OU - entered for Mech: DEPLOY_ROT IN HELL_D3E92207 with autoBrace: False
04:03:02.417  OS:OU - entered for Mech: Javelin_Trilobyte_7B9F1E30 with autoBrace: False
04:03:02.417  OS:OU - entered for Mech: Commando_Provocator_EC1A10DE with autoBrace: False
04:03:02.417  OS:OU - entered for Mech: Commando_High Roller_57245CBC with autoBrace: False
04:03:02.417  OS:OU - entered for Mech: Commando_Jasconius_BF79B444 with autoBrace: False
04:03:02.417  OS:OU - entered for Mech: DEPLOY_ROT IN HELL_D3E92207 with autoBrace: False
04:03:02.425  OS:OU - entered for Mech: DEPLOY_ROT IN HELL_D3E92207 with autoBrace: False
04:03:02.425  OS:OU - entered for Mech: Javelin_Trilobyte_7B9F1E30 with autoBrace: False
04:03:02.425  OS:OU - entered for Mech: Commando_Provocator_EC1A10DE with autoBrace: False
04:03:02.425  OS:OU - entered for Mech: Commando_High Roller_57245CBC with autoBrace: False
04:03:02.425  OS:OU - entered for Mech: Commando_Jasconius_BF79B444 with autoBrace: False
04:03:02.425  OS:OU - entered for Mech: DEPLOY_ROT IN HELL_D3E92207 with autoBrace: False
04:03:02.433  OS:OU - entered for Mech: DEPLOY_ROT IN HELL_D3E92207 with autoBrace: False
04:03:02.433  OS:OU - entered for Mech: Javelin_Trilobyte_7B9F1E30 with autoBrace: False
04:03:02.433  OS:OU - entered for Mech: Commando_Provocator_EC1A10DE with autoBrace: False
04:03:02.433  OS:OU - entered for Mech: Commando_High Roller_57245CBC with autoBrace: False
04:03:02.433  OS:OU - entered for Mech: Commando_Jasconius_BF79B444 with autoBrace: False
04:03:02.433  OS:OU - entered for Mech: DEPLOY_ROT IN HELL_D3E92207 with autoBrace: False
04:03:02.442  OS:OU - entered for Mech: DEPLOY_ROT IN HELL_D3E92207 with autoBrace: False
04:03:02.442  OS:OU - entered for Mech: Javelin_Trilobyte_7B9F1E30 with autoBrace: False
04:03:02.442  OS:OU - entered for Mech: Commando_Provocator_EC1A10DE with autoBrace: False
04:03:02.442  OS:OU - entered for Mech: Commando_High Roller_57245CBC with autoBrace: False
04:03:02.442  OS:OU - entered for Mech: Commando_Jasconius_BF79B444 with autoBrace: False
04:03:02.442  OS:OU - entered for Mech: DEPLOY_ROT IN HELL_D3E92207 with autoBrace: False
04:03:02.449  OS:OU - entered for Mech: DEPLOY_ROT IN HELL_D3E92207 with autoBrace: False
04:03:02.449  OS:OU - entered for Mech: Javelin_Trilobyte_7B9F1E30 with autoBrace: False
04:03:02.449  OS:OU - entered for Mech: Commando_Provocator_EC1A10DE with autoBrace: False
04:03:02.449  OS:OU - entered for Mech: Commando_High Roller_57245CBC with autoBrace: False
04:03:02.449  OS:OU - entered for Mech: Commando_Jasconius_BF79B444 with autoBrace: False
04:03:02.449  OS:OU - entered for Mech: DEPLOY_ROT IN HELL_D3E92207 with autoBrace: False
04:03:02.457  OS:OU - entered for Mech: DEPLOY_ROT IN HELL_D3E92207 with autoBrace: False
04:03:02.457  OS:OU - entered for Mech: Javelin_Trilobyte_7B9F1E30 with autoBrace: False
04:03:02.457  OS:OU - entered for Mech: Commando_Provocator_EC1A10DE with autoBrace: False
04:03:02.457  OS:OU - entered for Mech: Commando_High Roller_57245CBC with autoBrace: False
04:03:02.457  OS:OU - entered for Mech: Commando_Jasconius_BF79B444 with autoBrace: False
04:03:02.457  OS:OU - entered for Mech: DEPLOY_ROT IN HELL_D3E92207 with autoBrace: False
04:03:02.466  OS:OU - entered for Mech: DEPLOY_ROT IN HELL_D3E92207 with autoBrace: False
04:03:02.466  OS:OU - entered for Mech: Javelin_Trilobyte_7B9F1E30 with autoBrace: False
04:03:02.466  OS:OU - entered for Mech: Commando_Provocator_EC1A10DE with autoBrace: False
04:03:02.466  OS:OU - entered for Mech: Commando_High Roller_57245CBC with autoBrace: False
04:03:02.466  OS:OU - entered for Mech: Commando_Jasconius_BF79B444 with autoBrace: False
04:03:02.466  OS:OU - entered for Mech: DEPLOY_ROT IN HELL_D3E92207 with autoBrace: False
04:03:02.474  OS:OU - entered for Mech: DEPLOY_ROT IN HELL_D3E92207 with autoBrace: False
04:03:02.474  OS:OU - entered for Mech: Javelin_Trilobyte_7B9F1E30 with autoBrace: False
04:03:02.474  OS:OU - entered for Mech: Commando_Provocator_EC1A10DE with autoBrace: False
04:03:02.474  OS:OU - entered for Mech: Commando_High Roller_57245CBC with autoBrace: False
04:03:02.474  OS:OU - entered for Mech: Commando_Jasconius_BF79B444 with autoBrace: False
04:03:02.474  OS:OU - entered for Mech: DEPLOY_ROT IN HELL_D3E92207 with autoBrace: False
04:03:02.483  OS:OU - entered for Mech: DEPLOY_ROT IN HELL_D3E92207 with autoBrace: False
04:03:02.483  OS:OU - entered for Mech: Javelin_Trilobyte_7B9F1E30 with autoBrace: False
04:03:02.483  OS:OU - entered for Mech: Commando_Provocator_EC1A10DE with autoBrace: False
04:03:02.483  OS:OU - entered for Mech: Commando_High Roller_57245CBC with autoBrace: False
04:03:02.483  OS:OU - entered for Mech: Commando_Jasconius_BF79B444 with autoBrace: False
04:03:02.483  OS:OU - entered for Mech: DEPLOY_ROT IN HELL_D3E92207 with autoBrace: False
04:03:02.492  OS:OU - entered for Mech: DEPLOY_ROT IN HELL_D3E92207 with autoBrace: False
04:03:02.492  OS:OU - entered for Mech: Javelin_Trilobyte_7B9F1E30 with autoBrace: False
04:03:02.492  OS:OU - entered for Mech: Commando_Provocator_EC1A10DE with autoBrace: False
04:03:02.492  OS:OU - entered for Mech: Commando_High Roller_57245CBC with autoBrace: False
04:03:02.492  OS:OU - entered for Mech: Commando_Jasconius_BF79B444 with autoBrace: False
04:03:02.492  OS:OU - entered for Mech: DEPLOY_ROT IN HELL_D3E92207 with autoBrace: False
04:03:02.542  OS:OU - entered for Mech: DEPLOY_ROT IN HELL_D3E92207 with autoBrace: False
04:03:02.554  OS:OU - entered for Mech: DEPLOY_ROT IN HELL_D3E92207 with autoBrace: False
04:03:02.564  OS:OU - entered for Mech: DEPLOY_ROT IN HELL_D3E92207 with autoBrace: False
04:03:02.650  AA:ONR entered - for actor: DEPLOY with TD.IsInterleaved: False. Setting CanShootAfterSprinting: False
04:03:02.650  AA:ONR entered - for actor: Javelin with TD.IsInterleaved: False. Setting CanShootAfterSprinting: False
04:03:02.651  AA:ONR entered - for actor: Commando with TD.IsInterleaved: False. Setting CanShootAfterSprinting: False
04:03:02.651  AA:ONR entered - for actor: Commando with TD.IsInterleaved: False. Setting CanShootAfterSprinting: False
04:03:02.651  AA:ONR entered - for actor: Commando with TD.IsInterleaved: False. Setting CanShootAfterSprinting: False
