04:02:58.983  Invalidated meleeStates for actor: DEPLOY_ROT IN HELL_D3E92207
04:02:58.984  Invalidated meleeStates for actor: Javelin_Trilobyte_7B9F1E30
04:02:58.984  Invalidated meleeStates for actor: Commando_Provocator_EC1A10DE
04:02:58.984  Invalidated meleeStates for actor: Commando_High Roller_57245CBC
04:02:58.984  Invalidated meleeStates for actor: Commando_Jasconius_BF79B444
04:03:00.360  Calculating melee condition for actor: DEPLOY_ROT IN HELL_D3E92207
04:03:00.360    - Actuator: Hip is functional: True
04:03:00.361    - Actuator: Shoulder is functional: True
04:03:00.361    - Actuator: Shoulder is functional: True
04:03:00.361    - Actuator: Hip is functional: True
04:03:00.361    - Actuator: Upper Arm is functional: True
04:03:00.361    - Actuator: Upper Leg is functional: True
04:03:00.361    - Actuator: Upper Leg is functional: True
04:03:00.361    - Actuator: Upper Arm is functional: True
04:03:00.361    - Actuator: Lower Leg is functional: True
04:03:00.361    - Actuator: Lower Arm is functional: True
04:03:00.361    - Actuator: Lower Leg is functional: True
04:03:00.361    - Actuator: Lower Arm is functional: True
04:03:00.361    - Actuator: Foot is functional: True
04:03:00.361    - Actuator: Foot is functional: True
04:03:00.361    - Actuator: Small Laser is functional: True
04:03:00.361   -- unit can melee
04:03:02.504  Invalidated meleeStates for actor: Commando_Jasconius_BF79B444
04:03:02.520  Invalidated meleeStates for actor: Commando_High Roller_57245CBC
04:03:02.525  Invalidated meleeStates for actor: Commando_Provocator_EC1A10DE
04:03:02.531  Invalidated meleeStates for actor: Javelin_Trilobyte_7B9F1E30
04:03:02.537  Invalidated meleeStates for actor: DEPLOY_ROT IN HELL_D3E92207
04:03:02.573  Invalidated meleeStates for actor: DEPLOY_ROT IN HELL_D3E92207
04:03:02.650  Invalidated meleeStates for actor: DEPLOY_ROT IN HELL_D3E92207
04:03:02.650  Invalidated meleeStates for actor: Javelin_Trilobyte_7B9F1E30
04:03:02.651  Invalidated meleeStates for actor: Commando_Provocator_EC1A10DE
04:03:02.651  Invalidated meleeStates for actor: Commando_High Roller_57245CBC
04:03:02.651  Invalidated meleeStates for actor: Commando_Jasconius_BF79B444
04:03:02.675  Calculating melee condition for actor: Javelin_Trilobyte_7B9F1E30
04:03:02.675    - Actuator: Hip is functional: True
04:03:02.675    - Actuator: Hip is functional: True
04:03:02.675    - Actuator: Shoulder is functional: True
04:03:02.675    - Actuator: Shoulder is functional: True
04:03:02.675    - Actuator: Upper Arm is functional: True
04:03:02.675    - Actuator: Upper Arm is functional: True
04:03:02.675    - Actuator: Upper Leg is functional: True
04:03:02.675    - Actuator: Upper Leg is functional: True
04:03:02.675    - Actuator: Lower Arm is functional: True
04:03:02.675    - Actuator: Lower Leg is functional: True
04:03:02.675    - Actuator: Lower Leg is functional: True
04:03:02.675    - Actuator: Lower Arm is functional: True
04:03:02.675    - Actuator: Foot is functional: True
04:03:02.675    - Actuator: Foot is functional: True
04:03:02.675    - Actuator: Jump Jet (S) is functional: True
04:03:02.675    - Actuator: Jump Jet (S) is functional: True
04:03:02.675    - Actuator: Jump Jet (S) is functional: True
04:03:02.675    - Actuator: Jump Jet (S) is functional: True
04:03:02.675   -- unit can melee
