04:01:55.547  Resetting pathing for actor: DEPLOY_ROT IN HELL_D3E92207
04:01:55.547  Resetting path grid for actor: DEPLOY_ROT IN HELL_D3E92207 for origin: (-14.8, 135.6, 43.7) and beginAngle: 0
04:01:55.556  run mod => 1.5 from CBTBE_RunMultiMod: 0 + modConfig: 1.5
04:01:55.556  Resetting runSpeed to 60 for actor: DEPLOY_ROT IN HELL_D3E92207 from walkSpeed: 40 x 1.5
04:01:55.557   -- after p:rpg reset, actor: DEPLOY_ROT IN HELL_D3E92207 has costLeft: 0  maxDistance => walk: 40  sprint: 60  backwards: 40
04:01:55.558   -- after aa:rp reset, actor: DEPLOY_ROT IN HELL_D3E92207 has costLeft: 0  maxDistance => walk: 40  sprint: 60  backwards: 40
04:01:55.708  Resetting pathing for actor: Javelin_Trilobyte_7B9F1E30
04:01:55.713  Resetting path grid for actor: Javelin_Trilobyte_7B9F1E30 for origin: (-12.0, 139.2, 62.4) and beginAngle: 14.99997
04:01:55.713  run mod => 1.5 from CBTBE_RunMultiMod: 0 + modConfig: 1.5
04:01:55.713  Resetting runSpeed to 270 for actor: Javelin_Trilobyte_7B9F1E30 from walkSpeed: 180 x 1.5
04:01:55.713   -- after p:rpg reset, actor: Javelin_Trilobyte_7B9F1E30 has costLeft: 0  maxDistance => walk: 180  sprint: 270  backwards: 180
04:01:55.713   -- after aa:rp reset, actor: Javelin_Trilobyte_7B9F1E30 has costLeft: 0  maxDistance => walk: 180  sprint: 270  backwards: 180
04:01:55.788  Resetting pathing for actor: Commando_Provocator_EC1A10DE
04:01:55.788  Resetting path grid for actor: Commando_Provocator_EC1A10DE for origin: (-24.0, 134.7, 41.6) and beginAngle: 14.99997
04:01:55.788  run mod => 1.5 from CBTBE_RunMultiMod: 0 + modConfig: 1.5
04:01:55.788  Resetting runSpeed to 270 for actor: Commando_Provocator_EC1A10DE from walkSpeed: 180 x 1.5
04:01:55.788   -- after p:rpg reset, actor: Commando_Provocator_EC1A10DE has costLeft: 0  maxDistance => walk: 180  sprint: 270  backwards: 180
04:01:55.788   -- after aa:rp reset, actor: Commando_Provocator_EC1A10DE has costLeft: 0  maxDistance => walk: 180  sprint: 270  backwards: 180
04:01:55.828  Resetting pathing for actor: Commando_High Roller_57245CBC
04:01:55.828  Resetting path grid for actor: Commando_High Roller_57245CBC for origin: (-12.0, 132.3, 20.8) and beginAngle: 14.99997
04:01:55.828  run mod => 1.5 from CBTBE_RunMultiMod: 0 + modConfig: 1.5
04:01:55.828  Resetting runSpeed to 270 for actor: Commando_High Roller_57245CBC from walkSpeed: 180 x 1.5
04:01:55.828   -- after p:rpg reset, actor: Commando_High Roller_57245CBC has costLeft: 0  maxDistance => walk: 180  sprint: 270  backwards: 180
04:01:55.828   -- after aa:rp reset, actor: Commando_High Roller_57245CBC has costLeft: 0  maxDistance => walk: 180  sprint: 270  backwards: 180
04:01:55.856  Resetting pathing for actor: Commando_Jasconius_BF79B444
04:01:55.856  Resetting path grid for actor: Commando_Jasconius_BF79B444 for origin: (0.0, 135.1, 41.6) and beginAngle: 14.99997
04:01:55.856  run mod => 1.5 from CBTBE_RunMultiMod: 0 + modConfig: 1.5
04:01:55.856  Resetting runSpeed to 270 for actor: Commando_Jasconius_BF79B444 from walkSpeed: 180 x 1.5
04:01:55.856   -- after p:rpg reset, actor: Commando_Jasconius_BF79B444 has costLeft: 0  maxDistance => walk: 180  sprint: 270  backwards: 180
04:01:55.856   -- after aa:rp reset, actor: Commando_Jasconius_BF79B444 has costLeft: 0  maxDistance => walk: 180  sprint: 270  backwards: 180
04:03:00.354  Resetting pathing for actor: DEPLOY_ROT IN HELL_D3E92207
04:03:00.354  Resetting path grid for actor: DEPLOY_ROT IN HELL_D3E92207 for origin: (-14.8, 135.6, 43.7) and beginAngle: 0
04:03:00.354  run mod => 1.5 from CBTBE_RunMultiMod: 0 + modConfig: 1.5
04:03:00.354  Resetting runSpeed to 60 for actor: DEPLOY_ROT IN HELL_D3E92207 from walkSpeed: 40 x 1.5
04:03:00.354   -- after p:rpg reset, actor: DEPLOY_ROT IN HELL_D3E92207 has costLeft: 0  maxDistance => walk: 40  sprint: 40  backwards: 40
04:03:00.354   -- after aa:rp reset, actor: DEPLOY_ROT IN HELL_D3E92207 has costLeft: 0  maxDistance => walk: 40  sprint: 40  backwards: 40
04:03:00.376  Resetting pathing for actor: DEPLOY_ROT IN HELL_D3E92207
04:03:00.376  Resetting path grid for actor: DEPLOY_ROT IN HELL_D3E92207 for origin: (-14.8, 135.6, 43.7) and beginAngle: 0
04:03:00.376  run mod => 1.5 from CBTBE_RunMultiMod: 0 + modConfig: 1.5
04:03:00.376  Resetting runSpeed to 60 for actor: DEPLOY_ROT IN HELL_D3E92207 from walkSpeed: 40 x 1.5
04:03:00.376   -- after p:rpg reset, actor: DEPLOY_ROT IN HELL_D3E92207 has costLeft: 40  maxDistance => walk: 40  sprint: 40  backwards: 40
04:03:00.376   -- after aa:rp reset, actor: DEPLOY_ROT IN HELL_D3E92207 has costLeft: 40  maxDistance => walk: 40  sprint: 40  backwards: 40
04:03:00.399  run mod => 1.5 from CBTBE_RunMultiMod: 0 + modConfig: 1.5
04:03:00.399  Resetting runSpeed to 60 for actor: DEPLOY_ROT IN HELL_D3E92207 from walkSpeed: 40 x 1.5
04:03:02.132  Resetting pathing for actor: Javelin_Trilobyte_7B9F1E30
04:03:02.132  Resetting path grid for actor: Javelin_Trilobyte_7B9F1E30 for origin: (-48.0, 134.5, 83.1) and beginAngle: 14.99997
04:03:02.133  run mod => 1.5 from CBTBE_RunMultiMod: 0 + modConfig: 1.5
04:03:02.133  Resetting runSpeed to 270 for actor: Javelin_Trilobyte_7B9F1E30 from walkSpeed: 180 x 1.5
04:03:02.133   -- after p:rpg reset, actor: Javelin_Trilobyte_7B9F1E30 has costLeft: 0  maxDistance => walk: 180  sprint: 270  backwards: 180
04:03:02.133   -- after aa:rp reset, actor: Javelin_Trilobyte_7B9F1E30 has costLeft: 0  maxDistance => walk: 180  sprint: 270  backwards: 180
04:03:02.133  Recomputing pathing for actor: DEPLOY_ROT IN HELL_D3E92207
04:03:02.133  run mod => 1.5 from CBTBE_RunMultiMod: 0 + modConfig: 1.5
04:03:02.133  Resetting runSpeed to 60 for actor: DEPLOY_ROT IN HELL_D3E92207 from walkSpeed: 40 x 1.5
04:03:02.134   -- after aa:orp reset, actor: DEPLOY_ROT IN HELL_D3E92207 has costLeft: 12.41985  maxDistance => walk: 40  sprint: 40  backwards: 40
04:03:02.134  Recomputing pathing for actor: Javelin_Trilobyte_7B9F1E30
04:03:02.134   -- after aa:orp reset, actor: Javelin_Trilobyte_7B9F1E30 has costLeft: 0  maxDistance => walk: 180  sprint: 270  backwards: 180
04:03:02.134  Recomputing pathing for actor: Commando_Provocator_EC1A10DE
04:03:02.134  run mod => 1.5 from CBTBE_RunMultiMod: 0 + modConfig: 1.5
04:03:02.134  Resetting runSpeed to 270 for actor: Commando_Provocator_EC1A10DE from walkSpeed: 180 x 1.5
04:03:02.134   -- after aa:orp reset, actor: Commando_Provocator_EC1A10DE has costLeft: 0  maxDistance => walk: 180  sprint: 270  backwards: 180
04:03:02.134  Recomputing pathing for actor: Commando_High Roller_57245CBC
04:03:02.134  run mod => 1.5 from CBTBE_RunMultiMod: 0 + modConfig: 1.5
04:03:02.134  Resetting runSpeed to 270 for actor: Commando_High Roller_57245CBC from walkSpeed: 180 x 1.5
04:03:02.134   -- after aa:orp reset, actor: Commando_High Roller_57245CBC has costLeft: 0  maxDistance => walk: 180  sprint: 270  backwards: 180
04:03:02.134  Recomputing pathing for actor: Commando_Jasconius_BF79B444
04:03:02.134  run mod => 1.5 from CBTBE_RunMultiMod: 0 + modConfig: 1.5
04:03:02.134  Resetting runSpeed to 270 for actor: Commando_Jasconius_BF79B444 from walkSpeed: 180 x 1.5
04:03:02.134   -- after aa:orp reset, actor: Commando_Jasconius_BF79B444 has costLeft: 0  maxDistance => walk: 180  sprint: 270  backwards: 180
04:03:02.134  Recomputing pathing for actor: DEPLOY_ROT IN HELL_3BA72780
04:03:02.134   -- after aa:orp reset, actor: DEPLOY_ROT IN HELL_3BA72780 has costLeft: 0  maxDistance => walk: 0  sprint: 0  backwards: 0
04:03:02.135  Resetting pathing for actor: Commando_Provocator_EC1A10DE
04:03:02.135  Resetting path grid for actor: Commando_Provocator_EC1A10DE for origin: (-60.0, 132.2, 62.4) and beginAngle: 14.99997
04:03:02.135  run mod => 1.5 from CBTBE_RunMultiMod: 0 + modConfig: 1.5
04:03:02.135  Resetting runSpeed to 270 for actor: Commando_Provocator_EC1A10DE from walkSpeed: 180 x 1.5
04:03:02.135   -- after p:rpg reset, actor: Commando_Provocator_EC1A10DE has costLeft: 0  maxDistance => walk: 180  sprint: 270  backwards: 180
04:03:02.135   -- after aa:rp reset, actor: Commando_Provocator_EC1A10DE has costLeft: 0  maxDistance => walk: 180  sprint: 270  backwards: 180
04:03:02.135  Recomputing pathing for actor: DEPLOY_ROT IN HELL_D3E92207
04:03:02.135  run mod => 1.5 from CBTBE_RunMultiMod: 0 + modConfig: 1.5
04:03:02.135  Resetting runSpeed to 60 for actor: DEPLOY_ROT IN HELL_D3E92207 from walkSpeed: 40 x 1.5
04:03:02.135   -- after aa:orp reset, actor: DEPLOY_ROT IN HELL_D3E92207 has costLeft: 12.41985  maxDistance => walk: 40  sprint: 40  backwards: 40
04:03:02.135  Recomputing pathing for actor: Javelin_Trilobyte_7B9F1E30
04:03:02.135  run mod => 1.5 from CBTBE_RunMultiMod: 0 + modConfig: 1.5
04:03:02.135  Resetting runSpeed to 270 for actor: Javelin_Trilobyte_7B9F1E30 from walkSpeed: 180 x 1.5
04:03:02.135   -- after aa:orp reset, actor: Javelin_Trilobyte_7B9F1E30 has costLeft: 0  maxDistance => walk: 180  sprint: 270  backwards: 180
04:03:02.135  Recomputing pathing for actor: Commando_Provocator_EC1A10DE
04:03:02.135   -- after aa:orp reset, actor: Commando_Provocator_EC1A10DE has costLeft: 0  maxDistance => walk: 180  sprint: 270  backwards: 180
04:03:02.135  Recomputing pathing for actor: Commando_High Roller_57245CBC
04:03:02.135  run mod => 1.5 from CBTBE_RunMultiMod: 0 + modConfig: 1.5
04:03:02.135  Resetting runSpeed to 270 for actor: Commando_High Roller_57245CBC from walkSpeed: 180 x 1.5
04:03:02.135   -- after aa:orp reset, actor: Commando_High Roller_57245CBC has costLeft: 0  maxDistance => walk: 180  sprint: 270  backwards: 180
04:03:02.135  Recomputing pathing for actor: Commando_Jasconius_BF79B444
04:03:02.135  run mod => 1.5 from CBTBE_RunMultiMod: 0 + modConfig: 1.5
04:03:02.135  Resetting runSpeed to 270 for actor: Commando_Jasconius_BF79B444 from walkSpeed: 180 x 1.5
04:03:02.135   -- after aa:orp reset, actor: Commando_Jasconius_BF79B444 has costLeft: 0  maxDistance => walk: 180  sprint: 270  backwards: 180
04:03:02.135  Recomputing pathing for actor: DEPLOY_ROT IN HELL_3BA72780
04:03:02.135   -- after aa:orp reset, actor: DEPLOY_ROT IN HELL_3BA72780 has costLeft: 0  maxDistance => walk: 0  sprint: 0  backwards: 0
04:03:02.135  Resetting pathing for actor: Commando_High Roller_57245CBC
04:03:02.135  Resetting path grid for actor: Commando_High Roller_57245CBC for origin: (-120.0, 128.0, 124.7) and beginAngle: 14.99997
04:03:02.135  run mod => 1.5 from CBTBE_RunMultiMod: 0 + modConfig: 1.5
04:03:02.135  Resetting runSpeed to 270 for actor: Commando_High Roller_57245CBC from walkSpeed: 180 x 1.5
04:03:02.135   -- after p:rpg reset, actor: Commando_High Roller_57245CBC has costLeft: 0  maxDistance => walk: 180  sprint: 270  backwards: 180
04:03:02.135   -- after aa:rp reset, actor: Commando_High Roller_57245CBC has costLeft: 0  maxDistance => walk: 180  sprint: 270  backwards: 180
04:03:02.135  Recomputing pathing for actor: DEPLOY_ROT IN HELL_D3E92207
04:03:02.135   -- after aa:orp reset, actor: DEPLOY_ROT IN HELL_D3E92207 has costLeft: 12.41985  maxDistance => walk: 40  sprint: 40  backwards: 40
04:03:02.135  Recomputing pathing for actor: Javelin_Trilobyte_7B9F1E30
04:03:02.135  run mod => 1.5 from CBTBE_RunMultiMod: 0 + modConfig: 1.5
04:03:02.135  Resetting runSpeed to 270 for actor: Javelin_Trilobyte_7B9F1E30 from walkSpeed: 180 x 1.5
04:03:02.135   -- after aa:orp reset, actor: Javelin_Trilobyte_7B9F1E30 has costLeft: 0  maxDistance => walk: 180  sprint: 270  backwards: 180
04:03:02.135  Recomputing pathing for actor: Commando_Provocator_EC1A10DE
04:03:02.135  run mod => 1.5 from CBTBE_RunMultiMod: 0 + modConfig: 1.5
04:03:02.135  Resetting runSpeed to 270 for actor: Commando_Provocator_EC1A10DE from walkSpeed: 180 x 1.5
04:03:02.135   -- after aa:orp reset, actor: Commando_Provocator_EC1A10DE has costLeft: 0  maxDistance => walk: 180  sprint: 270  backwards: 180
04:03:02.135  Recomputing pathing for actor: Commando_High Roller_57245CBC
04:03:02.135   -- after aa:orp reset, actor: Commando_High Roller_57245CBC has costLeft: 0  maxDistance => walk: 180  sprint: 270  backwards: 180
04:03:02.135  Recomputing pathing for actor: Commando_Jasconius_BF79B444
04:03:02.135  run mod => 1.5 from CBTBE_RunMultiMod: 0 + modConfig: 1.5
04:03:02.135  Resetting runSpeed to 270 for actor: Commando_Jasconius_BF79B444 from walkSpeed: 180 x 1.5
04:03:02.135   -- after aa:orp reset, actor: Commando_Jasconius_BF79B444 has costLeft: 0  maxDistance => walk: 180  sprint: 270  backwards: 180
04:03:02.135  Recomputing pathing for actor: DEPLOY_ROT IN HELL_3BA72780
04:03:02.135   -- after aa:orp reset, actor: DEPLOY_ROT IN HELL_3BA72780 has costLeft: 0  maxDistance => walk: 0  sprint: 0  backwards: 0
04:03:02.135  Resetting pathing for actor: Commando_Jasconius_BF79B444
04:03:02.135  Resetting path grid for actor: Commando_Jasconius_BF79B444 for origin: (-72.0, 134.8, 124.7) and beginAngle: 14.99997
04:03:02.136  run mod => 1.5 from CBTBE_RunMultiMod: 0 + modConfig: 1.5
04:03:02.136  Resetting runSpeed to 270 for actor: Commando_Jasconius_BF79B444 from walkSpeed: 180 x 1.5
04:03:02.136   -- after p:rpg reset, actor: Commando_Jasconius_BF79B444 has costLeft: 0  maxDistance => walk: 180  sprint: 270  backwards: 180
04:03:02.136   -- after aa:rp reset, actor: Commando_Jasconius_BF79B444 has costLeft: 0  maxDistance => walk: 180  sprint: 270  backwards: 180
04:03:02.136  Recomputing pathing for actor: DEPLOY_ROT IN HELL_D3E92207
04:03:02.136  run mod => 1.5 from CBTBE_RunMultiMod: 0 + modConfig: 1.5
04:03:02.136  Resetting runSpeed to 60 for actor: DEPLOY_ROT IN HELL_D3E92207 from walkSpeed: 40 x 1.5
04:03:02.136   -- after aa:orp reset, actor: DEPLOY_ROT IN HELL_D3E92207 has costLeft: 12.41985  maxDistance => walk: 40  sprint: 40  backwards: 40
04:03:02.136  Recomputing pathing for actor: Javelin_Trilobyte_7B9F1E30
04:03:02.136  run mod => 1.5 from CBTBE_RunMultiMod: 0 + modConfig: 1.5
04:03:02.136  Resetting runSpeed to 270 for actor: Javelin_Trilobyte_7B9F1E30 from walkSpeed: 180 x 1.5
04:03:02.136   -- after aa:orp reset, actor: Javelin_Trilobyte_7B9F1E30 has costLeft: 0  maxDistance => walk: 180  sprint: 270  backwards: 180
04:03:02.136  Recomputing pathing for actor: Commando_Provocator_EC1A10DE
04:03:02.136  run mod => 1.5 from CBTBE_RunMultiMod: 0 + modConfig: 1.5
04:03:02.136  Resetting runSpeed to 270 for actor: Commando_Provocator_EC1A10DE from walkSpeed: 180 x 1.5
04:03:02.136   -- after aa:orp reset, actor: Commando_Provocator_EC1A10DE has costLeft: 0  maxDistance => walk: 180  sprint: 270  backwards: 180
04:03:02.136  Recomputing pathing for actor: Commando_High Roller_57245CBC
04:03:02.136  run mod => 1.5 from CBTBE_RunMultiMod: 0 + modConfig: 1.5
04:03:02.136  Resetting runSpeed to 270 for actor: Commando_High Roller_57245CBC from walkSpeed: 180 x 1.5
04:03:02.136   -- after aa:orp reset, actor: Commando_High Roller_57245CBC has costLeft: 0  maxDistance => walk: 180  sprint: 270  backwards: 180
04:03:02.136  Recomputing pathing for actor: Commando_Jasconius_BF79B444
04:03:02.136   -- after aa:orp reset, actor: Commando_Jasconius_BF79B444 has costLeft: 0  maxDistance => walk: 180  sprint: 270  backwards: 180
04:03:02.136  Recomputing pathing for actor: DEPLOY_ROT IN HELL_3BA72780
04:03:02.136   -- after aa:orp reset, actor: DEPLOY_ROT IN HELL_3BA72780 has costLeft: 0  maxDistance => walk: 0  sprint: 0  backwards: 0
04:03:02.242  Recomputing pathing for actor: DEPLOY_ROT IN HELL_D3E92207
04:03:02.242   -- after aa:orp reset, actor: DEPLOY_ROT IN HELL_D3E92207 has costLeft: 12.41985  maxDistance => walk: 40  sprint: 40  backwards: 40
04:03:02.242  Recomputing pathing for actor: Javelin_Trilobyte_7B9F1E30
04:03:02.242  run mod => 1.5 from CBTBE_RunMultiMod: 0 + modConfig: 1.5
04:03:02.242  Resetting runSpeed to 270 for actor: Javelin_Trilobyte_7B9F1E30 from walkSpeed: 180 x 1.5
04:03:02.242   -- after aa:orp reset, actor: Javelin_Trilobyte_7B9F1E30 has costLeft: 0  maxDistance => walk: 180  sprint: 270  backwards: 180
04:03:02.242  Recomputing pathing for actor: Commando_Provocator_EC1A10DE
04:03:02.242  run mod => 1.5 from CBTBE_RunMultiMod: 0 + modConfig: 1.5
04:03:02.242  Resetting runSpeed to 270 for actor: Commando_Provocator_EC1A10DE from walkSpeed: 180 x 1.5
04:03:02.242   -- after aa:orp reset, actor: Commando_Provocator_EC1A10DE has costLeft: 0  maxDistance => walk: 180  sprint: 270  backwards: 180
04:03:02.242  Recomputing pathing for actor: Commando_High Roller_57245CBC
04:03:02.242  run mod => 1.5 from CBTBE_RunMultiMod: 0 + modConfig: 1.5
04:03:02.242  Resetting runSpeed to 270 for actor: Commando_High Roller_57245CBC from walkSpeed: 180 x 1.5
04:03:02.242   -- after aa:orp reset, actor: Commando_High Roller_57245CBC has costLeft: 0  maxDistance => walk: 180  sprint: 270  backwards: 180
04:03:02.242  Recomputing pathing for actor: Commando_Jasconius_BF79B444
04:03:02.242  run mod => 1.5 from CBTBE_RunMultiMod: 0 + modConfig: 1.5
04:03:02.242  Resetting runSpeed to 270 for actor: Commando_Jasconius_BF79B444 from walkSpeed: 180 x 1.5
04:03:02.242   -- after aa:orp reset, actor: Commando_Jasconius_BF79B444 has costLeft: 0  maxDistance => walk: 180  sprint: 270  backwards: 180
04:03:02.242  Recomputing pathing for actor: DEPLOY_ROT IN HELL_3BA72780
04:03:02.242   -- after aa:orp reset, actor: DEPLOY_ROT IN HELL_3BA72780 has costLeft: 0  maxDistance => walk: 0  sprint: 0  backwards: 0
04:03:02.515  Resetting pathing for actor: Commando_Jasconius_BF79B444
04:03:02.515  Resetting path grid for actor: Commando_Jasconius_BF79B444 for origin: (-72.0, 134.8, 124.7) and beginAngle: 14.99997
04:03:02.515  run mod => 1.5 from CBTBE_RunMultiMod: 0 + modConfig: 1.5
04:03:02.515  Resetting runSpeed to 270 for actor: Commando_Jasconius_BF79B444 from walkSpeed: 180 x 1.5
04:03:02.515   -- after p:rpg reset, actor: Commando_Jasconius_BF79B444 has costLeft: 0  maxDistance => walk: 180  sprint: 270  backwards: 180
04:03:02.515   -- after aa:rp reset, actor: Commando_Jasconius_BF79B444 has costLeft: 0  maxDistance => walk: 180  sprint: 270  backwards: 180
04:03:02.522  Resetting pathing for actor: Commando_High Roller_57245CBC
04:03:02.522  Resetting path grid for actor: Commando_High Roller_57245CBC for origin: (-120.0, 128.0, 124.7) and beginAngle: 14.99997
04:03:02.522  run mod => 1.5 from CBTBE_RunMultiMod: 0 + modConfig: 1.5
04:03:02.522  Resetting runSpeed to 270 for actor: Commando_High Roller_57245CBC from walkSpeed: 180 x 1.5
04:03:02.522   -- after p:rpg reset, actor: Commando_High Roller_57245CBC has costLeft: 0  maxDistance => walk: 180  sprint: 270  backwards: 180
04:03:02.522   -- after aa:rp reset, actor: Commando_High Roller_57245CBC has costLeft: 0  maxDistance => walk: 180  sprint: 270  backwards: 180
04:03:02.527  Resetting pathing for actor: Commando_Provocator_EC1A10DE
04:03:02.527  Resetting path grid for actor: Commando_Provocator_EC1A10DE for origin: (-60.0, 132.2, 62.4) and beginAngle: 14.99997
04:03:02.527  run mod => 1.5 from CBTBE_RunMultiMod: 0 + modConfig: 1.5
04:03:02.527  Resetting runSpeed to 270 for actor: Commando_Provocator_EC1A10DE from walkSpeed: 180 x 1.5
04:03:02.527   -- after p:rpg reset, actor: Commando_Provocator_EC1A10DE has costLeft: 0  maxDistance => walk: 180  sprint: 270  backwards: 180
04:03:02.527   -- after aa:rp reset, actor: Commando_Provocator_EC1A10DE has costLeft: 0  maxDistance => walk: 180  sprint: 270  backwards: 180
04:03:02.533  Resetting pathing for actor: Javelin_Trilobyte_7B9F1E30
04:03:02.534  Resetting path grid for actor: Javelin_Trilobyte_7B9F1E30 for origin: (-48.0, 134.5, 83.1) and beginAngle: 14.99997
04:03:02.534  run mod => 1.5 from CBTBE_RunMultiMod: 0 + modConfig: 1.5
04:03:02.534  Resetting runSpeed to 270 for actor: Javelin_Trilobyte_7B9F1E30 from walkSpeed: 180 x 1.5
04:03:02.534   -- after p:rpg reset, actor: Javelin_Trilobyte_7B9F1E30 has costLeft: 0  maxDistance => walk: 180  sprint: 270  backwards: 180
04:03:02.534   -- after aa:rp reset, actor: Javelin_Trilobyte_7B9F1E30 has costLeft: 0  maxDistance => walk: 180  sprint: 270  backwards: 180
04:03:02.539  Resetting pathing for actor: DEPLOY_ROT IN HELL_D3E92207
04:03:02.539  Resetting path grid for actor: DEPLOY_ROT IN HELL_D3E92207 for origin: (-14.8, 135.6, 43.7) and beginAngle: 0
04:03:02.539  run mod => 1.5 from CBTBE_RunMultiMod: 0 + modConfig: 1.5
04:03:02.539  Resetting runSpeed to 60 for actor: DEPLOY_ROT IN HELL_D3E92207 from walkSpeed: 40 x 1.5
04:03:02.539   -- after p:rpg reset, actor: DEPLOY_ROT IN HELL_D3E92207 has costLeft: 12.41985  maxDistance => walk: 40  sprint: 40  backwards: 40
04:03:02.539   -- after aa:rp reset, actor: DEPLOY_ROT IN HELL_D3E92207 has costLeft: 12.41985  maxDistance => walk: 40  sprint: 40  backwards: 40
04:03:02.810  run mod => 1.5 from CBTBE_RunMultiMod: 0 + modConfig: 1.5
04:03:02.810  Resetting runSpeed to 270 for actor: Javelin_Trilobyte_7B9F1E30 from walkSpeed: 180 x 1.5
04:03:02.824  run mod => 1.5 from CBTBE_RunMultiMod: 0 + modConfig: 1.5
04:03:02.824  Resetting runSpeed to 270 for actor: Javelin_Trilobyte_7B9F1E30 from walkSpeed: 180 x 1.5
04:03:02.835  run mod => 1.5 from CBTBE_RunMultiMod: 0 + modConfig: 1.5
04:03:02.835  Resetting runSpeed to 270 for actor: Javelin_Trilobyte_7B9F1E30 from walkSpeed: 180 x 1.5
04:03:02.848  run mod => 1.5 from CBTBE_RunMultiMod: 0 + modConfig: 1.5
04:03:02.848  Resetting runSpeed to 270 for actor: Javelin_Trilobyte_7B9F1E30 from walkSpeed: 180 x 1.5
04:03:02.858  run mod => 1.5 from CBTBE_RunMultiMod: 0 + modConfig: 1.5
04:03:02.858  Resetting runSpeed to 270 for actor: Javelin_Trilobyte_7B9F1E30 from walkSpeed: 180 x 1.5
04:03:02.868  run mod => 1.5 from CBTBE_RunMultiMod: 0 + modConfig: 1.5
04:03:02.868  Resetting runSpeed to 270 for actor: Javelin_Trilobyte_7B9F1E30 from walkSpeed: 180 x 1.5
04:03:02.879  run mod => 1.5 from CBTBE_RunMultiMod: 0 + modConfig: 1.5
04:03:02.879  Resetting runSpeed to 270 for actor: Javelin_Trilobyte_7B9F1E30 from walkSpeed: 180 x 1.5
04:03:02.888  run mod => 1.5 from CBTBE_RunMultiMod: 0 + modConfig: 1.5
04:03:02.888  Resetting runSpeed to 270 for actor: Javelin_Trilobyte_7B9F1E30 from walkSpeed: 180 x 1.5
04:03:02.898  run mod => 1.5 from CBTBE_RunMultiMod: 0 + modConfig: 1.5
04:03:02.898  Resetting runSpeed to 270 for actor: Javelin_Trilobyte_7B9F1E30 from walkSpeed: 180 x 1.5
04:03:02.908  run mod => 1.5 from CBTBE_RunMultiMod: 0 + modConfig: 1.5
04:03:02.908  Resetting runSpeed to 270 for actor: Javelin_Trilobyte_7B9F1E30 from walkSpeed: 180 x 1.5
04:03:02.917  run mod => 1.5 from CBTBE_RunMultiMod: 0 + modConfig: 1.5
04:03:02.917  Resetting runSpeed to 270 for actor: Javelin_Trilobyte_7B9F1E30 from walkSpeed: 180 x 1.5
04:03:02.927  run mod => 1.5 from CBTBE_RunMultiMod: 0 + modConfig: 1.5
04:03:02.927  Resetting runSpeed to 270 for actor: Javelin_Trilobyte_7B9F1E30 from walkSpeed: 180 x 1.5
04:03:02.937  run mod => 1.5 from CBTBE_RunMultiMod: 0 + modConfig: 1.5
04:03:02.937  Resetting runSpeed to 270 for actor: Javelin_Trilobyte_7B9F1E30 from walkSpeed: 180 x 1.5
04:03:02.946  run mod => 1.5 from CBTBE_RunMultiMod: 0 + modConfig: 1.5
04:03:02.946  Resetting runSpeed to 270 for actor: Javelin_Trilobyte_7B9F1E30 from walkSpeed: 180 x 1.5
04:03:02.955  run mod => 1.5 from CBTBE_RunMultiMod: 0 + modConfig: 1.5
04:03:02.955  Resetting runSpeed to 270 for actor: Javelin_Trilobyte_7B9F1E30 from walkSpeed: 180 x 1.5
04:03:02.964  run mod => 1.5 from CBTBE_RunMultiMod: 0 + modConfig: 1.5
04:03:02.964  Resetting runSpeed to 270 for actor: Javelin_Trilobyte_7B9F1E30 from walkSpeed: 180 x 1.5
04:03:02.974  run mod => 1.5 from CBTBE_RunMultiMod: 0 + modConfig: 1.5
04:03:02.974  Resetting runSpeed to 270 for actor: Javelin_Trilobyte_7B9F1E30 from walkSpeed: 180 x 1.5
04:03:02.984  run mod => 1.5 from CBTBE_RunMultiMod: 0 + modConfig: 1.5
04:03:02.984  Resetting runSpeed to 270 for actor: Javelin_Trilobyte_7B9F1E30 from walkSpeed: 180 x 1.5
04:03:02.993  run mod => 1.5 from CBTBE_RunMultiMod: 0 + modConfig: 1.5
04:03:02.993  Resetting runSpeed to 270 for actor: Javelin_Trilobyte_7B9F1E30 from walkSpeed: 180 x 1.5
04:03:03.002  run mod => 1.5 from CBTBE_RunMultiMod: 0 + modConfig: 1.5
04:03:03.002  Resetting runSpeed to 270 for actor: Javelin_Trilobyte_7B9F1E30 from walkSpeed: 180 x 1.5
04:03:03.014  run mod => 1.5 from CBTBE_RunMultiMod: 0 + modConfig: 1.5
04:03:03.014  Resetting runSpeed to 270 for actor: Javelin_Trilobyte_7B9F1E30 from walkSpeed: 180 x 1.5
04:03:03.023  run mod => 1.5 from CBTBE_RunMultiMod: 0 + modConfig: 1.5
04:03:03.023  Resetting runSpeed to 270 for actor: Javelin_Trilobyte_7B9F1E30 from walkSpeed: 180 x 1.5
04:03:03.033  run mod => 1.5 from CBTBE_RunMultiMod: 0 + modConfig: 1.5
04:03:03.033  Resetting runSpeed to 270 for actor: Javelin_Trilobyte_7B9F1E30 from walkSpeed: 180 x 1.5
04:03:03.042  run mod => 1.5 from CBTBE_RunMultiMod: 0 + modConfig: 1.5
04:03:03.042  Resetting runSpeed to 270 for actor: Javelin_Trilobyte_7B9F1E30 from walkSpeed: 180 x 1.5
04:03:03.051  run mod => 1.5 from CBTBE_RunMultiMod: 0 + modConfig: 1.5
04:03:03.051  Resetting runSpeed to 270 for actor: Javelin_Trilobyte_7B9F1E30 from walkSpeed: 180 x 1.5
04:03:03.060  run mod => 1.5 from CBTBE_RunMultiMod: 0 + modConfig: 1.5
04:03:03.060  Resetting runSpeed to 270 for actor: Javelin_Trilobyte_7B9F1E30 from walkSpeed: 180 x 1.5
04:03:03.069  run mod => 1.5 from CBTBE_RunMultiMod: 0 + modConfig: 1.5
04:03:03.069  Resetting runSpeed to 270 for actor: Javelin_Trilobyte_7B9F1E30 from walkSpeed: 180 x 1.5
04:03:03.078  run mod => 1.5 from CBTBE_RunMultiMod: 0 + modConfig: 1.5
04:03:03.078  Resetting runSpeed to 270 for actor: Javelin_Trilobyte_7B9F1E30 from walkSpeed: 180 x 1.5
04:03:03.087  run mod => 1.5 from CBTBE_RunMultiMod: 0 + modConfig: 1.5
04:03:03.087  Resetting runSpeed to 270 for actor: Javelin_Trilobyte_7B9F1E30 from walkSpeed: 180 x 1.5
04:03:03.096  run mod => 1.5 from CBTBE_RunMultiMod: 0 + modConfig: 1.5
04:03:03.096  Resetting runSpeed to 270 for actor: Javelin_Trilobyte_7B9F1E30 from walkSpeed: 180 x 1.5
04:03:03.107  run mod => 1.5 from CBTBE_RunMultiMod: 0 + modConfig: 1.5
04:03:03.107  Resetting runSpeed to 270 for actor: Javelin_Trilobyte_7B9F1E30 from walkSpeed: 180 x 1.5
04:03:03.116  run mod => 1.5 from CBTBE_RunMultiMod: 0 + modConfig: 1.5
04:03:03.116  Resetting runSpeed to 270 for actor: Javelin_Trilobyte_7B9F1E30 from walkSpeed: 180 x 1.5
04:03:03.126  run mod => 1.5 from CBTBE_RunMultiMod: 0 + modConfig: 1.5
04:03:03.126  Resetting runSpeed to 270 for actor: Javelin_Trilobyte_7B9F1E30 from walkSpeed: 180 x 1.5
04:03:03.135  run mod => 1.5 from CBTBE_RunMultiMod: 0 + modConfig: 1.5
04:03:03.135  Resetting runSpeed to 270 for actor: Javelin_Trilobyte_7B9F1E30 from walkSpeed: 180 x 1.5
04:03:03.145  run mod => 1.5 from CBTBE_RunMultiMod: 0 + modConfig: 1.5
04:03:03.145  Resetting runSpeed to 270 for actor: Javelin_Trilobyte_7B9F1E30 from walkSpeed: 180 x 1.5
04:03:03.154  run mod => 1.5 from CBTBE_RunMultiMod: 0 + modConfig: 1.5
04:03:03.154  Resetting runSpeed to 270 for actor: Javelin_Trilobyte_7B9F1E30 from walkSpeed: 180 x 1.5
04:03:03.164  run mod => 1.5 from CBTBE_RunMultiMod: 0 + modConfig: 1.5
04:03:03.164  Resetting runSpeed to 270 for actor: Javelin_Trilobyte_7B9F1E30 from walkSpeed: 180 x 1.5
04:03:03.175  run mod => 1.5 from CBTBE_RunMultiMod: 0 + modConfig: 1.5
04:03:03.175  Resetting runSpeed to 270 for actor: Javelin_Trilobyte_7B9F1E30 from walkSpeed: 180 x 1.5
04:03:03.185  run mod => 1.5 from CBTBE_RunMultiMod: 0 + modConfig: 1.5
04:03:03.185  Resetting runSpeed to 270 for actor: Javelin_Trilobyte_7B9F1E30 from walkSpeed: 180 x 1.5
04:03:03.195  run mod => 1.5 from CBTBE_RunMultiMod: 0 + modConfig: 1.5
04:03:03.195  Resetting runSpeed to 270 for actor: Javelin_Trilobyte_7B9F1E30 from walkSpeed: 180 x 1.5
04:03:03.204  run mod => 1.5 from CBTBE_RunMultiMod: 0 + modConfig: 1.5
04:03:03.204  Resetting runSpeed to 270 for actor: Javelin_Trilobyte_7B9F1E30 from walkSpeed: 180 x 1.5
04:03:03.213  run mod => 1.5 from CBTBE_RunMultiMod: 0 + modConfig: 1.5
04:03:03.213  Resetting runSpeed to 270 for actor: Javelin_Trilobyte_7B9F1E30 from walkSpeed: 180 x 1.5
04:03:03.222  run mod => 1.5 from CBTBE_RunMultiMod: 0 + modConfig: 1.5
04:03:03.222  Resetting runSpeed to 270 for actor: Javelin_Trilobyte_7B9F1E30 from walkSpeed: 180 x 1.5
04:03:03.231  run mod => 1.5 from CBTBE_RunMultiMod: 0 + modConfig: 1.5
04:03:03.231  Resetting runSpeed to 270 for actor: Javelin_Trilobyte_7B9F1E30 from walkSpeed: 180 x 1.5
04:03:03.240  run mod => 1.5 from CBTBE_RunMultiMod: 0 + modConfig: 1.5
04:03:03.240  Resetting runSpeed to 270 for actor: Javelin_Trilobyte_7B9F1E30 from walkSpeed: 180 x 1.5
04:03:03.252  run mod => 1.5 from CBTBE_RunMultiMod: 0 + modConfig: 1.5
04:03:03.252  Resetting runSpeed to 270 for actor: Javelin_Trilobyte_7B9F1E30 from walkSpeed: 180 x 1.5
04:03:03.261  run mod => 1.5 from CBTBE_RunMultiMod: 0 + modConfig: 1.5
04:03:03.261  Resetting runSpeed to 270 for actor: Javelin_Trilobyte_7B9F1E30 from walkSpeed: 180 x 1.5
04:03:03.270  run mod => 1.5 from CBTBE_RunMultiMod: 0 + modConfig: 1.5
04:03:03.270  Resetting runSpeed to 270 for actor: Javelin_Trilobyte_7B9F1E30 from walkSpeed: 180 x 1.5
04:03:03.282  run mod => 1.5 from CBTBE_RunMultiMod: 0 + modConfig: 1.5
04:03:03.282  Resetting runSpeed to 270 for actor: Javelin_Trilobyte_7B9F1E30 from walkSpeed: 180 x 1.5
04:03:03.291  run mod => 1.5 from CBTBE_RunMultiMod: 0 + modConfig: 1.5
04:03:03.291  Resetting runSpeed to 270 for actor: Javelin_Trilobyte_7B9F1E30 from walkSpeed: 180 x 1.5
04:03:03.299  run mod => 1.5 from CBTBE_RunMultiMod: 0 + modConfig: 1.5
04:03:03.299  Resetting runSpeed to 270 for actor: Javelin_Trilobyte_7B9F1E30 from walkSpeed: 180 x 1.5
04:03:03.308  run mod => 1.5 from CBTBE_RunMultiMod: 0 + modConfig: 1.5
04:03:03.308  Resetting runSpeed to 270 for actor: Javelin_Trilobyte_7B9F1E30 from walkSpeed: 180 x 1.5
04:03:03.316  run mod => 1.5 from CBTBE_RunMultiMod: 0 + modConfig: 1.5
04:03:03.316  Resetting runSpeed to 270 for actor: Javelin_Trilobyte_7B9F1E30 from walkSpeed: 180 x 1.5
04:03:03.326  run mod => 1.5 from CBTBE_RunMultiMod: 0 + modConfig: 1.5
04:03:03.326  Resetting runSpeed to 270 for actor: Javelin_Trilobyte_7B9F1E30 from walkSpeed: 180 x 1.5
04:03:03.334  run mod => 1.5 from CBTBE_RunMultiMod: 0 + modConfig: 1.5
04:03:03.334  Resetting runSpeed to 270 for actor: Javelin_Trilobyte_7B9F1E30 from walkSpeed: 180 x 1.5
04:03:03.345  run mod => 1.5 from CBTBE_RunMultiMod: 0 + modConfig: 1.5
04:03:03.345  Resetting runSpeed to 270 for actor: Javelin_Trilobyte_7B9F1E30 from walkSpeed: 180 x 1.5
04:03:03.355  run mod => 1.5 from CBTBE_RunMultiMod: 0 + modConfig: 1.5
04:03:03.355  Resetting runSpeed to 270 for actor: Javelin_Trilobyte_7B9F1E30 from walkSpeed: 180 x 1.5
04:03:03.364  run mod => 1.5 from CBTBE_RunMultiMod: 0 + modConfig: 1.5
04:03:03.364  Resetting runSpeed to 270 for actor: Javelin_Trilobyte_7B9F1E30 from walkSpeed: 180 x 1.5
04:03:03.373  run mod => 1.5 from CBTBE_RunMultiMod: 0 + modConfig: 1.5
04:03:03.373  Resetting runSpeed to 270 for actor: Javelin_Trilobyte_7B9F1E30 from walkSpeed: 180 x 1.5
04:03:03.385  run mod => 1.5 from CBTBE_RunMultiMod: 0 + modConfig: 1.5
04:03:03.385  Resetting runSpeed to 270 for actor: Javelin_Trilobyte_7B9F1E30 from walkSpeed: 180 x 1.5
04:03:03.395  run mod => 1.5 from CBTBE_RunMultiMod: 0 + modConfig: 1.5
04:03:03.395  Resetting runSpeed to 270 for actor: Javelin_Trilobyte_7B9F1E30 from walkSpeed: 180 x 1.5
04:03:03.403  run mod => 1.5 from CBTBE_RunMultiMod: 0 + modConfig: 1.5
04:03:03.403  Resetting runSpeed to 270 for actor: Javelin_Trilobyte_7B9F1E30 from walkSpeed: 180 x 1.5
04:03:03.412  run mod => 1.5 from CBTBE_RunMultiMod: 0 + modConfig: 1.5
04:03:03.412  Resetting runSpeed to 270 for actor: Javelin_Trilobyte_7B9F1E30 from walkSpeed: 180 x 1.5
04:03:03.423  run mod => 1.5 from CBTBE_RunMultiMod: 0 + modConfig: 1.5
04:03:03.423  Resetting runSpeed to 270 for actor: Javelin_Trilobyte_7B9F1E30 from walkSpeed: 180 x 1.5
04:03:03.431  run mod => 1.5 from CBTBE_RunMultiMod: 0 + modConfig: 1.5
04:03:03.431  Resetting runSpeed to 270 for actor: Javelin_Trilobyte_7B9F1E30 from walkSpeed: 180 x 1.5
04:03:03.442  run mod => 1.5 from CBTBE_RunMultiMod: 0 + modConfig: 1.5
04:03:03.442  Resetting runSpeed to 270 for actor: Javelin_Trilobyte_7B9F1E30 from walkSpeed: 180 x 1.5
04:03:03.453  run mod => 1.5 from CBTBE_RunMultiMod: 0 + modConfig: 1.5
04:03:03.453  Resetting runSpeed to 270 for actor: Javelin_Trilobyte_7B9F1E30 from walkSpeed: 180 x 1.5
04:03:03.462  run mod => 1.5 from CBTBE_RunMultiMod: 0 + modConfig: 1.5
04:03:03.462  Resetting runSpeed to 270 for actor: Javelin_Trilobyte_7B9F1E30 from walkSpeed: 180 x 1.5
04:03:03.473  run mod => 1.5 from CBTBE_RunMultiMod: 0 + modConfig: 1.5
04:03:03.474  Resetting runSpeed to 270 for actor: Javelin_Trilobyte_7B9F1E30 from walkSpeed: 180 x 1.5
04:03:03.486  run mod => 1.5 from CBTBE_RunMultiMod: 0 + modConfig: 1.5
04:03:03.486  Resetting runSpeed to 270 for actor: Javelin_Trilobyte_7B9F1E30 from walkSpeed: 180 x 1.5
04:03:03.494  run mod => 1.5 from CBTBE_RunMultiMod: 0 + modConfig: 1.5
04:03:03.494  Resetting runSpeed to 270 for actor: Javelin_Trilobyte_7B9F1E30 from walkSpeed: 180 x 1.5
04:03:03.505  run mod => 1.5 from CBTBE_RunMultiMod: 0 + modConfig: 1.5
04:03:03.505  Resetting runSpeed to 270 for actor: Javelin_Trilobyte_7B9F1E30 from walkSpeed: 180 x 1.5
04:03:03.518  run mod => 1.5 from CBTBE_RunMultiMod: 0 + modConfig: 1.5
04:03:03.518  Resetting runSpeed to 270 for actor: Javelin_Trilobyte_7B9F1E30 from walkSpeed: 180 x 1.5
04:03:03.530  run mod => 1.5 from CBTBE_RunMultiMod: 0 + modConfig: 1.5
04:03:03.530  Resetting runSpeed to 270 for actor: Javelin_Trilobyte_7B9F1E30 from walkSpeed: 180 x 1.5
04:03:03.540  run mod => 1.5 from CBTBE_RunMultiMod: 0 + modConfig: 1.5
04:03:03.540  Resetting runSpeed to 270 for actor: Javelin_Trilobyte_7B9F1E30 from walkSpeed: 180 x 1.5
04:03:03.552  run mod => 1.5 from CBTBE_RunMultiMod: 0 + modConfig: 1.5
04:03:03.552  Resetting runSpeed to 270 for actor: Javelin_Trilobyte_7B9F1E30 from walkSpeed: 180 x 1.5
04:03:03.562  run mod => 1.5 from CBTBE_RunMultiMod: 0 + modConfig: 1.5
04:03:03.562  Resetting runSpeed to 270 for actor: Javelin_Trilobyte_7B9F1E30 from walkSpeed: 180 x 1.5
04:03:03.570  run mod => 1.5 from CBTBE_RunMultiMod: 0 + modConfig: 1.5
04:03:03.570  Resetting runSpeed to 270 for actor: Javelin_Trilobyte_7B9F1E30 from walkSpeed: 180 x 1.5
04:03:03.579  run mod => 1.5 from CBTBE_RunMultiMod: 0 + modConfig: 1.5
04:03:03.579  Resetting runSpeed to 270 for actor: Javelin_Trilobyte_7B9F1E30 from walkSpeed: 180 x 1.5
04:03:03.588  run mod => 1.5 from CBTBE_RunMultiMod: 0 + modConfig: 1.5
04:03:03.588  Resetting runSpeed to 270 for actor: Javelin_Trilobyte_7B9F1E30 from walkSpeed: 180 x 1.5
04:03:03.600  run mod => 1.5 from CBTBE_RunMultiMod: 0 + modConfig: 1.5
04:03:03.600  Resetting runSpeed to 270 for actor: Javelin_Trilobyte_7B9F1E30 from walkSpeed: 180 x 1.5
04:03:03.611  run mod => 1.5 from CBTBE_RunMultiMod: 0 + modConfig: 1.5
04:03:03.611  Resetting runSpeed to 270 for actor: Javelin_Trilobyte_7B9F1E30 from walkSpeed: 180 x 1.5
04:03:03.619  run mod => 1.5 from CBTBE_RunMultiMod: 0 + modConfig: 1.5
04:03:03.619  Resetting runSpeed to 270 for actor: Javelin_Trilobyte_7B9F1E30 from walkSpeed: 180 x 1.5
04:03:03.633  run mod => 1.5 from CBTBE_RunMultiMod: 0 + modConfig: 1.5
04:03:03.633  Resetting runSpeed to 270 for actor: Javelin_Trilobyte_7B9F1E30 from walkSpeed: 180 x 1.5
04:03:03.642  run mod => 1.5 from CBTBE_RunMultiMod: 0 + modConfig: 1.5
04:03:03.642  Resetting runSpeed to 270 for actor: Javelin_Trilobyte_7B9F1E30 from walkSpeed: 180 x 1.5
04:03:03.651  run mod => 1.5 from CBTBE_RunMultiMod: 0 + modConfig: 1.5
04:03:03.651  Resetting runSpeed to 270 for actor: Javelin_Trilobyte_7B9F1E30 from walkSpeed: 180 x 1.5
04:03:03.660  run mod => 1.5 from CBTBE_RunMultiMod: 0 + modConfig: 1.5
04:03:03.660  Resetting runSpeed to 270 for actor: Javelin_Trilobyte_7B9F1E30 from walkSpeed: 180 x 1.5
04:03:03.669  run mod => 1.5 from CBTBE_RunMultiMod: 0 + modConfig: 1.5
04:03:03.669  Resetting runSpeed to 270 for actor: Javelin_Trilobyte_7B9F1E30 from walkSpeed: 180 x 1.5
04:03:03.678  run mod => 1.5 from CBTBE_RunMultiMod: 0 + modConfig: 1.5
04:03:03.678  Resetting runSpeed to 270 for actor: Javelin_Trilobyte_7B9F1E30 from walkSpeed: 180 x 1.5
04:03:03.686  run mod => 1.5 from CBTBE_RunMultiMod: 0 + modConfig: 1.5
04:03:03.686  Resetting runSpeed to 270 for actor: Javelin_Trilobyte_7B9F1E30 from walkSpeed: 180 x 1.5
04:03:03.694  run mod => 1.5 from CBTBE_RunMultiMod: 0 + modConfig: 1.5
04:03:03.694  Resetting runSpeed to 270 for actor: Javelin_Trilobyte_7B9F1E30 from walkSpeed: 180 x 1.5
04:03:03.703  run mod => 1.5 from CBTBE_RunMultiMod: 0 + modConfig: 1.5
04:03:03.703  Resetting runSpeed to 270 for actor: Javelin_Trilobyte_7B9F1E30 from walkSpeed: 180 x 1.5
04:03:03.711  run mod => 1.5 from CBTBE_RunMultiMod: 0 + modConfig: 1.5
04:03:03.711  Resetting runSpeed to 270 for actor: Javelin_Trilobyte_7B9F1E30 from walkSpeed: 180 x 1.5
04:03:03.720  run mod => 1.5 from CBTBE_RunMultiMod: 0 + modConfig: 1.5
04:03:03.720  Resetting runSpeed to 270 for actor: Javelin_Trilobyte_7B9F1E30 from walkSpeed: 180 x 1.5
04:03:03.728  run mod => 1.5 from CBTBE_RunMultiMod: 0 + modConfig: 1.5
04:03:03.728  Resetting runSpeed to 270 for actor: Javelin_Trilobyte_7B9F1E30 from walkSpeed: 180 x 1.5
04:03:03.736  run mod => 1.5 from CBTBE_RunMultiMod: 0 + modConfig: 1.5
04:03:03.736  Resetting runSpeed to 270 for actor: Javelin_Trilobyte_7B9F1E30 from walkSpeed: 180 x 1.5
04:03:03.745  run mod => 1.5 from CBTBE_RunMultiMod: 0 + modConfig: 1.5
04:03:03.745  Resetting runSpeed to 270 for actor: Javelin_Trilobyte_7B9F1E30 from walkSpeed: 180 x 1.5
04:03:03.753  run mod => 1.5 from CBTBE_RunMultiMod: 0 + modConfig: 1.5
04:03:03.753  Resetting runSpeed to 270 for actor: Javelin_Trilobyte_7B9F1E30 from walkSpeed: 180 x 1.5
04:03:03.762  run mod => 1.5 from CBTBE_RunMultiMod: 0 + modConfig: 1.5
04:03:03.762  Resetting runSpeed to 270 for actor: Javelin_Trilobyte_7B9F1E30 from walkSpeed: 180 x 1.5
04:03:03.770  run mod => 1.5 from CBTBE_RunMultiMod: 0 + modConfig: 1.5
04:03:03.771  Resetting runSpeed to 270 for actor: Javelin_Trilobyte_7B9F1E30 from walkSpeed: 180 x 1.5
04:03:03.779  run mod => 1.5 from CBTBE_RunMultiMod: 0 + modConfig: 1.5
04:03:03.779  Resetting runSpeed to 270 for actor: Javelin_Trilobyte_7B9F1E30 from walkSpeed: 180 x 1.5
04:03:03.787  run mod => 1.5 from CBTBE_RunMultiMod: 0 + modConfig: 1.5
04:03:03.787  Resetting runSpeed to 270 for actor: Javelin_Trilobyte_7B9F1E30 from walkSpeed: 180 x 1.5
04:03:03.795  run mod => 1.5 from CBTBE_RunMultiMod: 0 + modConfig: 1.5
04:03:03.795  Resetting runSpeed to 270 for actor: Javelin_Trilobyte_7B9F1E30 from walkSpeed: 180 x 1.5
04:03:03.804  run mod => 1.5 from CBTBE_RunMultiMod: 0 + modConfig: 1.5
04:03:03.804  Resetting runSpeed to 270 for actor: Javelin_Trilobyte_7B9F1E30 from walkSpeed: 180 x 1.5
04:03:03.813  run mod => 1.5 from CBTBE_RunMultiMod: 0 + modConfig: 1.5
04:03:03.813  Resetting runSpeed to 270 for actor: Javelin_Trilobyte_7B9F1E30 from walkSpeed: 180 x 1.5
04:03:03.821  run mod => 1.5 from CBTBE_RunMultiMod: 0 + modConfig: 1.5
04:03:03.821  Resetting runSpeed to 270 for actor: Javelin_Trilobyte_7B9F1E30 from walkSpeed: 180 x 1.5
04:03:03.829  run mod => 1.5 from CBTBE_RunMultiMod: 0 + modConfig: 1.5
04:03:03.829  Resetting runSpeed to 270 for actor: Javelin_Trilobyte_7B9F1E30 from walkSpeed: 180 x 1.5
04:03:03.838  run mod => 1.5 from CBTBE_RunMultiMod: 0 + modConfig: 1.5
04:03:03.838  Resetting runSpeed to 270 for actor: Javelin_Trilobyte_7B9F1E30 from walkSpeed: 180 x 1.5
04:03:03.847  run mod => 1.5 from CBTBE_RunMultiMod: 0 + modConfig: 1.5
04:03:03.847  Resetting runSpeed to 270 for actor: Javelin_Trilobyte_7B9F1E30 from walkSpeed: 180 x 1.5
04:03:03.854  run mod => 1.5 from CBTBE_RunMultiMod: 0 + modConfig: 1.5
04:03:03.854  Resetting runSpeed to 270 for actor: Javelin_Trilobyte_7B9F1E30 from walkSpeed: 180 x 1.5
04:03:03.866  run mod => 1.5 from CBTBE_RunMultiMod: 0 + modConfig: 1.5
04:03:03.866  Resetting runSpeed to 270 for actor: Javelin_Trilobyte_7B9F1E30 from walkSpeed: 180 x 1.5
04:03:03.875  run mod => 1.5 from CBTBE_RunMultiMod: 0 + modConfig: 1.5
04:03:03.875  Resetting runSpeed to 270 for actor: Javelin_Trilobyte_7B9F1E30 from walkSpeed: 180 x 1.5
04:03:03.883  run mod => 1.5 from CBTBE_RunMultiMod: 0 + modConfig: 1.5
04:03:03.883  Resetting runSpeed to 270 for actor: Javelin_Trilobyte_7B9F1E30 from walkSpeed: 180 x 1.5
04:03:03.891  run mod => 1.5 from CBTBE_RunMultiMod: 0 + modConfig: 1.5
04:03:03.891  Resetting runSpeed to 270 for actor: Javelin_Trilobyte_7B9F1E30 from walkSpeed: 180 x 1.5
04:03:03.900  run mod => 1.5 from CBTBE_RunMultiMod: 0 + modConfig: 1.5
04:03:03.900  Resetting runSpeed to 270 for actor: Javelin_Trilobyte_7B9F1E30 from walkSpeed: 180 x 1.5
04:03:03.908  run mod => 1.5 from CBTBE_RunMultiMod: 0 + modConfig: 1.5
04:03:03.908  Resetting runSpeed to 270 for actor: Javelin_Trilobyte_7B9F1E30 from walkSpeed: 180 x 1.5
04:03:03.916  run mod => 1.5 from CBTBE_RunMultiMod: 0 + modConfig: 1.5
04:03:03.916  Resetting runSpeed to 270 for actor: Javelin_Trilobyte_7B9F1E30 from walkSpeed: 180 x 1.5
04:03:03.925  run mod => 1.5 from CBTBE_RunMultiMod: 0 + modConfig: 1.5
04:03:03.925  Resetting runSpeed to 270 for actor: Javelin_Trilobyte_7B9F1E30 from walkSpeed: 180 x 1.5
04:03:03.932  run mod => 1.5 from CBTBE_RunMultiMod: 0 + modConfig: 1.5
04:03:03.932  Resetting runSpeed to 270 for actor: Javelin_Trilobyte_7B9F1E30 from walkSpeed: 180 x 1.5
04:03:03.941  run mod => 1.5 from CBTBE_RunMultiMod: 0 + modConfig: 1.5
04:03:03.941  Resetting runSpeed to 270 for actor: Javelin_Trilobyte_7B9F1E30 from walkSpeed: 180 x 1.5
04:03:03.949  run mod => 1.5 from CBTBE_RunMultiMod: 0 + modConfig: 1.5
04:03:03.949  Resetting runSpeed to 270 for actor: Javelin_Trilobyte_7B9F1E30 from walkSpeed: 180 x 1.5
04:03:03.957  run mod => 1.5 from CBTBE_RunMultiMod: 0 + modConfig: 1.5
04:03:03.957  Resetting runSpeed to 270 for actor: Javelin_Trilobyte_7B9F1E30 from walkSpeed: 180 x 1.5
04:03:03.966  run mod => 1.5 from CBTBE_RunMultiMod: 0 + modConfig: 1.5
04:03:03.966  Resetting runSpeed to 270 for actor: Javelin_Trilobyte_7B9F1E30 from walkSpeed: 180 x 1.5
04:03:03.974  run mod => 1.5 from CBTBE_RunMultiMod: 0 + modConfig: 1.5
04:03:03.974  Resetting runSpeed to 270 for actor: Javelin_Trilobyte_7B9F1E30 from walkSpeed: 180 x 1.5
04:03:03.983  run mod => 1.5 from CBTBE_RunMultiMod: 0 + modConfig: 1.5
04:03:03.983  Resetting runSpeed to 270 for actor: Javelin_Trilobyte_7B9F1E30 from walkSpeed: 180 x 1.5
04:03:03.991  run mod => 1.5 from CBTBE_RunMultiMod: 0 + modConfig: 1.5
04:03:03.991  Resetting runSpeed to 270 for actor: Javelin_Trilobyte_7B9F1E30 from walkSpeed: 180 x 1.5
04:03:04.000  run mod => 1.5 from CBTBE_RunMultiMod: 0 + modConfig: 1.5
04:03:04.000  Resetting runSpeed to 270 for actor: Javelin_Trilobyte_7B9F1E30 from walkSpeed: 180 x 1.5
04:03:04.008  run mod => 1.5 from CBTBE_RunMultiMod: 0 + modConfig: 1.5
04:03:04.008  Resetting runSpeed to 270 for actor: Javelin_Trilobyte_7B9F1E30 from walkSpeed: 180 x 1.5
04:03:04.016  run mod => 1.5 from CBTBE_RunMultiMod: 0 + modConfig: 1.5
04:03:04.016  Resetting runSpeed to 270 for actor: Javelin_Trilobyte_7B9F1E30 from walkSpeed: 180 x 1.5
04:03:04.024  run mod => 1.5 from CBTBE_RunMultiMod: 0 + modConfig: 1.5
04:03:04.024  Resetting runSpeed to 270 for actor: Javelin_Trilobyte_7B9F1E30 from walkSpeed: 180 x 1.5
04:03:04.032  run mod => 1.5 from CBTBE_RunMultiMod: 0 + modConfig: 1.5
04:03:04.032  Resetting runSpeed to 270 for actor: Javelin_Trilobyte_7B9F1E30 from walkSpeed: 180 x 1.5
04:03:04.041  run mod => 1.5 from CBTBE_RunMultiMod: 0 + modConfig: 1.5
04:03:04.041  Resetting runSpeed to 270 for actor: Javelin_Trilobyte_7B9F1E30 from walkSpeed: 180 x 1.5
04:03:04.049  run mod => 1.5 from CBTBE_RunMultiMod: 0 + modConfig: 1.5
04:03:04.049  Resetting runSpeed to 270 for actor: Javelin_Trilobyte_7B9F1E30 from walkSpeed: 180 x 1.5
04:03:04.057  run mod => 1.5 from CBTBE_RunMultiMod: 0 + modConfig: 1.5
04:03:04.057  Resetting runSpeed to 270 for actor: Javelin_Trilobyte_7B9F1E30 from walkSpeed: 180 x 1.5
04:03:04.066  run mod => 1.5 from CBTBE_RunMultiMod: 0 + modConfig: 1.5
04:03:04.066  Resetting runSpeed to 270 for actor: Javelin_Trilobyte_7B9F1E30 from walkSpeed: 180 x 1.5
04:03:04.073  run mod => 1.5 from CBTBE_RunMultiMod: 0 + modConfig: 1.5
04:03:04.073  Resetting runSpeed to 270 for actor: Javelin_Trilobyte_7B9F1E30 from walkSpeed: 180 x 1.5
04:03:04.082  run mod => 1.5 from CBTBE_RunMultiMod: 0 + modConfig: 1.5
04:03:04.082  Resetting runSpeed to 270 for actor: Javelin_Trilobyte_7B9F1E30 from walkSpeed: 180 x 1.5
04:03:04.089  run mod => 1.5 from CBTBE_RunMultiMod: 0 + modConfig: 1.5
04:03:04.089  Resetting runSpeed to 270 for actor: Javelin_Trilobyte_7B9F1E30 from walkSpeed: 180 x 1.5
04:03:04.099  run mod => 1.5 from CBTBE_RunMultiMod: 0 + modConfig: 1.5
04:03:04.099  Resetting runSpeed to 270 for actor: Javelin_Trilobyte_7B9F1E30 from walkSpeed: 180 x 1.5
04:03:04.106  run mod => 1.5 from CBTBE_RunMultiMod: 0 + modConfig: 1.5
04:03:04.106  Resetting runSpeed to 270 for actor: Javelin_Trilobyte_7B9F1E30 from walkSpeed: 180 x 1.5
04:03:04.115  run mod => 1.5 from CBTBE_RunMultiMod: 0 + modConfig: 1.5
04:03:04.115  Resetting runSpeed to 270 for actor: Javelin_Trilobyte_7B9F1E30 from walkSpeed: 180 x 1.5
04:03:04.122  run mod => 1.5 from CBTBE_RunMultiMod: 0 + modConfig: 1.5
04:03:04.122  Resetting runSpeed to 270 for actor: Javelin_Trilobyte_7B9F1E30 from walkSpeed: 180 x 1.5
04:03:04.132  run mod => 1.5 from CBTBE_RunMultiMod: 0 + modConfig: 1.5
04:03:04.132  Resetting runSpeed to 270 for actor: Javelin_Trilobyte_7B9F1E30 from walkSpeed: 180 x 1.5
04:03:04.138  run mod => 1.5 from CBTBE_RunMultiMod: 0 + modConfig: 1.5
04:03:04.138  Resetting runSpeed to 270 for actor: Javelin_Trilobyte_7B9F1E30 from walkSpeed: 180 x 1.5
04:03:04.148  run mod => 1.5 from CBTBE_RunMultiMod: 0 + modConfig: 1.5
04:03:04.148  Resetting runSpeed to 270 for actor: Javelin_Trilobyte_7B9F1E30 from walkSpeed: 180 x 1.5
04:03:04.155  run mod => 1.5 from CBTBE_RunMultiMod: 0 + modConfig: 1.5
04:03:04.155  Resetting runSpeed to 270 for actor: Javelin_Trilobyte_7B9F1E30 from walkSpeed: 180 x 1.5
04:03:04.165  run mod => 1.5 from CBTBE_RunMultiMod: 0 + modConfig: 1.5
04:03:04.165  Resetting runSpeed to 270 for actor: Javelin_Trilobyte_7B9F1E30 from walkSpeed: 180 x 1.5
04:03:04.171  run mod => 1.5 from CBTBE_RunMultiMod: 0 + modConfig: 1.5
04:03:04.172  Resetting runSpeed to 270 for actor: Javelin_Trilobyte_7B9F1E30 from walkSpeed: 180 x 1.5
04:03:04.181  run mod => 1.5 from CBTBE_RunMultiMod: 0 + modConfig: 1.5
04:03:04.181  Resetting runSpeed to 270 for actor: Javelin_Trilobyte_7B9F1E30 from walkSpeed: 180 x 1.5
04:03:04.188  run mod => 1.5 from CBTBE_RunMultiMod: 0 + modConfig: 1.5
04:03:04.188  Resetting runSpeed to 270 for actor: Javelin_Trilobyte_7B9F1E30 from walkSpeed: 180 x 1.5
04:03:04.198  run mod => 1.5 from CBTBE_RunMultiMod: 0 + modConfig: 1.5
04:03:04.198  Resetting runSpeed to 270 for actor: Javelin_Trilobyte_7B9F1E30 from walkSpeed: 180 x 1.5
04:03:04.205  run mod => 1.5 from CBTBE_RunMultiMod: 0 + modConfig: 1.5
04:03:04.205  Resetting runSpeed to 270 for actor: Javelin_Trilobyte_7B9F1E30 from walkSpeed: 180 x 1.5
04:03:04.215  run mod => 1.5 from CBTBE_RunMultiMod: 0 + modConfig: 1.5
04:03:04.215  Resetting runSpeed to 270 for actor: Javelin_Trilobyte_7B9F1E30 from walkSpeed: 180 x 1.5
04:03:04.222  run mod => 1.5 from CBTBE_RunMultiMod: 0 + modConfig: 1.5
04:03:04.222  Resetting runSpeed to 270 for actor: Javelin_Trilobyte_7B9F1E30 from walkSpeed: 180 x 1.5
04:03:04.231  run mod => 1.5 from CBTBE_RunMultiMod: 0 + modConfig: 1.5
04:03:04.231  Resetting runSpeed to 270 for actor: Javelin_Trilobyte_7B9F1E30 from walkSpeed: 180 x 1.5
04:03:04.239  run mod => 1.5 from CBTBE_RunMultiMod: 0 + modConfig: 1.5
04:03:04.239  Resetting runSpeed to 270 for actor: Javelin_Trilobyte_7B9F1E30 from walkSpeed: 180 x 1.5
04:03:04.248  run mod => 1.5 from CBTBE_RunMultiMod: 0 + modConfig: 1.5
04:03:04.248  Resetting runSpeed to 270 for actor: Javelin_Trilobyte_7B9F1E30 from walkSpeed: 180 x 1.5
04:03:04.255  run mod => 1.5 from CBTBE_RunMultiMod: 0 + modConfig: 1.5
04:03:04.255  Resetting runSpeed to 270 for actor: Javelin_Trilobyte_7B9F1E30 from walkSpeed: 180 x 1.5
04:03:04.265  run mod => 1.5 from CBTBE_RunMultiMod: 0 + modConfig: 1.5
04:03:04.265  Resetting runSpeed to 270 for actor: Javelin_Trilobyte_7B9F1E30 from walkSpeed: 180 x 1.5
04:03:04.271  run mod => 1.5 from CBTBE_RunMultiMod: 0 + modConfig: 1.5
04:03:04.271  Resetting runSpeed to 270 for actor: Javelin_Trilobyte_7B9F1E30 from walkSpeed: 180 x 1.5
04:03:04.281  run mod => 1.5 from CBTBE_RunMultiMod: 0 + modConfig: 1.5
04:03:04.281  Resetting runSpeed to 270 for actor: Javelin_Trilobyte_7B9F1E30 from walkSpeed: 180 x 1.5
04:03:04.289  run mod => 1.5 from CBTBE_RunMultiMod: 0 + modConfig: 1.5
04:03:04.289  Resetting runSpeed to 270 for actor: Javelin_Trilobyte_7B9F1E30 from walkSpeed: 180 x 1.5
